

================================================================
== Vivado HLS Report for 'VMRouter_1_s'
================================================================
* Date:           Mon Sep 18 17:38:51 2017

* Version:        2017.2 (Build 1909853 on Thu Jun 15 18:55:24 MDT 2017)
* Project:        vmrouter_2
* Solution:       solution2-nodependencies
* Product family: virtex7
* Target device:  xc7vx690tffg1927-2


================================================================
== Performance Estimates
================================================================
+ Timing (ns): 
    * Summary: 
    +--------+-------+----------+------------+
    |  Clock | Target| Estimated| Uncertainty|
    +--------+-------+----------+------------+
    |ap_clk  |   4.00|      3.42|        0.50|
    +--------+-------+----------+------------+

+ Latency (clock cycles): 
    * Summary: 
    +-----+-----+-----+-----+---------+
    |  Latency  |  Interval | Pipeline|
    | min | max | min | max |   Type  |
    +-----+-----+-----+-----+---------+
    |    6|   69|    6|   69|   none  |
    +-----+-----+-----+-----+---------+

    + Detail: 
        * Instance: 
        N/A

        * Loop: 
        +------------+-----+-----+----------+-----------+-----------+--------+----------+
        |            |  Latency  | Iteration|  Initiation Interval  |  Trip  |          |
        |  Loop Name | min | max |  Latency |  achieved |   target  |  Count | Pipelined|
        +------------+-----+-----+----------+-----------+-----------+--------+----------+
        |- STUBLOOP  |    4|   67|         5|          1|          1| 1 ~ 64 |    yes   |
        +------------+-----+-----+----------+-----------+-----------+--------+----------+

============================================================
+ Verbose Summary: Synthesis Manager
============================================================
InlineROM: 1
ExposeGlobal: 0
============================================================
+ Verbose Summary: CDFG Model
============================================================
IsTopModel: 0
ResetActiveHigh: 1
IsCombinational: 0
IsDatapathOnly: 0
HasWiredReturn: 1
HasMFsm: 0
HasVarLatency: 1
IsPipeline: 0
IsRtlPipelined: 0
IsInstanceOverlapped: 0
IsDontTouch: 0
HasImplIP: 0
IsGatedGlobalClock: 0

+ Individual pipeline summary: 
  * Pipeline-0: initiation interval (II) = 1, depth = 5


============================================================
+ Verbose Summary: Schedule
============================================================
* Number of FSM states: 7
* Pipeline: 1
  Pipeline-0: II = 1, D = 5, States = { 2 3 4 5 6 }
* Dataflow Pipeline: 0

* FSM state transitions: 
1 --> 
	2  / true
2 --> 
	7  / (tmp_119) | (!tmp_119 & !tmp_s)
	3  / (!tmp_119 & tmp_s)
3 --> 
	4  / true
4 --> 
	5  / true
5 --> 
	6  / true
6 --> 
	2  / true
7 --> 
* FSM state operations: 

 <State 1>: 0.84ns
ST_1: nPH4Z2_V (74)  [1/1] 0.00ns
:0  %nPH4Z2_V = alloca i6

ST_1: nPH3Z2_V (75)  [1/1] 0.00ns
:1  %nPH3Z2_V = alloca i6

ST_1: nPH2Z2_V (76)  [1/1] 0.00ns
:2  %nPH2Z2_V = alloca i6

ST_1: nPH1Z2_V (77)  [1/1] 0.00ns
:3  %nPH1Z2_V = alloca i6

ST_1: nPH4Z1_V (78)  [1/1] 0.00ns
:4  %nPH4Z1_V = alloca i6

ST_1: nPH3Z1_V (79)  [1/1] 0.00ns
:5  %nPH3Z1_V = alloca i6

ST_1: nPH2Z1_V (80)  [1/1] 0.00ns
:6  %nPH2Z1_V = alloca i6

ST_1: nPH1Z1_V (81)  [1/1] 0.00ns
:7  %nPH1Z1_V = alloca i6

ST_1: nPH4Z2_V_read_3 (82)  [1/1] 0.00ns
:8  %nPH4Z2_V_read_3 = call i6 @_ssdm_op_Read.ap_auto.i6(i6 %nPH4Z2_V_read)

ST_1: nPH3Z2_V_read_3 (83)  [1/1] 0.00ns
:9  %nPH3Z2_V_read_3 = call i6 @_ssdm_op_Read.ap_auto.i6(i6 %nPH3Z2_V_read)

ST_1: nPH2Z2_V_read_3 (84)  [1/1] 0.00ns
:10  %nPH2Z2_V_read_3 = call i6 @_ssdm_op_Read.ap_auto.i6(i6 %nPH2Z2_V_read)

ST_1: nPH1Z2_V_read_3 (85)  [1/1] 0.00ns
:11  %nPH1Z2_V_read_3 = call i6 @_ssdm_op_Read.ap_auto.i6(i6 %nPH1Z2_V_read)

ST_1: nPH4Z1_V_read_3 (86)  [1/1] 0.00ns
:12  %nPH4Z1_V_read_3 = call i6 @_ssdm_op_Read.ap_auto.i6(i6 %nPH4Z1_V_read)

ST_1: nPH3Z1_V_read_3 (87)  [1/1] 0.00ns
:13  %nPH3Z1_V_read_3 = call i6 @_ssdm_op_Read.ap_auto.i6(i6 %nPH3Z1_V_read)

ST_1: nPH2Z1_V_read22 (88)  [1/1] 0.00ns
:14  %nPH2Z1_V_read22 = call i6 @_ssdm_op_Read.ap_auto.i6(i6 %nPH2Z1_V_read)

ST_1: nPH1Z1_V_read21 (89)  [1/1] 0.00ns
:15  %nPH1Z1_V_read21 = call i6 @_ssdm_op_Read.ap_auto.i6(i6 %nPH1Z1_V_read)

ST_1: nStubs_read (90)  [1/1] 0.00ns
:16  %nStubs_read = call i32 @_ssdm_op_Read.ap_auto.i32(i32 %nStubs)

ST_1: tmp_19_read (91)  [1/1] 0.00ns
:17  %tmp_19_read = call i9 @_ssdm_op_Read.ap_auto.i9(i9 %tmp_19)

ST_1: tmp_18_read (92)  [1/1] 0.00ns
:18  %tmp_18_read = call i9 @_ssdm_op_Read.ap_auto.i9(i9 %tmp_18)

ST_1: tmp_17_read (93)  [1/1] 0.00ns
:19  %tmp_17_read = call i9 @_ssdm_op_Read.ap_auto.i9(i9 %tmp_17)

ST_1: tmp_16_read (94)  [1/1] 0.00ns
:20  %tmp_16_read = call i9 @_ssdm_op_Read.ap_auto.i9(i9 %tmp_16)

ST_1: tmp_15_read (95)  [1/1] 0.00ns
:21  %tmp_15_read = call i9 @_ssdm_op_Read.ap_auto.i9(i9 %tmp_15)

ST_1: tmp_14_read (96)  [1/1] 0.00ns
:22  %tmp_14_read = call i9 @_ssdm_op_Read.ap_auto.i9(i9 %tmp_14)

ST_1: tmp_13_read (97)  [1/1] 0.00ns
:23  %tmp_13_read = call i9 @_ssdm_op_Read.ap_auto.i9(i9 %tmp_13)

ST_1: tmp_12_read (98)  [1/1] 0.00ns
:24  %tmp_12_read = call i9 @_ssdm_op_Read.ap_auto.i9(i9 %tmp_12)

ST_1: tmp_11_read (99)  [1/1] 0.00ns
:25  %tmp_11_read = call i9 @_ssdm_op_Read.ap_auto.i9(i9 %tmp_11)

ST_1: tmp_1_read (100)  [1/1] 0.00ns
:26  %tmp_1_read = call i9 @_ssdm_op_Read.ap_auto.i9(i9 %tmp_1)

ST_1: tmp (101)  [1/1] 0.00ns
:27  %tmp = trunc i9 %tmp_1_read to i6

ST_1: tmp_100 (102)  [1/1] 0.00ns
:28  %tmp_100 = trunc i9 %tmp_11_read to i6

ST_1: tmp_101 (103)  [1/1] 0.00ns
:29  %tmp_101 = trunc i9 %tmp_16_read to i6

ST_1: tmp_102 (104)  [1/1] 0.00ns
:30  %tmp_102 = trunc i9 %tmp_17_read to i6

ST_1: tmp_103 (105)  [1/1] 0.00ns
:31  %tmp_103 = trunc i9 %tmp_18_read to i6

ST_1: tmp_104 (106)  [1/1] 0.00ns
:32  %tmp_104 = trunc i9 %tmp_19_read to i6

ST_1: tmp_105 (107)  [1/1] 0.00ns
:33  %tmp_105 = trunc i9 %tmp_12_read to i6

ST_1: tmp_106 (108)  [1/1] 0.00ns
:34  %tmp_106 = trunc i9 %tmp_13_read to i6

ST_1: tmp_107 (109)  [1/1] 0.00ns
:35  %tmp_107 = trunc i9 %tmp_14_read to i6

ST_1: tmp_108 (110)  [1/1] 0.00ns
:36  %tmp_108 = trunc i9 %tmp_15_read to i6

ST_1: tmp_109 (111)  [1/1] 0.00ns
:37  %tmp_109 = trunc i9 %tmp_1_read to i8

ST_1: tmp_110 (112)  [1/1] 0.00ns
:38  %tmp_110 = trunc i9 %tmp_11_read to i8

ST_1: tmp_111 (113)  [1/1] 0.00ns
:39  %tmp_111 = trunc i9 %tmp_16_read to i8

ST_1: tmp_112 (114)  [1/1] 0.00ns
:40  %tmp_112 = trunc i9 %tmp_17_read to i8

ST_1: tmp_113 (115)  [1/1] 0.00ns
:41  %tmp_113 = trunc i9 %tmp_18_read to i8

ST_1: tmp_114 (116)  [1/1] 0.00ns
:42  %tmp_114 = trunc i9 %tmp_19_read to i8

ST_1: tmp_115 (117)  [1/1] 0.00ns
:43  %tmp_115 = trunc i9 %tmp_12_read to i8

ST_1: tmp_116 (118)  [1/1] 0.00ns
:44  %tmp_116 = trunc i9 %tmp_13_read to i8

ST_1: tmp_117 (119)  [1/1] 0.00ns
:45  %tmp_117 = trunc i9 %tmp_14_read to i8

ST_1: tmp_118 (120)  [1/1] 0.00ns
:46  %tmp_118 = trunc i9 %tmp_15_read to i8

ST_1: StgValue_55 (121)  [1/1] 0.84ns  loc: ../TrackletAlgorithm/VMRouter.hh:28
:47  store i6 %nPH1Z1_V_read21, i6* %nPH1Z1_V

ST_1: StgValue_56 (122)  [1/1] 0.84ns  loc: ../TrackletAlgorithm/VMRouter.hh:28
:48  store i6 %nPH2Z1_V_read22, i6* %nPH2Z1_V

ST_1: StgValue_57 (123)  [1/1] 0.84ns  loc: ../TrackletAlgorithm/VMRouter.hh:29
:49  store i6 %nPH3Z1_V_read_3, i6* %nPH3Z1_V

ST_1: StgValue_58 (124)  [1/1] 0.84ns  loc: ../TrackletAlgorithm/VMRouter.hh:29
:50  store i6 %nPH4Z1_V_read_3, i6* %nPH4Z1_V

ST_1: StgValue_59 (125)  [1/1] 0.84ns  loc: ../TrackletAlgorithm/VMRouter.hh:30
:51  store i6 %nPH1Z2_V_read_3, i6* %nPH1Z2_V

ST_1: StgValue_60 (126)  [1/1] 0.84ns  loc: ../TrackletAlgorithm/VMRouter.hh:30
:52  store i6 %nPH2Z2_V_read_3, i6* %nPH2Z2_V

ST_1: StgValue_61 (127)  [1/1] 0.84ns  loc: ../TrackletAlgorithm/VMRouter.hh:31
:53  store i6 %nPH3Z2_V_read_3, i6* %nPH3Z2_V

ST_1: StgValue_62 (128)  [1/1] 0.84ns  loc: ../TrackletAlgorithm/VMRouter.hh:31
:54  store i6 %nPH4Z2_V_read_3, i6* %nPH4Z2_V

ST_1: StgValue_63 (129)  [1/1] 0.84ns  loc: ../TrackletAlgorithm/VMRouter.hh:35
:55  br label %1


 <State 2>: 2.93ns
ST_2: p_0 (131)  [1/1] 0.00ns
:0  %p_0 = phi i6 [ 0, %0 ], [ %index_V_3, %_ZrsILi12ELb0EE11ap_int_baseIXT_EXT0_EXleT_Li64EEERKS1_i.exit._crit_edge ]

ST_2: i (132)  [1/1] 0.00ns
:1  %i = phi i7 [ 0, %0 ], [ %i_3, %_ZrsILi12ELb0EE11ap_int_baseIXT_EXT0_EXleT_Li64EEERKS1_i.exit._crit_edge ]

ST_2: tmp_119 (133)  [1/1] 0.00ns  loc: ../TrackletAlgorithm/VMRouter.hh:35
:2  %tmp_119 = call i1 @_ssdm_op_BitSelect.i1.i7.i32(i7 %i, i32 6)

ST_2: i_3 (134)  [1/1] 1.36ns  loc: ../TrackletAlgorithm/VMRouter.hh:35
:3  %i_3 = add i7 %i, 1

ST_2: StgValue_68 (135)  [1/1] 0.00ns  loc: ../TrackletAlgorithm/VMRouter.hh:35
:4  br i1 %tmp_119, label %.loopexit, label %2

ST_2: i_cast4 (137)  [1/1] 0.00ns  loc: ../TrackletAlgorithm/VMRouter.hh:35
:0  %i_cast4 = zext i7 %i to i32

ST_2: empty (138)  [1/1] 0.00ns
:1  %empty = call i32 (...)* @_ssdm_op_SpecLoopTripCount(i64 1, i64 64, i64 32)

ST_2: StgValue_71 (139)  [1/1] 0.00ns  loc: ../TrackletAlgorithm/VMRouter.hh:36
:2  call void (...)* @_ssdm_op_SpecLoopName([9 x i8]* @p_str9) nounwind

ST_2: tmp_68 (140)  [1/1] 0.00ns  loc: ../TrackletAlgorithm/VMRouter.hh:36
:3  %tmp_68 = call i32 (...)* @_ssdm_op_SpecRegionBegin([9 x i8]* @p_str9)

ST_2: StgValue_73 (141)  [1/1] 0.00ns  loc: ../TrackletAlgorithm/VMRouter.hh:37
:4  call void (...)* @_ssdm_op_SpecPipeline(i32 1, i32 1, i32 1, i32 0, [1 x i8]* @p_str5) nounwind

ST_2: tmp_s (142)  [1/1] 1.69ns  loc: ../TrackletAlgorithm/VMRouter.hh:38
:5  %tmp_s = icmp slt i32 %i_cast4, %nStubs_read

ST_2: StgValue_75 (143)  [1/1] 0.00ns  loc: ../TrackletAlgorithm/VMRouter.hh:38
:6  br i1 %tmp_s, label %_ZrsILi12ELb0EE11ap_int_baseIXT_EXT0_EXleT_Li64EEERKS1_i.exit, label %.loopexit

ST_2: tmp_53_cast (145)  [1/1] 0.00ns  loc: ../TrackletAlgorithm/VMRouter.hh:35
_ZrsILi12ELb0EE11ap_int_baseIXT_EXT0_EXleT_Li64EEERKS1_i.exit:0  %tmp_53_cast = zext i7 %i to i8

ST_2: tmp_120 (146)  [1/1] 0.00ns  loc: ../TrackletAlgorithm/VMRouter.hh:35
_ZrsILi12ELb0EE11ap_int_baseIXT_EXT0_EXleT_Li64EEERKS1_i.exit:1  %tmp_120 = trunc i7 %i to i6

ST_2: sum (147)  [1/1] 1.36ns  loc: ../TrackletAlgorithm/VMRouter.hh:35
_ZrsILi12ELb0EE11ap_int_baseIXT_EXT0_EXleT_Li64EEERKS1_i.exit:2  %sum = add i8 %tmp_109, %tmp_53_cast

ST_2: arrayNo (148)  [1/1] 0.00ns  loc: ../TrackletAlgorithm/VMRouter.hh:35
_ZrsILi12ELb0EE11ap_int_baseIXT_EXT0_EXleT_Li64EEERKS1_i.exit:3  %arrayNo = call i2 @_ssdm_op_PartSelect.i2.i8.i32.i32(i8 %sum, i32 6, i32 7)

ST_2: newIndex (150)  [1/1] 1.36ns  loc: ../TrackletAlgorithm/VMRouter.hh:35
_ZrsILi12ELb0EE11ap_int_baseIXT_EXT0_EXleT_Li64EEERKS1_i.exit:5  %newIndex = add i6 %tmp, %tmp_120

ST_2: sum1 (171)  [1/1] 1.36ns  loc: ../TrackletAlgorithm/VMRouter.hh:35
_ZrsILi12ELb0EE11ap_int_baseIXT_EXT0_EXleT_Li64EEERKS1_i.exit:26  %sum1 = add i8 %tmp_110, %tmp_53_cast

ST_2: tmp_70 (172)  [1/1] 0.00ns  loc: ../TrackletAlgorithm/VMRouter.hh:35
_ZrsILi12ELb0EE11ap_int_baseIXT_EXT0_EXleT_Li64EEERKS1_i.exit:27  %tmp_70 = call i2 @_ssdm_op_PartSelect.i2.i8.i32.i32(i8 %sum1, i32 6, i32 7)

ST_2: newIndex40 (173)  [1/1] 1.36ns  loc: ../TrackletAlgorithm/VMRouter.hh:35
_ZrsILi12ELb0EE11ap_int_baseIXT_EXT0_EXleT_Li64EEERKS1_i.exit:28  %newIndex40 = add i6 %tmp_100, %tmp_120

ST_2: StgValue_84 (180)  [1/1] 1.57ns  loc: ../TrackletAlgorithm/VMRouter.hh:47
_ZrsILi12ELb0EE11ap_int_baseIXT_EXT0_EXleT_Li64EEERKS1_i.exit:35  switch i2 %tmp_70, label %branch8 [
    i2 0, label %branch0
    i2 1, label %branch1
    i2 -2, label %branch2
    i2 -1, label %branch3
  ]


 <State 3>: 2.27ns
ST_3: newIndex39 (151)  [1/1] 0.00ns  loc: ../TrackletAlgorithm/VMRouter.hh:35
_ZrsILi12ELb0EE11ap_int_baseIXT_EXT0_EXleT_Li64EEERKS1_i.exit:6  %newIndex39 = zext i6 %newIndex to i64

ST_3: stubsInLayer_0_data_5 (152)  [1/1] 0.00ns  loc: ../TrackletAlgorithm/VMRouter.hh:35
_ZrsILi12ELb0EE11ap_int_baseIXT_EXT0_EXleT_Li64EEERKS1_i.exit:7  %stubsInLayer_0_data_5 = getelementptr [64 x i36]* %stubsInLayer_0_data, i64 0, i64 %newIndex39

ST_3: stubsInLayer_0_data_6 (153)  [2/2] 2.27ns  loc: ../TrackletAlgorithm/VMRouter.hh:35
_ZrsILi12ELb0EE11ap_int_baseIXT_EXT0_EXleT_Li64EEERKS1_i.exit:8  %stubsInLayer_0_data_6 = load i36* %stubsInLayer_0_data_5, align 8

ST_3: stubsInLayer_1_data_5 (154)  [1/1] 0.00ns  loc: ../TrackletAlgorithm/VMRouter.hh:35
_ZrsILi12ELb0EE11ap_int_baseIXT_EXT0_EXleT_Li64EEERKS1_i.exit:9  %stubsInLayer_1_data_5 = getelementptr [64 x i36]* %stubsInLayer_1_data, i64 0, i64 %newIndex39

ST_3: stubsInLayer_1_data_6 (155)  [2/2] 2.27ns  loc: ../TrackletAlgorithm/VMRouter.hh:35
_ZrsILi12ELb0EE11ap_int_baseIXT_EXT0_EXleT_Li64EEERKS1_i.exit:10  %stubsInLayer_1_data_6 = load i36* %stubsInLayer_1_data_5, align 8

ST_3: stubsInLayer_2_data_5 (156)  [1/1] 0.00ns  loc: ../TrackletAlgorithm/VMRouter.hh:35
_ZrsILi12ELb0EE11ap_int_baseIXT_EXT0_EXleT_Li64EEERKS1_i.exit:11  %stubsInLayer_2_data_5 = getelementptr [64 x i36]* %stubsInLayer_2_data, i64 0, i64 %newIndex39

ST_3: stubsInLayer_2_data_6 (157)  [2/2] 2.27ns  loc: ../TrackletAlgorithm/VMRouter.hh:35
_ZrsILi12ELb0EE11ap_int_baseIXT_EXT0_EXleT_Li64EEERKS1_i.exit:12  %stubsInLayer_2_data_6 = load i36* %stubsInLayer_2_data_5, align 8

ST_3: stubsInLayer_3_data_5 (158)  [1/1] 0.00ns  loc: ../TrackletAlgorithm/VMRouter.hh:35
_ZrsILi12ELb0EE11ap_int_baseIXT_EXT0_EXleT_Li64EEERKS1_i.exit:13  %stubsInLayer_3_data_5 = getelementptr [64 x i36]* %stubsInLayer_3_data, i64 0, i64 %newIndex39

ST_3: stubsInLayer_3_data_6 (159)  [2/2] 2.27ns  loc: ../TrackletAlgorithm/VMRouter.hh:35
_ZrsILi12ELb0EE11ap_int_baseIXT_EXT0_EXleT_Li64EEERKS1_i.exit:14  %stubsInLayer_3_data_6 = load i36* %stubsInLayer_3_data_5, align 8

ST_3: stubsInLayer_4_data_5 (160)  [1/1] 0.00ns  loc: ../TrackletAlgorithm/VMRouter.hh:35
_ZrsILi12ELb0EE11ap_int_baseIXT_EXT0_EXleT_Li64EEERKS1_i.exit:15  %stubsInLayer_4_data_5 = getelementptr [64 x i36]* %stubsInLayer_4_data, i64 0, i64 %newIndex39

ST_3: stubsInLayer_4_data_6 (161)  [2/2] 2.27ns  loc: ../TrackletAlgorithm/VMRouter.hh:35
_ZrsILi12ELb0EE11ap_int_baseIXT_EXT0_EXleT_Li64EEERKS1_i.exit:16  %stubsInLayer_4_data_6 = load i36* %stubsInLayer_4_data_5, align 8

ST_3: stubsInLayer_5_data_5 (162)  [1/1] 0.00ns  loc: ../TrackletAlgorithm/VMRouter.hh:35
_ZrsILi12ELb0EE11ap_int_baseIXT_EXT0_EXleT_Li64EEERKS1_i.exit:17  %stubsInLayer_5_data_5 = getelementptr [64 x i36]* %stubsInLayer_5_data, i64 0, i64 %newIndex39

ST_3: stubsInLayer_5_data_6 (163)  [2/2] 2.27ns  loc: ../TrackletAlgorithm/VMRouter.hh:35
_ZrsILi12ELb0EE11ap_int_baseIXT_EXT0_EXleT_Li64EEERKS1_i.exit:18  %stubsInLayer_5_data_6 = load i36* %stubsInLayer_5_data_5, align 8

ST_3: stubsInLayer_6_data_5 (164)  [1/1] 0.00ns  loc: ../TrackletAlgorithm/VMRouter.hh:35
_ZrsILi12ELb0EE11ap_int_baseIXT_EXT0_EXleT_Li64EEERKS1_i.exit:19  %stubsInLayer_6_data_5 = getelementptr [64 x i36]* %stubsInLayer_6_data, i64 0, i64 %newIndex39

ST_3: stubsInLayer_6_data_6 (165)  [2/2] 2.27ns  loc: ../TrackletAlgorithm/VMRouter.hh:35
_ZrsILi12ELb0EE11ap_int_baseIXT_EXT0_EXleT_Li64EEERKS1_i.exit:20  %stubsInLayer_6_data_6 = load i36* %stubsInLayer_6_data_5, align 8

ST_3: stubsInLayer_7_data_5 (166)  [1/1] 0.00ns  loc: ../TrackletAlgorithm/VMRouter.hh:35
_ZrsILi12ELb0EE11ap_int_baseIXT_EXT0_EXleT_Li64EEERKS1_i.exit:21  %stubsInLayer_7_data_5 = getelementptr [64 x i36]* %stubsInLayer_7_data, i64 0, i64 %newIndex39

ST_3: stubsInLayer_7_data_6 (167)  [2/2] 2.27ns  loc: ../TrackletAlgorithm/VMRouter.hh:35
_ZrsILi12ELb0EE11ap_int_baseIXT_EXT0_EXleT_Li64EEERKS1_i.exit:22  %stubsInLayer_7_data_6 = load i36* %stubsInLayer_7_data_5, align 8

ST_3: stubsInLayer_8_data_5 (168)  [1/1] 0.00ns  loc: ../TrackletAlgorithm/VMRouter.hh:35
_ZrsILi12ELb0EE11ap_int_baseIXT_EXT0_EXleT_Li64EEERKS1_i.exit:23  %stubsInLayer_8_data_5 = getelementptr [64 x i36]* %stubsInLayer_8_data, i64 0, i64 %newIndex39

ST_3: stubsInLayer_8_data_6 (169)  [2/2] 2.27ns  loc: ../TrackletAlgorithm/VMRouter.hh:35
_ZrsILi12ELb0EE11ap_int_baseIXT_EXT0_EXleT_Li64EEERKS1_i.exit:24  %stubsInLayer_8_data_6 = load i36* %stubsInLayer_8_data_5, align 8


 <State 4>: 3.42ns
ST_4: arrayNo_cast (149)  [1/1] 0.00ns  loc: ../TrackletAlgorithm/VMRouter.hh:35
_ZrsILi12ELb0EE11ap_int_baseIXT_EXT0_EXleT_Li64EEERKS1_i.exit:4  %arrayNo_cast = zext i2 %arrayNo to i64

ST_4: stubsInLayer_0_data_6 (153)  [1/2] 2.27ns  loc: ../TrackletAlgorithm/VMRouter.hh:35
_ZrsILi12ELb0EE11ap_int_baseIXT_EXT0_EXleT_Li64EEERKS1_i.exit:8  %stubsInLayer_0_data_6 = load i36* %stubsInLayer_0_data_5, align 8

ST_4: stubsInLayer_1_data_6 (155)  [1/2] 2.27ns  loc: ../TrackletAlgorithm/VMRouter.hh:35
_ZrsILi12ELb0EE11ap_int_baseIXT_EXT0_EXleT_Li64EEERKS1_i.exit:10  %stubsInLayer_1_data_6 = load i36* %stubsInLayer_1_data_5, align 8

ST_4: stubsInLayer_2_data_6 (157)  [1/2] 2.27ns  loc: ../TrackletAlgorithm/VMRouter.hh:35
_ZrsILi12ELb0EE11ap_int_baseIXT_EXT0_EXleT_Li64EEERKS1_i.exit:12  %stubsInLayer_2_data_6 = load i36* %stubsInLayer_2_data_5, align 8

ST_4: stubsInLayer_3_data_6 (159)  [1/2] 2.27ns  loc: ../TrackletAlgorithm/VMRouter.hh:35
_ZrsILi12ELb0EE11ap_int_baseIXT_EXT0_EXleT_Li64EEERKS1_i.exit:14  %stubsInLayer_3_data_6 = load i36* %stubsInLayer_3_data_5, align 8

ST_4: stubsInLayer_4_data_6 (161)  [1/2] 2.27ns  loc: ../TrackletAlgorithm/VMRouter.hh:35
_ZrsILi12ELb0EE11ap_int_baseIXT_EXT0_EXleT_Li64EEERKS1_i.exit:16  %stubsInLayer_4_data_6 = load i36* %stubsInLayer_4_data_5, align 8

ST_4: stubsInLayer_5_data_6 (163)  [1/2] 2.27ns  loc: ../TrackletAlgorithm/VMRouter.hh:35
_ZrsILi12ELb0EE11ap_int_baseIXT_EXT0_EXleT_Li64EEERKS1_i.exit:18  %stubsInLayer_5_data_6 = load i36* %stubsInLayer_5_data_5, align 8

ST_4: stubsInLayer_6_data_6 (165)  [1/2] 2.27ns  loc: ../TrackletAlgorithm/VMRouter.hh:35
_ZrsILi12ELb0EE11ap_int_baseIXT_EXT0_EXleT_Li64EEERKS1_i.exit:20  %stubsInLayer_6_data_6 = load i36* %stubsInLayer_6_data_5, align 8

ST_4: stubsInLayer_7_data_6 (167)  [1/2] 2.27ns  loc: ../TrackletAlgorithm/VMRouter.hh:35
_ZrsILi12ELb0EE11ap_int_baseIXT_EXT0_EXleT_Li64EEERKS1_i.exit:22  %stubsInLayer_7_data_6 = load i36* %stubsInLayer_7_data_5, align 8

ST_4: stubsInLayer_8_data_6 (169)  [1/2] 2.27ns  loc: ../TrackletAlgorithm/VMRouter.hh:35
_ZrsILi12ELb0EE11ap_int_baseIXT_EXT0_EXleT_Li64EEERKS1_i.exit:24  %stubsInLayer_8_data_6 = load i36* %stubsInLayer_8_data_5, align 8

ST_4: HLSFullStubLayerPS_d (170)  [1/1] 1.15ns  loc: ../TrackletAlgorithm/VMRouter.hh:35
_ZrsILi12ELb0EE11ap_int_baseIXT_EXT0_EXleT_Li64EEERKS1_i.exit:25  %HLSFullStubLayerPS_d = call i36 @_ssdm_op_Mux.ap_auto.9i36.i64(i36 %stubsInLayer_0_data_6, i36 %stubsInLayer_1_data_6, i36 %stubsInLayer_2_data_6, i36 %stubsInLayer_3_data_6, i36 %stubsInLayer_4_data_6, i36 %stubsInLayer_5_data_6, i36 %stubsInLayer_6_data_6, i36 %stubsInLayer_7_data_6, i36 %stubsInLayer_8_data_6, i64 %arrayNo_cast)


 <State 5>: 2.93ns
ST_5: newIndex41 (174)  [1/1] 0.00ns  loc: ../TrackletAlgorithm/VMRouter.hh:35
_ZrsILi12ELb0EE11ap_int_baseIXT_EXT0_EXleT_Li64EEERKS1_i.exit:29  %newIndex41 = zext i6 %newIndex40 to i64

ST_5: allStubs_0_data_V_s (175)  [1/1] 0.00ns  loc: ../TrackletAlgorithm/VMRouter.hh:47
_ZrsILi12ELb0EE11ap_int_baseIXT_EXT0_EXleT_Li64EEERKS1_i.exit:30  %allStubs_0_data_V_s = getelementptr [64 x i36]* %allStubs_0_data_V, i64 0, i64 %newIndex41

ST_5: allStubs_1_data_V_s (176)  [1/1] 0.00ns  loc: ../TrackletAlgorithm/VMRouter.hh:47
_ZrsILi12ELb0EE11ap_int_baseIXT_EXT0_EXleT_Li64EEERKS1_i.exit:31  %allStubs_1_data_V_s = getelementptr [64 x i36]* %allStubs_1_data_V, i64 0, i64 %newIndex41

ST_5: allStubs_2_data_V_s (177)  [1/1] 0.00ns  loc: ../TrackletAlgorithm/VMRouter.hh:47
_ZrsILi12ELb0EE11ap_int_baseIXT_EXT0_EXleT_Li64EEERKS1_i.exit:32  %allStubs_2_data_V_s = getelementptr [64 x i36]* %allStubs_2_data_V, i64 0, i64 %newIndex41

ST_5: allStubs_3_data_V_s (178)  [1/1] 0.00ns  loc: ../TrackletAlgorithm/VMRouter.hh:47
_ZrsILi12ELb0EE11ap_int_baseIXT_EXT0_EXleT_Li64EEERKS1_i.exit:33  %allStubs_3_data_V_s = getelementptr [64 x i36]* %allStubs_3_data_V, i64 0, i64 %newIndex41

ST_5: allStubs_8_data_V_s (179)  [1/1] 0.00ns  loc: ../TrackletAlgorithm/VMRouter.hh:47
_ZrsILi12ELb0EE11ap_int_baseIXT_EXT0_EXleT_Li64EEERKS1_i.exit:34  %allStubs_8_data_V_s = getelementptr [64 x i36]* %allStubs_8_data_V, i64 0, i64 %newIndex41

ST_5: StgValue_121 (182)  [1/1] 2.27ns  loc: ../TrackletAlgorithm/VMRouter.hh:47
branch3:0  store i36 %HLSFullStubLayerPS_d, i36* %allStubs_3_data_V_s, align 8

ST_5: StgValue_122 (183)  [1/1] 0.00ns  loc: ../TrackletAlgorithm/VMRouter.hh:47
branch3:1  br label %_ZrsILi12ELb0EE11ap_int_baseIXT_EXT0_EXleT_Li64EEERKS1_i.exit102

ST_5: StgValue_123 (185)  [1/1] 2.27ns  loc: ../TrackletAlgorithm/VMRouter.hh:47
branch2:0  store i36 %HLSFullStubLayerPS_d, i36* %allStubs_2_data_V_s, align 8

ST_5: StgValue_124 (186)  [1/1] 0.00ns  loc: ../TrackletAlgorithm/VMRouter.hh:47
branch2:1  br label %_ZrsILi12ELb0EE11ap_int_baseIXT_EXT0_EXleT_Li64EEERKS1_i.exit102

ST_5: StgValue_125 (188)  [1/1] 2.27ns  loc: ../TrackletAlgorithm/VMRouter.hh:47
branch1:0  store i36 %HLSFullStubLayerPS_d, i36* %allStubs_1_data_V_s, align 8

ST_5: StgValue_126 (189)  [1/1] 0.00ns  loc: ../TrackletAlgorithm/VMRouter.hh:47
branch1:1  br label %_ZrsILi12ELb0EE11ap_int_baseIXT_EXT0_EXleT_Li64EEERKS1_i.exit102

ST_5: StgValue_127 (191)  [1/1] 2.27ns  loc: ../TrackletAlgorithm/VMRouter.hh:47
branch0:0  store i36 %HLSFullStubLayerPS_d, i36* %allStubs_0_data_V_s, align 8

ST_5: StgValue_128 (192)  [1/1] 0.00ns  loc: ../TrackletAlgorithm/VMRouter.hh:47
branch0:1  br label %_ZrsILi12ELb0EE11ap_int_baseIXT_EXT0_EXleT_Li64EEERKS1_i.exit102

ST_5: StgValue_129 (194)  [1/1] 2.27ns  loc: ../TrackletAlgorithm/VMRouter.hh:47
branch8:0  store i36 %HLSFullStubLayerPS_d, i36* %allStubs_8_data_V_s, align 8

ST_5: StgValue_130 (195)  [1/1] 0.00ns  loc: ../TrackletAlgorithm/VMRouter.hh:47
branch8:1  br label %_ZrsILi12ELb0EE11ap_int_baseIXT_EXT0_EXleT_Li64EEERKS1_i.exit102

ST_5: tPhi_V_i (200)  [1/1] 0.00ns  loc: ../TrackletAlgorithm/VMRouter.hh:66
_ZrsILi12ELb0EE11ap_int_baseIXT_EXT0_EXleT_Li64EEERKS1_i.exit102:3  %tPhi_V_i = call i3 @_ssdm_op_PartSelect.i3.i36.i32.i32(i36 %HLSFullStubLayerPS_d, i32 23, i32 25)

ST_5: r_V (201)  [1/1] 1.25ns  loc: ../TrackletAlgorithm/VMRouter.hh:66
_ZrsILi12ELb0EE11ap_int_baseIXT_EXT0_EXleT_Li64EEERKS1_i.exit102:4  %r_V = add i3 %tPhi_V_i, -1

ST_5: routePhi_V (202)  [1/1] 0.00ns  loc: ../TrackletAlgorithm/VMRouter.hh:66
_ZrsILi12ELb0EE11ap_int_baseIXT_EXT0_EXleT_Li64EEERKS1_i.exit102:5  %routePhi_V = call i2 @_ssdm_op_PartSelect.i2.i3.i32.i32(i3 %r_V, i32 1, i32 2)

ST_5: routeZ_V (203)  [1/1] 0.00ns  loc: ../TrackletAlgorithm/VMRouter.hh:70
_ZrsILi12ELb0EE11ap_int_baseIXT_EXT0_EXleT_Li64EEERKS1_i.exit102:6  %routeZ_V = call i1 @_ssdm_op_BitSelect.i1.i36.i32(i36 %HLSFullStubLayerPS_d, i32 9)

ST_5: StgValue_135 (204)  [1/1] 0.00ns  loc: ../TrackletAlgorithm/VMRouter.hh:73
_ZrsILi12ELb0EE11ap_int_baseIXT_EXT0_EXleT_Li64EEERKS1_i.exit102:7  br i1 %routeZ_V, label %12, label %3

ST_5: StgValue_136 (206)  [1/1] 1.57ns  loc: ../TrackletAlgorithm/VMRouter.hh:76
:0  switch i2 %routePhi_V, label %_ZrsILi12ELb0EE11ap_int_baseIXT_EXT0_EXleT_Li64EEERKS1_i.exit._crit_edge [
    i2 0, label %4
    i2 1, label %6
    i2 -2, label %8
    i2 -1, label %10
  ]

ST_5: nPH4Z1_V_load_6 (208)  [1/1] 0.00ns
:0  %nPH4Z1_V_load_6 = load i6* %nPH4Z1_V

ST_5: tmp_68_cast (209)  [1/1] 0.00ns
:1  %tmp_68_cast = zext i6 %nPH4Z1_V_load_6 to i8

ST_5: sum9 (210)  [1/1] 1.36ns
:2  %sum9 = add i8 %tmp_68_cast, %tmp_118

ST_5: tmp_90 (211)  [1/1] 0.00ns
:3  %tmp_90 = call i2 @_ssdm_op_PartSelect.i2.i8.i32.i32(i8 %sum9, i32 6, i32 7)

ST_5: newIndex56 (212)  [1/1] 1.36ns
:4  %newIndex56 = add i6 %tmp_108, %nPH4Z1_V_load_6

ST_5: StgValue_142 (221)  [1/1] 1.57ns  loc: ../TrackletAlgorithm/VMRouter.hh:91
:13  switch i2 %tmp_90, label %branch44 [
    i2 0, label %branch36
    i2 1, label %branch37
    i2 -2, label %branch38
    i2 -1, label %branch39
  ]

ST_5: nPH4Z1_V_load (238)  [1/1] 0.00ns  loc: ../TrackletAlgorithm/VMRouter.hh:92
:0  %nPH4Z1_V_load = load i6* %nPH4Z1_V

ST_5: tmp_69 (239)  [1/1] 1.36ns  loc: ../TrackletAlgorithm/VMRouter.hh:92
:1  %tmp_69 = add i6 %nPH4Z1_V_load, 1

ST_5: StgValue_145 (240)  [1/1] 0.84ns  loc: ../TrackletAlgorithm/VMRouter.hh:92
:2  store i6 %tmp_69, i6* %nPH4Z1_V

ST_5: StgValue_146 (241)  [1/1] 0.00ns  loc: ../TrackletAlgorithm/VMRouter.hh:93
:3  br label %_ZrsILi12ELb0EE11ap_int_baseIXT_EXT0_EXleT_Li64EEERKS1_i.exit._crit_edge

ST_5: nPH3Z1_V_load34 (243)  [1/1] 0.00ns
:0  %nPH3Z1_V_load34 = load i6* %nPH3Z1_V

ST_5: tmp_66_cast (244)  [1/1] 0.00ns
:1  %tmp_66_cast = zext i6 %nPH3Z1_V_load34 to i8

ST_5: sum8 (245)  [1/1] 1.36ns
:2  %sum8 = add i8 %tmp_66_cast, %tmp_117

ST_5: tmp_88 (246)  [1/1] 0.00ns
:3  %tmp_88 = call i2 @_ssdm_op_PartSelect.i2.i8.i32.i32(i8 %sum8, i32 6, i32 7)

ST_5: newIndex54 (247)  [1/1] 1.36ns
:4  %newIndex54 = add i6 %tmp_107, %nPH3Z1_V_load34

ST_5: StgValue_152 (256)  [1/1] 1.57ns  loc: ../TrackletAlgorithm/VMRouter.hh:87
:13  switch i2 %tmp_88, label %branch35 [
    i2 0, label %branch27
    i2 1, label %branch28
    i2 -2, label %branch29
    i2 -1, label %branch30
  ]

ST_5: nPH3Z1_V_load (273)  [1/1] 0.00ns  loc: ../TrackletAlgorithm/VMRouter.hh:88
:0  %nPH3Z1_V_load = load i6* %nPH3Z1_V

ST_5: tmp_67 (274)  [1/1] 1.36ns  loc: ../TrackletAlgorithm/VMRouter.hh:88
:1  %tmp_67 = add i6 %nPH3Z1_V_load, 1

ST_5: StgValue_155 (275)  [1/1] 0.84ns  loc: ../TrackletAlgorithm/VMRouter.hh:88
:2  store i6 %tmp_67, i6* %nPH3Z1_V

ST_5: StgValue_156 (276)  [1/1] 0.00ns  loc: ../TrackletAlgorithm/VMRouter.hh:89
:3  br label %_ZrsILi12ELb0EE11ap_int_baseIXT_EXT0_EXleT_Li64EEERKS1_i.exit._crit_edge

ST_5: nPH2Z1_V_load32 (278)  [1/1] 0.00ns
:0  %nPH2Z1_V_load32 = load i6* %nPH2Z1_V

ST_5: tmp_64_cast (279)  [1/1] 0.00ns
:1  %tmp_64_cast = zext i6 %nPH2Z1_V_load32 to i8

ST_5: sum7 (280)  [1/1] 1.36ns
:2  %sum7 = add i8 %tmp_64_cast, %tmp_116

ST_5: tmp_86 (281)  [1/1] 0.00ns
:3  %tmp_86 = call i2 @_ssdm_op_PartSelect.i2.i8.i32.i32(i8 %sum7, i32 6, i32 7)

ST_5: newIndex52 (282)  [1/1] 1.36ns
:4  %newIndex52 = add i6 %tmp_106, %nPH2Z1_V_load32

ST_5: StgValue_162 (291)  [1/1] 1.57ns  loc: ../TrackletAlgorithm/VMRouter.hh:83
:13  switch i2 %tmp_86, label %branch26 [
    i2 0, label %branch18
    i2 1, label %branch19
    i2 -2, label %branch20
    i2 -1, label %branch21
  ]

ST_5: nPH2Z1_V_load (308)  [1/1] 0.00ns  loc: ../TrackletAlgorithm/VMRouter.hh:84
:0  %nPH2Z1_V_load = load i6* %nPH2Z1_V

ST_5: tmp_65 (309)  [1/1] 1.36ns  loc: ../TrackletAlgorithm/VMRouter.hh:84
:1  %tmp_65 = add i6 %nPH2Z1_V_load, 1

ST_5: StgValue_165 (310)  [1/1] 0.84ns  loc: ../TrackletAlgorithm/VMRouter.hh:84
:2  store i6 %tmp_65, i6* %nPH2Z1_V

ST_5: StgValue_166 (311)  [1/1] 0.00ns  loc: ../TrackletAlgorithm/VMRouter.hh:85
:3  br label %_ZrsILi12ELb0EE11ap_int_baseIXT_EXT0_EXleT_Li64EEERKS1_i.exit._crit_edge

ST_5: nPH1Z1_V_load_4 (313)  [1/1] 0.00ns
:0  %nPH1Z1_V_load_4 = load i6* %nPH1Z1_V

ST_5: tmp_62_cast (314)  [1/1] 0.00ns
:1  %tmp_62_cast = zext i6 %nPH1Z1_V_load_4 to i8

ST_5: sum6 (315)  [1/1] 1.36ns
:2  %sum6 = add i8 %tmp_62_cast, %tmp_115

ST_5: tmp_84 (316)  [1/1] 0.00ns
:3  %tmp_84 = call i2 @_ssdm_op_PartSelect.i2.i8.i32.i32(i8 %sum6, i32 6, i32 7)

ST_5: newIndex50 (317)  [1/1] 1.36ns
:4  %newIndex50 = add i6 %tmp_105, %nPH1Z1_V_load_4

ST_5: StgValue_172 (326)  [1/1] 1.57ns  loc: ../TrackletAlgorithm/VMRouter.hh:79
:13  switch i2 %tmp_84, label %branch17 [
    i2 0, label %branch9
    i2 1, label %branch10
    i2 -2, label %branch11
    i2 -1, label %branch12
  ]

ST_5: nPH1Z1_V_load (343)  [1/1] 0.00ns  loc: ../TrackletAlgorithm/VMRouter.hh:80
:0  %nPH1Z1_V_load = load i6* %nPH1Z1_V

ST_5: tmp_63 (344)  [1/1] 1.36ns  loc: ../TrackletAlgorithm/VMRouter.hh:80
:1  %tmp_63 = add i6 %nPH1Z1_V_load, 1

ST_5: StgValue_175 (345)  [1/1] 0.84ns  loc: ../TrackletAlgorithm/VMRouter.hh:80
:2  store i6 %tmp_63, i6* %nPH1Z1_V

ST_5: StgValue_176 (346)  [1/1] 0.00ns  loc: ../TrackletAlgorithm/VMRouter.hh:81
:3  br label %_ZrsILi12ELb0EE11ap_int_baseIXT_EXT0_EXleT_Li64EEERKS1_i.exit._crit_edge

ST_5: StgValue_177 (348)  [1/1] 1.57ns  loc: ../TrackletAlgorithm/VMRouter.hh:97
:0  switch i2 %routePhi_V, label %_ZrsILi12ELb0EE11ap_int_baseIXT_EXT0_EXleT_Li64EEERKS1_i.exit._crit_edge [
    i2 0, label %13
    i2 1, label %15
    i2 -2, label %17
    i2 -1, label %19
  ]

ST_5: nPH4Z2_V_load44 (350)  [1/1] 0.00ns
:0  %nPH4Z2_V_load44 = load i6* %nPH4Z2_V

ST_5: tmp_76_cast (351)  [1/1] 0.00ns
:1  %tmp_76_cast = zext i6 %nPH4Z2_V_load44 to i8

ST_5: sum5 (352)  [1/1] 1.36ns
:2  %sum5 = add i8 %tmp_76_cast, %tmp_114

ST_5: tmp_82 (353)  [1/1] 0.00ns
:3  %tmp_82 = call i2 @_ssdm_op_PartSelect.i2.i8.i32.i32(i8 %sum5, i32 6, i32 7)

ST_5: newIndex48 (354)  [1/1] 1.36ns
:4  %newIndex48 = add i6 %tmp_104, %nPH4Z2_V_load44

ST_5: StgValue_183 (363)  [1/1] 1.57ns  loc: ../TrackletAlgorithm/VMRouter.hh:112
:13  switch i2 %tmp_82, label %branch80 [
    i2 0, label %branch72
    i2 1, label %branch73
    i2 -2, label %branch74
    i2 -1, label %branch75
  ]

ST_5: nPH4Z2_V_load (380)  [1/1] 0.00ns  loc: ../TrackletAlgorithm/VMRouter.hh:113
:0  %nPH4Z2_V_load = load i6* %nPH4Z2_V

ST_5: tmp_77 (381)  [1/1] 1.36ns  loc: ../TrackletAlgorithm/VMRouter.hh:113
:1  %tmp_77 = add i6 %nPH4Z2_V_load, 1

ST_5: StgValue_186 (382)  [1/1] 0.84ns  loc: ../TrackletAlgorithm/VMRouter.hh:113
:2  store i6 %tmp_77, i6* %nPH4Z2_V

ST_5: StgValue_187 (383)  [1/1] 0.00ns  loc: ../TrackletAlgorithm/VMRouter.hh:114
:3  br label %_ZrsILi12ELb0EE11ap_int_baseIXT_EXT0_EXleT_Li64EEERKS1_i.exit._crit_edge

ST_5: nPH3Z2_V_load42 (385)  [1/1] 0.00ns
:0  %nPH3Z2_V_load42 = load i6* %nPH3Z2_V

ST_5: tmp_74_cast (386)  [1/1] 0.00ns
:1  %tmp_74_cast = zext i6 %nPH3Z2_V_load42 to i8

ST_5: sum4 (387)  [1/1] 1.36ns
:2  %sum4 = add i8 %tmp_74_cast, %tmp_113

ST_5: tmp_80 (388)  [1/1] 0.00ns
:3  %tmp_80 = call i2 @_ssdm_op_PartSelect.i2.i8.i32.i32(i8 %sum4, i32 6, i32 7)

ST_5: newIndex46 (389)  [1/1] 1.36ns
:4  %newIndex46 = add i6 %tmp_103, %nPH3Z2_V_load42

ST_5: StgValue_193 (398)  [1/1] 1.57ns  loc: ../TrackletAlgorithm/VMRouter.hh:108
:13  switch i2 %tmp_80, label %branch71 [
    i2 0, label %branch63
    i2 1, label %branch64
    i2 -2, label %branch65
    i2 -1, label %branch66
  ]

ST_5: nPH3Z2_V_load (415)  [1/1] 0.00ns  loc: ../TrackletAlgorithm/VMRouter.hh:109
:0  %nPH3Z2_V_load = load i6* %nPH3Z2_V

ST_5: tmp_75 (416)  [1/1] 1.36ns  loc: ../TrackletAlgorithm/VMRouter.hh:109
:1  %tmp_75 = add i6 %nPH3Z2_V_load, 1

ST_5: StgValue_196 (417)  [1/1] 0.84ns  loc: ../TrackletAlgorithm/VMRouter.hh:109
:2  store i6 %tmp_75, i6* %nPH3Z2_V

ST_5: StgValue_197 (418)  [1/1] 0.00ns  loc: ../TrackletAlgorithm/VMRouter.hh:110
:3  br label %_ZrsILi12ELb0EE11ap_int_baseIXT_EXT0_EXleT_Li64EEERKS1_i.exit._crit_edge

ST_5: nPH2Z2_V_load_4 (420)  [1/1] 0.00ns
:0  %nPH2Z2_V_load_4 = load i6* %nPH2Z2_V

ST_5: tmp_72_cast (421)  [1/1] 0.00ns
:1  %tmp_72_cast = zext i6 %nPH2Z2_V_load_4 to i8

ST_5: sum3 (422)  [1/1] 1.36ns
:2  %sum3 = add i8 %tmp_72_cast, %tmp_112

ST_5: tmp_76 (423)  [1/1] 0.00ns
:3  %tmp_76 = call i2 @_ssdm_op_PartSelect.i2.i8.i32.i32(i8 %sum3, i32 6, i32 7)

ST_5: newIndex44 (424)  [1/1] 1.36ns
:4  %newIndex44 = add i6 %tmp_102, %nPH2Z2_V_load_4

ST_5: StgValue_203 (433)  [1/1] 1.57ns  loc: ../TrackletAlgorithm/VMRouter.hh:104
:13  switch i2 %tmp_76, label %branch62 [
    i2 0, label %branch54
    i2 1, label %branch55
    i2 -2, label %branch56
    i2 -1, label %branch57
  ]

ST_5: nPH2Z2_V_load (450)  [1/1] 0.00ns  loc: ../TrackletAlgorithm/VMRouter.hh:105
:0  %nPH2Z2_V_load = load i6* %nPH2Z2_V

ST_5: tmp_73 (451)  [1/1] 1.36ns  loc: ../TrackletAlgorithm/VMRouter.hh:105
:1  %tmp_73 = add i6 %nPH2Z2_V_load, 1

ST_5: StgValue_206 (452)  [1/1] 0.84ns  loc: ../TrackletAlgorithm/VMRouter.hh:105
:2  store i6 %tmp_73, i6* %nPH2Z2_V

ST_5: StgValue_207 (453)  [1/1] 0.00ns  loc: ../TrackletAlgorithm/VMRouter.hh:106
:3  br label %_ZrsILi12ELb0EE11ap_int_baseIXT_EXT0_EXleT_Li64EEERKS1_i.exit._crit_edge

ST_5: nPH1Z2_V_load_6 (455)  [1/1] 0.00ns
:0  %nPH1Z2_V_load_6 = load i6* %nPH1Z2_V

ST_5: tmp_70_cast (456)  [1/1] 0.00ns
:1  %tmp_70_cast = zext i6 %nPH1Z2_V_load_6 to i8

ST_5: sum2 (457)  [1/1] 1.36ns
:2  %sum2 = add i8 %tmp_70_cast, %tmp_111

ST_5: tmp_72 (458)  [1/1] 0.00ns
:3  %tmp_72 = call i2 @_ssdm_op_PartSelect.i2.i8.i32.i32(i8 %sum2, i32 6, i32 7)

ST_5: newIndex42 (459)  [1/1] 1.36ns
:4  %newIndex42 = add i6 %tmp_101, %nPH1Z2_V_load_6

ST_5: StgValue_213 (468)  [1/1] 1.57ns  loc: ../TrackletAlgorithm/VMRouter.hh:100
:13  switch i2 %tmp_72, label %branch53 [
    i2 0, label %branch45
    i2 1, label %branch46
    i2 -2, label %branch47
    i2 -1, label %branch48
  ]

ST_5: nPH1Z2_V_load (485)  [1/1] 0.00ns  loc: ../TrackletAlgorithm/VMRouter.hh:101
:0  %nPH1Z2_V_load = load i6* %nPH1Z2_V

ST_5: tmp_71 (486)  [1/1] 1.36ns  loc: ../TrackletAlgorithm/VMRouter.hh:101
:1  %tmp_71 = add i6 %nPH1Z2_V_load, 1

ST_5: StgValue_216 (487)  [1/1] 0.84ns  loc: ../TrackletAlgorithm/VMRouter.hh:101
:2  store i6 %tmp_71, i6* %nPH1Z2_V

ST_5: StgValue_217 (488)  [1/1] 0.00ns  loc: ../TrackletAlgorithm/VMRouter.hh:102
:3  br label %_ZrsILi12ELb0EE11ap_int_baseIXT_EXT0_EXleT_Li64EEERKS1_i.exit._crit_edge


 <State 6>: 3.38ns
ST_6: redZ_V (197)  [1/1] 0.00ns  loc: ../TrackletAlgorithm/VMRouter.hh:52
_ZrsILi12ELb0EE11ap_int_baseIXT_EXT0_EXleT_Li64EEERKS1_i.exit102:0  %redZ_V = call i4 @_ssdm_op_PartSelect.i4.i36.i32.i32(i36 %HLSFullStubLayerPS_d, i32 5, i32 8)

ST_6: phitmp (198)  [1/1] 0.00ns  loc: ../TrackletAlgorithm/VMRouter.hh:56
_ZrsILi12ELb0EE11ap_int_baseIXT_EXT0_EXleT_Li64EEERKS1_i.exit102:1  %phitmp = call i3 @_ssdm_op_PartSelect.i3.i36.i32.i32(i36 %HLSFullStubLayerPS_d, i32 21, i32 23)

ST_6: redPhi_V (199)  [1/1] 1.12ns  loc: ../TrackletAlgorithm/VMRouter.hh:56
_ZrsILi12ELb0EE11ap_int_baseIXT_EXT0_EXleT_Li64EEERKS1_i.exit102:2  %redPhi_V = xor i3 %phitmp, -4

ST_6: newIndex57 (213)  [1/1] 0.00ns
:5  %newIndex57 = zext i6 %newIndex56 to i64

ST_6: vmStubsPH4Z1_0_data_3 (214)  [1/1] 0.00ns  loc: ../TrackletAlgorithm/VMRouter.hh:91
:6  %vmStubsPH4Z1_0_data_3 = getelementptr [64 x i18]* %vmStubsPH4Z1_0_data, i64 0, i64 %newIndex57

ST_6: vmStubsPH4Z1_1_data_3 (215)  [1/1] 0.00ns  loc: ../TrackletAlgorithm/VMRouter.hh:91
:7  %vmStubsPH4Z1_1_data_3 = getelementptr [64 x i18]* %vmStubsPH4Z1_1_data, i64 0, i64 %newIndex57

ST_6: vmStubsPH4Z1_2_data_3 (216)  [1/1] 0.00ns  loc: ../TrackletAlgorithm/VMRouter.hh:91
:8  %vmStubsPH4Z1_2_data_3 = getelementptr [64 x i18]* %vmStubsPH4Z1_2_data, i64 0, i64 %newIndex57

ST_6: vmStubsPH4Z1_3_data_3 (217)  [1/1] 0.00ns  loc: ../TrackletAlgorithm/VMRouter.hh:91
:9  %vmStubsPH4Z1_3_data_3 = getelementptr [64 x i18]* %vmStubsPH4Z1_3_data, i64 0, i64 %newIndex57

ST_6: vmStubsPH4Z1_8_data_3 (218)  [1/1] 0.00ns  loc: ../TrackletAlgorithm/VMRouter.hh:91
:10  %vmStubsPH4Z1_8_data_3 = getelementptr [64 x i18]* %vmStubsPH4Z1_8_data, i64 0, i64 %newIndex57

ST_6: tmp_91 (219)  [1/1] 0.00ns  loc: ../TrackletAlgorithm/HLSReducedStubLayer.hh:43->../TrackletAlgorithm/VMRouter.hh:91
:11  %tmp_91 = call i5 @_ssdm_op_PartSelect.i5.i36.i32.i32(i36 %HLSFullStubLayerPS_d, i32 31, i32 35)

ST_6: HLSReducedStubLayer_10 (220)  [1/1] 0.00ns  loc: ../TrackletAlgorithm/HLSReducedStubLayer.hh:43->../TrackletAlgorithm/VMRouter.hh:91
:12  %HLSReducedStubLayer_10 = call i18 @_ssdm_op_BitConcatenate.i18.i6.i5.i3.i4(i6 %p_0, i5 %tmp_91, i3 %redPhi_V, i4 %redZ_V)

ST_6: StgValue_229 (223)  [1/1] 2.27ns  loc: ../TrackletAlgorithm/VMRouter.hh:91
branch39:0  store i18 %HLSReducedStubLayer_10, i18* %vmStubsPH4Z1_3_data_3, align 4

ST_6: StgValue_230 (224)  [1/1] 0.00ns  loc: ../TrackletAlgorithm/VMRouter.hh:91
branch39:1  br label %11

ST_6: StgValue_231 (226)  [1/1] 2.27ns  loc: ../TrackletAlgorithm/VMRouter.hh:91
branch38:0  store i18 %HLSReducedStubLayer_10, i18* %vmStubsPH4Z1_2_data_3, align 4

ST_6: StgValue_232 (227)  [1/1] 0.00ns  loc: ../TrackletAlgorithm/VMRouter.hh:91
branch38:1  br label %11

ST_6: StgValue_233 (229)  [1/1] 2.27ns  loc: ../TrackletAlgorithm/VMRouter.hh:91
branch37:0  store i18 %HLSReducedStubLayer_10, i18* %vmStubsPH4Z1_1_data_3, align 4

ST_6: StgValue_234 (230)  [1/1] 0.00ns  loc: ../TrackletAlgorithm/VMRouter.hh:91
branch37:1  br label %11

ST_6: StgValue_235 (232)  [1/1] 2.27ns  loc: ../TrackletAlgorithm/VMRouter.hh:91
branch36:0  store i18 %HLSReducedStubLayer_10, i18* %vmStubsPH4Z1_0_data_3, align 4

ST_6: StgValue_236 (233)  [1/1] 0.00ns  loc: ../TrackletAlgorithm/VMRouter.hh:91
branch36:1  br label %11

ST_6: StgValue_237 (235)  [1/1] 2.27ns  loc: ../TrackletAlgorithm/VMRouter.hh:91
branch44:0  store i18 %HLSReducedStubLayer_10, i18* %vmStubsPH4Z1_8_data_3, align 4

ST_6: StgValue_238 (236)  [1/1] 0.00ns  loc: ../TrackletAlgorithm/VMRouter.hh:91
branch44:1  br label %11

ST_6: newIndex55 (248)  [1/1] 0.00ns
:5  %newIndex55 = zext i6 %newIndex54 to i64

ST_6: vmStubsPH3Z1_0_data_3 (249)  [1/1] 0.00ns  loc: ../TrackletAlgorithm/VMRouter.hh:87
:6  %vmStubsPH3Z1_0_data_3 = getelementptr [64 x i18]* %vmStubsPH3Z1_0_data, i64 0, i64 %newIndex55

ST_6: vmStubsPH3Z1_1_data_3 (250)  [1/1] 0.00ns  loc: ../TrackletAlgorithm/VMRouter.hh:87
:7  %vmStubsPH3Z1_1_data_3 = getelementptr [64 x i18]* %vmStubsPH3Z1_1_data, i64 0, i64 %newIndex55

ST_6: vmStubsPH3Z1_2_data_3 (251)  [1/1] 0.00ns  loc: ../TrackletAlgorithm/VMRouter.hh:87
:8  %vmStubsPH3Z1_2_data_3 = getelementptr [64 x i18]* %vmStubsPH3Z1_2_data, i64 0, i64 %newIndex55

ST_6: vmStubsPH3Z1_3_data_3 (252)  [1/1] 0.00ns  loc: ../TrackletAlgorithm/VMRouter.hh:87
:9  %vmStubsPH3Z1_3_data_3 = getelementptr [64 x i18]* %vmStubsPH3Z1_3_data, i64 0, i64 %newIndex55

ST_6: vmStubsPH3Z1_8_data_3 (253)  [1/1] 0.00ns  loc: ../TrackletAlgorithm/VMRouter.hh:87
:10  %vmStubsPH3Z1_8_data_3 = getelementptr [64 x i18]* %vmStubsPH3Z1_8_data, i64 0, i64 %newIndex55

ST_6: tmp_89 (254)  [1/1] 0.00ns  loc: ../TrackletAlgorithm/HLSReducedStubLayer.hh:43->../TrackletAlgorithm/VMRouter.hh:87
:11  %tmp_89 = call i5 @_ssdm_op_PartSelect.i5.i36.i32.i32(i36 %HLSFullStubLayerPS_d, i32 31, i32 35)

ST_6: HLSReducedStubLayer_9 (255)  [1/1] 0.00ns  loc: ../TrackletAlgorithm/HLSReducedStubLayer.hh:43->../TrackletAlgorithm/VMRouter.hh:87
:12  %HLSReducedStubLayer_9 = call i18 @_ssdm_op_BitConcatenate.i18.i6.i5.i3.i4(i6 %p_0, i5 %tmp_89, i3 %redPhi_V, i4 %redZ_V)

ST_6: StgValue_247 (258)  [1/1] 2.27ns  loc: ../TrackletAlgorithm/VMRouter.hh:87
branch30:0  store i18 %HLSReducedStubLayer_9, i18* %vmStubsPH3Z1_3_data_3, align 4

ST_6: StgValue_248 (259)  [1/1] 0.00ns  loc: ../TrackletAlgorithm/VMRouter.hh:87
branch30:1  br label %9

ST_6: StgValue_249 (261)  [1/1] 2.27ns  loc: ../TrackletAlgorithm/VMRouter.hh:87
branch29:0  store i18 %HLSReducedStubLayer_9, i18* %vmStubsPH3Z1_2_data_3, align 4

ST_6: StgValue_250 (262)  [1/1] 0.00ns  loc: ../TrackletAlgorithm/VMRouter.hh:87
branch29:1  br label %9

ST_6: StgValue_251 (264)  [1/1] 2.27ns  loc: ../TrackletAlgorithm/VMRouter.hh:87
branch28:0  store i18 %HLSReducedStubLayer_9, i18* %vmStubsPH3Z1_1_data_3, align 4

ST_6: StgValue_252 (265)  [1/1] 0.00ns  loc: ../TrackletAlgorithm/VMRouter.hh:87
branch28:1  br label %9

ST_6: StgValue_253 (267)  [1/1] 2.27ns  loc: ../TrackletAlgorithm/VMRouter.hh:87
branch27:0  store i18 %HLSReducedStubLayer_9, i18* %vmStubsPH3Z1_0_data_3, align 4

ST_6: StgValue_254 (268)  [1/1] 0.00ns  loc: ../TrackletAlgorithm/VMRouter.hh:87
branch27:1  br label %9

ST_6: StgValue_255 (270)  [1/1] 2.27ns  loc: ../TrackletAlgorithm/VMRouter.hh:87
branch35:0  store i18 %HLSReducedStubLayer_9, i18* %vmStubsPH3Z1_8_data_3, align 4

ST_6: StgValue_256 (271)  [1/1] 0.00ns  loc: ../TrackletAlgorithm/VMRouter.hh:87
branch35:1  br label %9

ST_6: newIndex53 (283)  [1/1] 0.00ns
:5  %newIndex53 = zext i6 %newIndex52 to i64

ST_6: vmStubsPH2Z1_0_data_3 (284)  [1/1] 0.00ns  loc: ../TrackletAlgorithm/VMRouter.hh:83
:6  %vmStubsPH2Z1_0_data_3 = getelementptr [64 x i18]* %vmStubsPH2Z1_0_data, i64 0, i64 %newIndex53

ST_6: vmStubsPH2Z1_1_data_3 (285)  [1/1] 0.00ns  loc: ../TrackletAlgorithm/VMRouter.hh:83
:7  %vmStubsPH2Z1_1_data_3 = getelementptr [64 x i18]* %vmStubsPH2Z1_1_data, i64 0, i64 %newIndex53

ST_6: vmStubsPH2Z1_2_data_3 (286)  [1/1] 0.00ns  loc: ../TrackletAlgorithm/VMRouter.hh:83
:8  %vmStubsPH2Z1_2_data_3 = getelementptr [64 x i18]* %vmStubsPH2Z1_2_data, i64 0, i64 %newIndex53

ST_6: vmStubsPH2Z1_3_data_3 (287)  [1/1] 0.00ns  loc: ../TrackletAlgorithm/VMRouter.hh:83
:9  %vmStubsPH2Z1_3_data_3 = getelementptr [64 x i18]* %vmStubsPH2Z1_3_data, i64 0, i64 %newIndex53

ST_6: vmStubsPH2Z1_8_data_3 (288)  [1/1] 0.00ns  loc: ../TrackletAlgorithm/VMRouter.hh:83
:10  %vmStubsPH2Z1_8_data_3 = getelementptr [64 x i18]* %vmStubsPH2Z1_8_data, i64 0, i64 %newIndex53

ST_6: tmp_87 (289)  [1/1] 0.00ns  loc: ../TrackletAlgorithm/HLSReducedStubLayer.hh:43->../TrackletAlgorithm/VMRouter.hh:83
:11  %tmp_87 = call i5 @_ssdm_op_PartSelect.i5.i36.i32.i32(i36 %HLSFullStubLayerPS_d, i32 31, i32 35)

ST_6: HLSReducedStubLayer_8 (290)  [1/1] 0.00ns  loc: ../TrackletAlgorithm/HLSReducedStubLayer.hh:43->../TrackletAlgorithm/VMRouter.hh:83
:12  %HLSReducedStubLayer_8 = call i18 @_ssdm_op_BitConcatenate.i18.i6.i5.i3.i4(i6 %p_0, i5 %tmp_87, i3 %redPhi_V, i4 %redZ_V)

ST_6: StgValue_265 (293)  [1/1] 2.27ns  loc: ../TrackletAlgorithm/VMRouter.hh:83
branch21:0  store i18 %HLSReducedStubLayer_8, i18* %vmStubsPH2Z1_3_data_3, align 4

ST_6: StgValue_266 (294)  [1/1] 0.00ns  loc: ../TrackletAlgorithm/VMRouter.hh:83
branch21:1  br label %7

ST_6: StgValue_267 (296)  [1/1] 2.27ns  loc: ../TrackletAlgorithm/VMRouter.hh:83
branch20:0  store i18 %HLSReducedStubLayer_8, i18* %vmStubsPH2Z1_2_data_3, align 4

ST_6: StgValue_268 (297)  [1/1] 0.00ns  loc: ../TrackletAlgorithm/VMRouter.hh:83
branch20:1  br label %7

ST_6: StgValue_269 (299)  [1/1] 2.27ns  loc: ../TrackletAlgorithm/VMRouter.hh:83
branch19:0  store i18 %HLSReducedStubLayer_8, i18* %vmStubsPH2Z1_1_data_3, align 4

ST_6: StgValue_270 (300)  [1/1] 0.00ns  loc: ../TrackletAlgorithm/VMRouter.hh:83
branch19:1  br label %7

ST_6: StgValue_271 (302)  [1/1] 2.27ns  loc: ../TrackletAlgorithm/VMRouter.hh:83
branch18:0  store i18 %HLSReducedStubLayer_8, i18* %vmStubsPH2Z1_0_data_3, align 4

ST_6: StgValue_272 (303)  [1/1] 0.00ns  loc: ../TrackletAlgorithm/VMRouter.hh:83
branch18:1  br label %7

ST_6: StgValue_273 (305)  [1/1] 2.27ns  loc: ../TrackletAlgorithm/VMRouter.hh:83
branch26:0  store i18 %HLSReducedStubLayer_8, i18* %vmStubsPH2Z1_8_data_3, align 4

ST_6: StgValue_274 (306)  [1/1] 0.00ns  loc: ../TrackletAlgorithm/VMRouter.hh:83
branch26:1  br label %7

ST_6: newIndex51 (318)  [1/1] 0.00ns
:5  %newIndex51 = zext i6 %newIndex50 to i64

ST_6: vmStubsPH1Z1_0_data_3 (319)  [1/1] 0.00ns  loc: ../TrackletAlgorithm/VMRouter.hh:79
:6  %vmStubsPH1Z1_0_data_3 = getelementptr [64 x i18]* %vmStubsPH1Z1_0_data, i64 0, i64 %newIndex51

ST_6: vmStubsPH1Z1_1_data_3 (320)  [1/1] 0.00ns  loc: ../TrackletAlgorithm/VMRouter.hh:79
:7  %vmStubsPH1Z1_1_data_3 = getelementptr [64 x i18]* %vmStubsPH1Z1_1_data, i64 0, i64 %newIndex51

ST_6: vmStubsPH1Z1_2_data_3 (321)  [1/1] 0.00ns  loc: ../TrackletAlgorithm/VMRouter.hh:79
:8  %vmStubsPH1Z1_2_data_3 = getelementptr [64 x i18]* %vmStubsPH1Z1_2_data, i64 0, i64 %newIndex51

ST_6: vmStubsPH1Z1_3_data_3 (322)  [1/1] 0.00ns  loc: ../TrackletAlgorithm/VMRouter.hh:79
:9  %vmStubsPH1Z1_3_data_3 = getelementptr [64 x i18]* %vmStubsPH1Z1_3_data, i64 0, i64 %newIndex51

ST_6: vmStubsPH1Z1_8_data_3 (323)  [1/1] 0.00ns  loc: ../TrackletAlgorithm/VMRouter.hh:79
:10  %vmStubsPH1Z1_8_data_3 = getelementptr [64 x i18]* %vmStubsPH1Z1_8_data, i64 0, i64 %newIndex51

ST_6: tmp_85 (324)  [1/1] 0.00ns  loc: ../TrackletAlgorithm/HLSReducedStubLayer.hh:43->../TrackletAlgorithm/VMRouter.hh:79
:11  %tmp_85 = call i5 @_ssdm_op_PartSelect.i5.i36.i32.i32(i36 %HLSFullStubLayerPS_d, i32 31, i32 35)

ST_6: HLSReducedStubLayer_s (325)  [1/1] 0.00ns  loc: ../TrackletAlgorithm/HLSReducedStubLayer.hh:43->../TrackletAlgorithm/VMRouter.hh:79
:12  %HLSReducedStubLayer_s = call i18 @_ssdm_op_BitConcatenate.i18.i6.i5.i3.i4(i6 %p_0, i5 %tmp_85, i3 %redPhi_V, i4 %redZ_V)

ST_6: StgValue_283 (328)  [1/1] 2.27ns  loc: ../TrackletAlgorithm/VMRouter.hh:79
branch12:0  store i18 %HLSReducedStubLayer_s, i18* %vmStubsPH1Z1_3_data_3, align 4

ST_6: StgValue_284 (329)  [1/1] 0.00ns  loc: ../TrackletAlgorithm/VMRouter.hh:79
branch12:1  br label %5

ST_6: StgValue_285 (331)  [1/1] 2.27ns  loc: ../TrackletAlgorithm/VMRouter.hh:79
branch11:0  store i18 %HLSReducedStubLayer_s, i18* %vmStubsPH1Z1_2_data_3, align 4

ST_6: StgValue_286 (332)  [1/1] 0.00ns  loc: ../TrackletAlgorithm/VMRouter.hh:79
branch11:1  br label %5

ST_6: StgValue_287 (334)  [1/1] 2.27ns  loc: ../TrackletAlgorithm/VMRouter.hh:79
branch10:0  store i18 %HLSReducedStubLayer_s, i18* %vmStubsPH1Z1_1_data_3, align 4

ST_6: StgValue_288 (335)  [1/1] 0.00ns  loc: ../TrackletAlgorithm/VMRouter.hh:79
branch10:1  br label %5

ST_6: StgValue_289 (337)  [1/1] 2.27ns  loc: ../TrackletAlgorithm/VMRouter.hh:79
branch9:0  store i18 %HLSReducedStubLayer_s, i18* %vmStubsPH1Z1_0_data_3, align 4

ST_6: StgValue_290 (338)  [1/1] 0.00ns  loc: ../TrackletAlgorithm/VMRouter.hh:79
branch9:1  br label %5

ST_6: StgValue_291 (340)  [1/1] 2.27ns  loc: ../TrackletAlgorithm/VMRouter.hh:79
branch17:0  store i18 %HLSReducedStubLayer_s, i18* %vmStubsPH1Z1_8_data_3, align 4

ST_6: StgValue_292 (341)  [1/1] 0.00ns  loc: ../TrackletAlgorithm/VMRouter.hh:79
branch17:1  br label %5

ST_6: newIndex49 (355)  [1/1] 0.00ns
:5  %newIndex49 = zext i6 %newIndex48 to i64

ST_6: vmStubsPH4Z2_0_data_3 (356)  [1/1] 0.00ns  loc: ../TrackletAlgorithm/VMRouter.hh:112
:6  %vmStubsPH4Z2_0_data_3 = getelementptr [64 x i18]* %vmStubsPH4Z2_0_data, i64 0, i64 %newIndex49

ST_6: vmStubsPH4Z2_1_data_3 (357)  [1/1] 0.00ns  loc: ../TrackletAlgorithm/VMRouter.hh:112
:7  %vmStubsPH4Z2_1_data_3 = getelementptr [64 x i18]* %vmStubsPH4Z2_1_data, i64 0, i64 %newIndex49

ST_6: vmStubsPH4Z2_2_data_3 (358)  [1/1] 0.00ns  loc: ../TrackletAlgorithm/VMRouter.hh:112
:8  %vmStubsPH4Z2_2_data_3 = getelementptr [64 x i18]* %vmStubsPH4Z2_2_data, i64 0, i64 %newIndex49

ST_6: vmStubsPH4Z2_3_data_3 (359)  [1/1] 0.00ns  loc: ../TrackletAlgorithm/VMRouter.hh:112
:9  %vmStubsPH4Z2_3_data_3 = getelementptr [64 x i18]* %vmStubsPH4Z2_3_data, i64 0, i64 %newIndex49

ST_6: vmStubsPH4Z2_8_data_3 (360)  [1/1] 0.00ns  loc: ../TrackletAlgorithm/VMRouter.hh:112
:10  %vmStubsPH4Z2_8_data_3 = getelementptr [64 x i18]* %vmStubsPH4Z2_8_data, i64 0, i64 %newIndex49

ST_6: tmp_83 (361)  [1/1] 0.00ns  loc: ../TrackletAlgorithm/HLSReducedStubLayer.hh:43->../TrackletAlgorithm/VMRouter.hh:112
:11  %tmp_83 = call i5 @_ssdm_op_PartSelect.i5.i36.i32.i32(i36 %HLSFullStubLayerPS_d, i32 31, i32 35)

ST_6: HLSReducedStubLayer_7 (362)  [1/1] 0.00ns  loc: ../TrackletAlgorithm/HLSReducedStubLayer.hh:43->../TrackletAlgorithm/VMRouter.hh:112
:12  %HLSReducedStubLayer_7 = call i18 @_ssdm_op_BitConcatenate.i18.i6.i5.i3.i4(i6 %p_0, i5 %tmp_83, i3 %redPhi_V, i4 %redZ_V)

ST_6: StgValue_301 (365)  [1/1] 2.27ns  loc: ../TrackletAlgorithm/VMRouter.hh:112
branch75:0  store i18 %HLSReducedStubLayer_7, i18* %vmStubsPH4Z2_3_data_3, align 4

ST_6: StgValue_302 (366)  [1/1] 0.00ns  loc: ../TrackletAlgorithm/VMRouter.hh:112
branch75:1  br label %20

ST_6: StgValue_303 (368)  [1/1] 2.27ns  loc: ../TrackletAlgorithm/VMRouter.hh:112
branch74:0  store i18 %HLSReducedStubLayer_7, i18* %vmStubsPH4Z2_2_data_3, align 4

ST_6: StgValue_304 (369)  [1/1] 0.00ns  loc: ../TrackletAlgorithm/VMRouter.hh:112
branch74:1  br label %20

ST_6: StgValue_305 (371)  [1/1] 2.27ns  loc: ../TrackletAlgorithm/VMRouter.hh:112
branch73:0  store i18 %HLSReducedStubLayer_7, i18* %vmStubsPH4Z2_1_data_3, align 4

ST_6: StgValue_306 (372)  [1/1] 0.00ns  loc: ../TrackletAlgorithm/VMRouter.hh:112
branch73:1  br label %20

ST_6: StgValue_307 (374)  [1/1] 2.27ns  loc: ../TrackletAlgorithm/VMRouter.hh:112
branch72:0  store i18 %HLSReducedStubLayer_7, i18* %vmStubsPH4Z2_0_data_3, align 4

ST_6: StgValue_308 (375)  [1/1] 0.00ns  loc: ../TrackletAlgorithm/VMRouter.hh:112
branch72:1  br label %20

ST_6: StgValue_309 (377)  [1/1] 2.27ns  loc: ../TrackletAlgorithm/VMRouter.hh:112
branch80:0  store i18 %HLSReducedStubLayer_7, i18* %vmStubsPH4Z2_8_data_3, align 4

ST_6: StgValue_310 (378)  [1/1] 0.00ns  loc: ../TrackletAlgorithm/VMRouter.hh:112
branch80:1  br label %20

ST_6: newIndex47 (390)  [1/1] 0.00ns
:5  %newIndex47 = zext i6 %newIndex46 to i64

ST_6: vmStubsPH3Z2_0_data_3 (391)  [1/1] 0.00ns  loc: ../TrackletAlgorithm/VMRouter.hh:108
:6  %vmStubsPH3Z2_0_data_3 = getelementptr [64 x i18]* %vmStubsPH3Z2_0_data, i64 0, i64 %newIndex47

ST_6: vmStubsPH3Z2_1_data_3 (392)  [1/1] 0.00ns  loc: ../TrackletAlgorithm/VMRouter.hh:108
:7  %vmStubsPH3Z2_1_data_3 = getelementptr [64 x i18]* %vmStubsPH3Z2_1_data, i64 0, i64 %newIndex47

ST_6: vmStubsPH3Z2_2_data_3 (393)  [1/1] 0.00ns  loc: ../TrackletAlgorithm/VMRouter.hh:108
:8  %vmStubsPH3Z2_2_data_3 = getelementptr [64 x i18]* %vmStubsPH3Z2_2_data, i64 0, i64 %newIndex47

ST_6: vmStubsPH3Z2_3_data_3 (394)  [1/1] 0.00ns  loc: ../TrackletAlgorithm/VMRouter.hh:108
:9  %vmStubsPH3Z2_3_data_3 = getelementptr [64 x i18]* %vmStubsPH3Z2_3_data, i64 0, i64 %newIndex47

ST_6: vmStubsPH3Z2_8_data_3 (395)  [1/1] 0.00ns  loc: ../TrackletAlgorithm/VMRouter.hh:108
:10  %vmStubsPH3Z2_8_data_3 = getelementptr [64 x i18]* %vmStubsPH3Z2_8_data, i64 0, i64 %newIndex47

ST_6: tmp_81 (396)  [1/1] 0.00ns  loc: ../TrackletAlgorithm/HLSReducedStubLayer.hh:43->../TrackletAlgorithm/VMRouter.hh:108
:11  %tmp_81 = call i5 @_ssdm_op_PartSelect.i5.i36.i32.i32(i36 %HLSFullStubLayerPS_d, i32 31, i32 35)

ST_6: HLSReducedStubLayer_6 (397)  [1/1] 0.00ns  loc: ../TrackletAlgorithm/HLSReducedStubLayer.hh:43->../TrackletAlgorithm/VMRouter.hh:108
:12  %HLSReducedStubLayer_6 = call i18 @_ssdm_op_BitConcatenate.i18.i6.i5.i3.i4(i6 %p_0, i5 %tmp_81, i3 %redPhi_V, i4 %redZ_V)

ST_6: StgValue_319 (400)  [1/1] 2.27ns  loc: ../TrackletAlgorithm/VMRouter.hh:108
branch66:0  store i18 %HLSReducedStubLayer_6, i18* %vmStubsPH3Z2_3_data_3, align 4

ST_6: StgValue_320 (401)  [1/1] 0.00ns  loc: ../TrackletAlgorithm/VMRouter.hh:108
branch66:1  br label %18

ST_6: StgValue_321 (403)  [1/1] 2.27ns  loc: ../TrackletAlgorithm/VMRouter.hh:108
branch65:0  store i18 %HLSReducedStubLayer_6, i18* %vmStubsPH3Z2_2_data_3, align 4

ST_6: StgValue_322 (404)  [1/1] 0.00ns  loc: ../TrackletAlgorithm/VMRouter.hh:108
branch65:1  br label %18

ST_6: StgValue_323 (406)  [1/1] 2.27ns  loc: ../TrackletAlgorithm/VMRouter.hh:108
branch64:0  store i18 %HLSReducedStubLayer_6, i18* %vmStubsPH3Z2_1_data_3, align 4

ST_6: StgValue_324 (407)  [1/1] 0.00ns  loc: ../TrackletAlgorithm/VMRouter.hh:108
branch64:1  br label %18

ST_6: StgValue_325 (409)  [1/1] 2.27ns  loc: ../TrackletAlgorithm/VMRouter.hh:108
branch63:0  store i18 %HLSReducedStubLayer_6, i18* %vmStubsPH3Z2_0_data_3, align 4

ST_6: StgValue_326 (410)  [1/1] 0.00ns  loc: ../TrackletAlgorithm/VMRouter.hh:108
branch63:1  br label %18

ST_6: StgValue_327 (412)  [1/1] 2.27ns  loc: ../TrackletAlgorithm/VMRouter.hh:108
branch71:0  store i18 %HLSReducedStubLayer_6, i18* %vmStubsPH3Z2_8_data_3, align 4

ST_6: StgValue_328 (413)  [1/1] 0.00ns  loc: ../TrackletAlgorithm/VMRouter.hh:108
branch71:1  br label %18

ST_6: newIndex45 (425)  [1/1] 0.00ns
:5  %newIndex45 = zext i6 %newIndex44 to i64

ST_6: vmStubsPH2Z2_0_data_3 (426)  [1/1] 0.00ns  loc: ../TrackletAlgorithm/VMRouter.hh:104
:6  %vmStubsPH2Z2_0_data_3 = getelementptr [64 x i18]* %vmStubsPH2Z2_0_data, i64 0, i64 %newIndex45

ST_6: vmStubsPH2Z2_1_data_3 (427)  [1/1] 0.00ns  loc: ../TrackletAlgorithm/VMRouter.hh:104
:7  %vmStubsPH2Z2_1_data_3 = getelementptr [64 x i18]* %vmStubsPH2Z2_1_data, i64 0, i64 %newIndex45

ST_6: vmStubsPH2Z2_2_data_3 (428)  [1/1] 0.00ns  loc: ../TrackletAlgorithm/VMRouter.hh:104
:8  %vmStubsPH2Z2_2_data_3 = getelementptr [64 x i18]* %vmStubsPH2Z2_2_data, i64 0, i64 %newIndex45

ST_6: vmStubsPH2Z2_3_data_3 (429)  [1/1] 0.00ns  loc: ../TrackletAlgorithm/VMRouter.hh:104
:9  %vmStubsPH2Z2_3_data_3 = getelementptr [64 x i18]* %vmStubsPH2Z2_3_data, i64 0, i64 %newIndex45

ST_6: vmStubsPH2Z2_8_data_3 (430)  [1/1] 0.00ns  loc: ../TrackletAlgorithm/VMRouter.hh:104
:10  %vmStubsPH2Z2_8_data_3 = getelementptr [64 x i18]* %vmStubsPH2Z2_8_data, i64 0, i64 %newIndex45

ST_6: tmp_79 (431)  [1/1] 0.00ns  loc: ../TrackletAlgorithm/HLSReducedStubLayer.hh:43->../TrackletAlgorithm/VMRouter.hh:104
:11  %tmp_79 = call i5 @_ssdm_op_PartSelect.i5.i36.i32.i32(i36 %HLSFullStubLayerPS_d, i32 31, i32 35)

ST_6: HLSReducedStubLayer_5 (432)  [1/1] 0.00ns  loc: ../TrackletAlgorithm/HLSReducedStubLayer.hh:43->../TrackletAlgorithm/VMRouter.hh:104
:12  %HLSReducedStubLayer_5 = call i18 @_ssdm_op_BitConcatenate.i18.i6.i5.i3.i4(i6 %p_0, i5 %tmp_79, i3 %redPhi_V, i4 %redZ_V)

ST_6: StgValue_337 (435)  [1/1] 2.27ns  loc: ../TrackletAlgorithm/VMRouter.hh:104
branch57:0  store i18 %HLSReducedStubLayer_5, i18* %vmStubsPH2Z2_3_data_3, align 4

ST_6: StgValue_338 (436)  [1/1] 0.00ns  loc: ../TrackletAlgorithm/VMRouter.hh:104
branch57:1  br label %16

ST_6: StgValue_339 (438)  [1/1] 2.27ns  loc: ../TrackletAlgorithm/VMRouter.hh:104
branch56:0  store i18 %HLSReducedStubLayer_5, i18* %vmStubsPH2Z2_2_data_3, align 4

ST_6: StgValue_340 (439)  [1/1] 0.00ns  loc: ../TrackletAlgorithm/VMRouter.hh:104
branch56:1  br label %16

ST_6: StgValue_341 (441)  [1/1] 2.27ns  loc: ../TrackletAlgorithm/VMRouter.hh:104
branch55:0  store i18 %HLSReducedStubLayer_5, i18* %vmStubsPH2Z2_1_data_3, align 4

ST_6: StgValue_342 (442)  [1/1] 0.00ns  loc: ../TrackletAlgorithm/VMRouter.hh:104
branch55:1  br label %16

ST_6: StgValue_343 (444)  [1/1] 2.27ns  loc: ../TrackletAlgorithm/VMRouter.hh:104
branch54:0  store i18 %HLSReducedStubLayer_5, i18* %vmStubsPH2Z2_0_data_3, align 4

ST_6: StgValue_344 (445)  [1/1] 0.00ns  loc: ../TrackletAlgorithm/VMRouter.hh:104
branch54:1  br label %16

ST_6: StgValue_345 (447)  [1/1] 2.27ns  loc: ../TrackletAlgorithm/VMRouter.hh:104
branch62:0  store i18 %HLSReducedStubLayer_5, i18* %vmStubsPH2Z2_8_data_3, align 4

ST_6: StgValue_346 (448)  [1/1] 0.00ns  loc: ../TrackletAlgorithm/VMRouter.hh:104
branch62:1  br label %16

ST_6: newIndex43 (460)  [1/1] 0.00ns
:5  %newIndex43 = zext i6 %newIndex42 to i64

ST_6: vmStubsPH1Z2_0_data_3 (461)  [1/1] 0.00ns  loc: ../TrackletAlgorithm/VMRouter.hh:100
:6  %vmStubsPH1Z2_0_data_3 = getelementptr [64 x i18]* %vmStubsPH1Z2_0_data, i64 0, i64 %newIndex43

ST_6: vmStubsPH1Z2_1_data_3 (462)  [1/1] 0.00ns  loc: ../TrackletAlgorithm/VMRouter.hh:100
:7  %vmStubsPH1Z2_1_data_3 = getelementptr [64 x i18]* %vmStubsPH1Z2_1_data, i64 0, i64 %newIndex43

ST_6: vmStubsPH1Z2_2_data_3 (463)  [1/1] 0.00ns  loc: ../TrackletAlgorithm/VMRouter.hh:100
:8  %vmStubsPH1Z2_2_data_3 = getelementptr [64 x i18]* %vmStubsPH1Z2_2_data, i64 0, i64 %newIndex43

ST_6: vmStubsPH1Z2_3_data_3 (464)  [1/1] 0.00ns  loc: ../TrackletAlgorithm/VMRouter.hh:100
:9  %vmStubsPH1Z2_3_data_3 = getelementptr [64 x i18]* %vmStubsPH1Z2_3_data, i64 0, i64 %newIndex43

ST_6: vmStubsPH1Z2_8_data_3 (465)  [1/1] 0.00ns  loc: ../TrackletAlgorithm/VMRouter.hh:100
:10  %vmStubsPH1Z2_8_data_3 = getelementptr [64 x i18]* %vmStubsPH1Z2_8_data, i64 0, i64 %newIndex43

ST_6: tmp_74 (466)  [1/1] 0.00ns  loc: ../TrackletAlgorithm/HLSReducedStubLayer.hh:43->../TrackletAlgorithm/VMRouter.hh:100
:11  %tmp_74 = call i5 @_ssdm_op_PartSelect.i5.i36.i32.i32(i36 %HLSFullStubLayerPS_d, i32 31, i32 35)

ST_6: HLSReducedStubLayer_11 (467)  [1/1] 0.00ns  loc: ../TrackletAlgorithm/HLSReducedStubLayer.hh:43->../TrackletAlgorithm/VMRouter.hh:100
:12  %HLSReducedStubLayer_11 = call i18 @_ssdm_op_BitConcatenate.i18.i6.i5.i3.i4(i6 %p_0, i5 %tmp_74, i3 %redPhi_V, i4 %redZ_V)

ST_6: StgValue_355 (470)  [1/1] 2.27ns  loc: ../TrackletAlgorithm/VMRouter.hh:100
branch48:0  store i18 %HLSReducedStubLayer_11, i18* %vmStubsPH1Z2_3_data_3, align 4

ST_6: StgValue_356 (471)  [1/1] 0.00ns  loc: ../TrackletAlgorithm/VMRouter.hh:100
branch48:1  br label %14

ST_6: StgValue_357 (473)  [1/1] 2.27ns  loc: ../TrackletAlgorithm/VMRouter.hh:100
branch47:0  store i18 %HLSReducedStubLayer_11, i18* %vmStubsPH1Z2_2_data_3, align 4

ST_6: StgValue_358 (474)  [1/1] 0.00ns  loc: ../TrackletAlgorithm/VMRouter.hh:100
branch47:1  br label %14

ST_6: StgValue_359 (476)  [1/1] 2.27ns  loc: ../TrackletAlgorithm/VMRouter.hh:100
branch46:0  store i18 %HLSReducedStubLayer_11, i18* %vmStubsPH1Z2_1_data_3, align 4

ST_6: StgValue_360 (477)  [1/1] 0.00ns  loc: ../TrackletAlgorithm/VMRouter.hh:100
branch46:1  br label %14

ST_6: StgValue_361 (479)  [1/1] 2.27ns  loc: ../TrackletAlgorithm/VMRouter.hh:100
branch45:0  store i18 %HLSReducedStubLayer_11, i18* %vmStubsPH1Z2_0_data_3, align 4

ST_6: StgValue_362 (480)  [1/1] 0.00ns  loc: ../TrackletAlgorithm/VMRouter.hh:100
branch45:1  br label %14

ST_6: StgValue_363 (482)  [1/1] 2.27ns  loc: ../TrackletAlgorithm/VMRouter.hh:100
branch53:0  store i18 %HLSReducedStubLayer_11, i18* %vmStubsPH1Z2_8_data_3, align 4

ST_6: StgValue_364 (483)  [1/1] 0.00ns  loc: ../TrackletAlgorithm/VMRouter.hh:100
branch53:1  br label %14

ST_6: tmp_78 (490)  [1/1] 2.00ns  loc: ../TrackletAlgorithm/VMRouter.hh:118
_ZrsILi12ELb0EE11ap_int_baseIXT_EXT0_EXleT_Li64EEERKS1_i.exit._crit_edge:0  %tmp_78 = icmp eq i6 %p_0, -1

ST_6: index_V (491)  [1/1] 1.36ns  loc: ../TrackletAlgorithm/VMRouter.hh:118
_ZrsILi12ELb0EE11ap_int_baseIXT_EXT0_EXleT_Li64EEERKS1_i.exit._crit_edge:1  %index_V = add i6 %p_0, -1

ST_6: p_s (492)  [1/1] 0.00ns  loc: ../TrackletAlgorithm/VMRouter.hh:118 (grouped into LUT with out node index_V_3)
_ZrsILi12ELb0EE11ap_int_baseIXT_EXT0_EXleT_Li64EEERKS1_i.exit._crit_edge:2  %p_s = select i1 %tmp_78, i6 %index_V, i6 %p_0

ST_6: index_V_3 (493)  [1/1] 1.36ns  loc: ../TrackletAlgorithm/VMRouter.hh:119 (out node of the LUT)
_ZrsILi12ELb0EE11ap_int_baseIXT_EXT0_EXleT_Li64EEERKS1_i.exit._crit_edge:3  %index_V_3 = add i6 %p_s, 1

ST_6: empty_40 (494)  [1/1] 0.00ns  loc: ../TrackletAlgorithm/VMRouter.hh:124
_ZrsILi12ELb0EE11ap_int_baseIXT_EXT0_EXleT_Li64EEERKS1_i.exit._crit_edge:4  %empty_40 = call i32 (...)* @_ssdm_op_SpecRegionEnd([9 x i8]* @p_str9, i32 %tmp_68)

ST_6: StgValue_370 (495)  [1/1] 0.00ns  loc: ../TrackletAlgorithm/VMRouter.hh:35
_ZrsILi12ELb0EE11ap_int_baseIXT_EXT0_EXleT_Li64EEERKS1_i.exit._crit_edge:5  br label %1


 <State 7>: 0.00ns
ST_7: nPH4Z2_V_load_5 (497)  [1/1] 0.00ns  loc: ../TrackletAlgorithm/VMRouter.hh:125
.loopexit:0  %nPH4Z2_V_load_5 = load i6* %nPH4Z2_V

ST_7: nPH3Z2_V_load43 (498)  [1/1] 0.00ns  loc: ../TrackletAlgorithm/VMRouter.hh:125
.loopexit:1  %nPH3Z2_V_load43 = load i6* %nPH3Z2_V

ST_7: nPH2Z2_V_load41 (499)  [1/1] 0.00ns  loc: ../TrackletAlgorithm/VMRouter.hh:125
.loopexit:2  %nPH2Z2_V_load41 = load i6* %nPH2Z2_V

ST_7: nPH1Z2_V_load_5 (500)  [1/1] 0.00ns  loc: ../TrackletAlgorithm/VMRouter.hh:125
.loopexit:3  %nPH1Z2_V_load_5 = load i6* %nPH1Z2_V

ST_7: nPH4Z1_V_load_5 (501)  [1/1] 0.00ns  loc: ../TrackletAlgorithm/VMRouter.hh:125
.loopexit:4  %nPH4Z1_V_load_5 = load i6* %nPH4Z1_V

ST_7: nPH3Z1_V_load_5 (502)  [1/1] 0.00ns  loc: ../TrackletAlgorithm/VMRouter.hh:125
.loopexit:5  %nPH3Z1_V_load_5 = load i6* %nPH3Z1_V

ST_7: nPH2Z1_V_load33 (503)  [1/1] 0.00ns  loc: ../TrackletAlgorithm/VMRouter.hh:125
.loopexit:6  %nPH2Z1_V_load33 = load i6* %nPH2Z1_V

ST_7: nPH1Z1_V_load31 (504)  [1/1] 0.00ns  loc: ../TrackletAlgorithm/VMRouter.hh:125
.loopexit:7  %nPH1Z1_V_load31 = load i6* %nPH1Z1_V

ST_7: mrv (505)  [1/1] 0.00ns  loc: ../TrackletAlgorithm/VMRouter.hh:125
.loopexit:8  %mrv = insertvalue { i6, i6, i6, i6, i6, i6, i6, i6 } undef, i6 %nPH1Z1_V_load31, 0

ST_7: mrv_1 (506)  [1/1] 0.00ns  loc: ../TrackletAlgorithm/VMRouter.hh:125
.loopexit:9  %mrv_1 = insertvalue { i6, i6, i6, i6, i6, i6, i6, i6 } %mrv, i6 %nPH2Z1_V_load33, 1

ST_7: mrv_2 (507)  [1/1] 0.00ns  loc: ../TrackletAlgorithm/VMRouter.hh:125
.loopexit:10  %mrv_2 = insertvalue { i6, i6, i6, i6, i6, i6, i6, i6 } %mrv_1, i6 %nPH3Z1_V_load_5, 2

ST_7: mrv_3 (508)  [1/1] 0.00ns  loc: ../TrackletAlgorithm/VMRouter.hh:125
.loopexit:11  %mrv_3 = insertvalue { i6, i6, i6, i6, i6, i6, i6, i6 } %mrv_2, i6 %nPH4Z1_V_load_5, 3

ST_7: mrv_4 (509)  [1/1] 0.00ns  loc: ../TrackletAlgorithm/VMRouter.hh:125
.loopexit:12  %mrv_4 = insertvalue { i6, i6, i6, i6, i6, i6, i6, i6 } %mrv_3, i6 %nPH1Z2_V_load_5, 4

ST_7: mrv_5 (510)  [1/1] 0.00ns  loc: ../TrackletAlgorithm/VMRouter.hh:125
.loopexit:13  %mrv_5 = insertvalue { i6, i6, i6, i6, i6, i6, i6, i6 } %mrv_4, i6 %nPH2Z2_V_load41, 5

ST_7: mrv_6 (511)  [1/1] 0.00ns  loc: ../TrackletAlgorithm/VMRouter.hh:125
.loopexit:14  %mrv_6 = insertvalue { i6, i6, i6, i6, i6, i6, i6, i6 } %mrv_5, i6 %nPH3Z2_V_load43, 6

ST_7: mrv_7 (512)  [1/1] 0.00ns  loc: ../TrackletAlgorithm/VMRouter.hh:125
.loopexit:15  %mrv_7 = insertvalue { i6, i6, i6, i6, i6, i6, i6, i6 } %mrv_6, i6 %nPH4Z2_V_load_5, 7

ST_7: StgValue_387 (513)  [1/1] 0.00ns  loc: ../TrackletAlgorithm/VMRouter.hh:125
.loopexit:16  ret { i6, i6, i6, i6, i6, i6, i6, i6 } %mrv_7



============================================================
+ Verbose Summary: Timing violations
============================================================
Target clock period: 4ns, clock uncertainty: 0.5ns.

 <State 1>: 0.844ns
The critical path consists of the following:
	'alloca' operation ('nPH4Z2.V') [74]  (0 ns)
	'store' operation (../TrackletAlgorithm/VMRouter.hh:31) of variable 'nPH4Z2.V' on local variable 'nPH4Z2.V' [128]  (0.844 ns)

 <State 2>: 2.93ns
The critical path consists of the following:
	'phi' operation ('i') with incoming values : ('i', ../TrackletAlgorithm/VMRouter.hh:35) [132]  (0 ns)
	'add' operation ('sum1', ../TrackletAlgorithm/VMRouter.hh:35) [171]  (1.36 ns)

 <State 3>: 2.27ns
The critical path consists of the following:
	'getelementptr' operation ('stubsInLayer_2_data_5', ../TrackletAlgorithm/VMRouter.hh:35) [156]  (0 ns)
	'load' operation ('stubsInLayer_2_data_6', ../TrackletAlgorithm/VMRouter.hh:35) on array 'stubsInLayer_2_data' [157]  (2.27 ns)

 <State 4>: 3.42ns
The critical path consists of the following:
	'load' operation ('stubsInLayer_0_data_6', ../TrackletAlgorithm/VMRouter.hh:35) on array 'stubsInLayer_0_data' [153]  (2.27 ns)
	'mux' operation ('HLSFullStubLayerPS.data_.V', ../TrackletAlgorithm/VMRouter.hh:35) [170]  (1.15 ns)

 <State 5>: 2.93ns
The critical path consists of the following:
	'load' operation ('nPH4Z1_V_load_6') on local variable 'nPH4Z1.V' [208]  (0 ns)
	'add' operation ('sum9') [210]  (1.36 ns)

 <State 6>: 3.38ns
The critical path consists of the following:
	'xor' operation ('redPhi.V', ../TrackletAlgorithm/VMRouter.hh:56) [199]  (1.12 ns)
	'store' operation (../TrackletAlgorithm/VMRouter.hh:91) of variable 'HLSReducedStubLayer.data_.V', ../TrackletAlgorithm/HLSReducedStubLayer.hh:43->../TrackletAlgorithm/VMRouter.hh:91 on array 'vmStubsPH4Z1_1_data' [229]  (2.27 ns)

 <State 7>: 0ns
The critical path consists of the following:


============================================================
+ Verbose Summary: Binding
============================================================
N/A
* FSMD analyzer results:
  - Output states:
 - Input state : 
  - Chain level:
	State 1
	State 2
	State 3
	State 4
	State 5
	State 6
	State 7


============================================================
+ Verbose Summary: Datapath Resource usage 
============================================================
N/A
