

================================================================
== Vivado HLS Report for 'VMRouterDispatcher_AddStub'
================================================================
* Date:           Fri Sep  1 16:13:03 2017

* Version:        2016.1 (Build 1538259 on Fri Apr 08 16:12:49 MDT 2016)
* Project:        vmrouter_2
* Solution:       solution1-dependencies
* Product family: virtex7
* Target device:  xc7vx690tffg1927-2


================================================================
== Performance Estimates
================================================================
+ Timing (ns): 
    * Summary: 
    +--------+-------+----------+------------+
    |  Clock | Target| Estimated| Uncertainty|
    +--------+-------+----------+------------+
    |ap_clk  |   4.00|      1.33|        0.50|
    +--------+-------+----------+------------+

+ Latency (clock cycles): 
    * Summary: 
    +-----+-----+-----+-----+----------+
    |  Latency  |  Interval | Pipeline |
    | min | max | min | max |   Type   |
    +-----+-----+-----+-----+----------+
    |    0|    0|    1|    1| function |
    +-----+-----+-----+-----+----------+

    + Detail: 
        * Instance: 
        N/A

        * Loop: 
        N/A



================================================================
== Utilization Estimates
================================================================
* Summary: 
+-----------------+---------+-------+--------+--------+
|       Name      | BRAM_18K| DSP48E|   FF   |   LUT  |
+-----------------+---------+-------+--------+--------+
|DSP              |        -|      -|       -|       -|
|Expression       |        -|      -|       -|       -|
|FIFO             |        -|      -|       -|       -|
|Instance         |        -|      -|       -|       -|
|Memory           |        -|      -|       -|       -|
|Multiplexer      |        -|      -|       -|       -|
|Register         |        -|      -|       -|       -|
+-----------------+---------+-------+--------+--------+
|Total            |        0|      0|       0|       0|
+-----------------+---------+-------+--------+--------+
|Available        |     2940|   3600|  866400|  433200|
+-----------------+---------+-------+--------+--------+
|Utilization (%)  |        0|      0|       0|       0|
+-----------------+---------+-------+--------+--------+

+ Detail: 
    * Instance: 
    N/A

    * DSP48: 
    N/A

    * Memory: 
    N/A

    * FIFO: 
    N/A

    * Expression: 
    N/A

    * Multiplexer: 
    N/A

    * Register: 
    N/A



================================================================
== Interface
================================================================
* Summary: 
+-----------------------------------+-----+-----+------------+-----------------------------------+--------------+
|             RTL Ports             | Dir | Bits|  Protocol  |           Source Object           |    C Type    |
+-----------------------------------+-----+-----+------------+-----------------------------------+--------------+
|HLSReducedStubLayer_z_V_write      |  in |    4|   ap_none  |   HLSReducedStubLayer_z_V_write   |    scalar    |
|HLSReducedStubLayer_phi_V_write    |  in |    3|   ap_none  |  HLSReducedStubLayer_phi_V_write  |    scalar    |
|HLSReducedStubLayer_r_V_write      |  in |    2|   ap_none  |   HLSReducedStubLayer_r_V_write   |    scalar    |
|HLSReducedStubLayer_pt_V_write     |  in |    3|   ap_none  |   HLSReducedStubLayer_pt_V_write  |    scalar    |
|HLSReducedStubLayer_index_V_write  |  in |    6|   ap_none  | HLSReducedStubLayer_index_V_write |    scalar    |
|ap_return_0                        | out |    4| ap_ctrl_hs |     VMRouterDispatcher_AddStub    | return value |
|ap_return_1                        | out |    3| ap_ctrl_hs |     VMRouterDispatcher_AddStub    | return value |
|ap_return_2                        | out |    2| ap_ctrl_hs |     VMRouterDispatcher_AddStub    | return value |
|ap_return_3                        | out |    3| ap_ctrl_hs |     VMRouterDispatcher_AddStub    | return value |
|ap_return_4                        | out |    6| ap_ctrl_hs |     VMRouterDispatcher_AddStub    | return value |
+-----------------------------------+-----+-----+------------+-----------------------------------+--------------+

