

================================================================
== Vivado HLS Report for 'VMRouter_2_s'
================================================================
* Date:           Mon Sep 18 17:38:56 2017

* Version:        2017.2 (Build 1909853 on Thu Jun 15 18:55:24 MDT 2017)
* Project:        vmrouter_2
* Solution:       solution2-nodependencies
* Product family: virtex7
* Target device:  xc7vx690tffg1927-2


================================================================
== Performance Estimates
================================================================
+ Timing (ns): 
    * Summary: 
    +--------+-------+----------+------------+
    |  Clock | Target| Estimated| Uncertainty|
    +--------+-------+----------+------------+
    |ap_clk  |   4.00|      3.42|        0.50|
    +--------+-------+----------+------------+

+ Latency (clock cycles): 
    * Summary: 
    +-----+-----+-----+-----+---------+
    |  Latency  |  Interval | Pipeline|
    | min | max | min | max |   Type  |
    +-----+-----+-----+-----+---------+
    |    5|   68|    5|   68|   none  |
    +-----+-----+-----+-----+---------+

    + Detail: 
        * Instance: 
        N/A

        * Loop: 
        +------------+-----+-----+----------+-----------+-----------+--------+----------+
        |            |  Latency  | Iteration|  Initiation Interval  |  Trip  |          |
        |  Loop Name | min | max |  Latency |  achieved |   target  |  Count | Pipelined|
        +------------+-----+-----+----------+-----------+-----------+--------+----------+
        |- STUBLOOP  |    3|   66|         4|          1|          1| 1 ~ 64 |    yes   |
        +------------+-----+-----+----------+-----------+-----------+--------+----------+



================================================================
== Utilization Estimates
================================================================
* Summary: 
+-----------------+---------+-------+--------+--------+
|       Name      | BRAM_18K| DSP48E|   FF   |   LUT  |
+-----------------+---------+-------+--------+--------+
|DSP              |        -|      -|       -|       -|
|Expression       |        -|      -|     806|     403|
|FIFO             |        -|      -|       -|       -|
|Instance         |        -|      -|     166|      44|
|Memory           |        -|      -|       -|       -|
|Multiplexer      |        -|      -|       -|     125|
|Register         |        -|      -|     608|     128|
+-----------------+---------+-------+--------+--------+
|Total            |        0|      0|    1580|     700|
+-----------------+---------+-------+--------+--------+
|Available        |     2940|   3600|  866400|  433200|
+-----------------+---------+-------+--------+--------+
|Utilization (%)  |        0|      0|   ~0   |   ~0   |
+-----------------+---------+-------+--------+--------+

+ Detail: 
    * Instance: 
    +----------------------------+----------------------+---------+-------+-----+----+
    |          Instance          |        Module        | BRAM_18K| DSP48E|  FF | LUT|
    +----------------------------+----------------------+---------+-------+-----+----+
    |VMRouterDispatchebkb_x_U75  |VMRouterDispatchebkb  |        0|      0|  166|  44|
    +----------------------------+----------------------+---------+-------+-----+----+
    |Total                       |                      |        0|      0|  166|  44|
    +----------------------------+----------------------+---------+-------+-----+----+

    * DSP48: 
    N/A

    * Memory: 
    N/A

    * FIFO: 
    N/A

    * Expression: 
    +------------------------------+----------+-------+----+----+------------+------------+
    |         Variable Name        | Operation| DSP48E| FF | LUT| Bitwidth P0| Bitwidth P1|
    +------------------------------+----------+-------+----+----+------------+------------+
    |i_2_fu_1734_p2                |     +    |      0|  26|  12|           7|           1|
    |index_V_2_fu_2472_p2          |     +    |      0|  23|  11|           6|           1|
    |index_V_fu_2458_p2            |     +    |      0|  23|  11|           6|           2|
    |newIndex21_fu_1792_p2         |     +    |      0|  23|  11|           6|           6|
    |newIndex23_fu_2139_p2         |     +    |      0|  23|  11|           6|           6|
    |newIndex25_fu_2101_p2         |     +    |      0|  23|  11|           6|           6|
    |newIndex27_fu_2063_p2         |     +    |      0|  23|  11|           6|           6|
    |newIndex29_fu_2025_p2         |     +    |      0|  23|  11|           6|           6|
    |newIndex31_fu_1987_p2         |     +    |      0|  23|  11|           6|           6|
    |newIndex33_fu_1949_p2         |     +    |      0|  23|  11|           6|           6|
    |newIndex35_fu_1911_p2         |     +    |      0|  23|  11|           6|           6|
    |newIndex37_fu_1873_p2         |     +    |      0|  23|  11|           6|           6|
    |newIndex_fu_1772_p2           |     +    |      0|  23|  11|           6|           6|
    |sum1_fu_1777_p2               |     +    |      0|  32|  14|           9|           9|
    |sum2_fu_2124_p2               |     +    |      0|  32|  14|           9|           9|
    |sum3_fu_2086_p2               |     +    |      0|  32|  14|           9|           9|
    |sum4_fu_2048_p2               |     +    |      0|  32|  14|           9|           9|
    |sum5_fu_2010_p2               |     +    |      0|  32|  14|           9|           9|
    |sum6_fu_1972_p2               |     +    |      0|  32|  14|           9|           9|
    |sum7_fu_1934_p2               |     +    |      0|  32|  14|           9|           9|
    |sum8_fu_1896_p2               |     +    |      0|  32|  14|           9|           9|
    |sum9_fu_1858_p2               |     +    |      0|  32|  14|           9|           9|
    |sum_fu_1757_p2                |     +    |      0|  32|  14|           9|           9|
    |tmp_37_fu_1995_p2             |     +    |      0|  23|  11|           6|           1|
    |tmp_39_fu_1957_p2             |     +    |      0|  23|  11|           6|           1|
    |tmp_51_fu_2033_p2             |     +    |      0|  23|  11|           6|           1|
    |tmp_57_fu_2147_p2             |     +    |      0|  23|  11|           6|           1|
    |tmp_58_fu_2109_p2             |     +    |      0|  23|  11|           6|           1|
    |tmp_59_fu_2071_p2             |     +    |      0|  23|  11|           6|           1|
    |tmp_60_fu_1919_p2             |     +    |      0|  23|  11|           6|           1|
    |tmp_61_fu_1881_p2             |     +    |      0|  23|  11|           6|           1|
    |tmp_52_fu_2452_p2             |   icmp   |      0|   0|   3|           6|           2|
    |tmp_s_fu_1744_p2              |   icmp   |      0|   0|  16|          32|          32|
    |ap_predicate_tran2to6_state2  |    or    |      0|   0|   2|           1|           1|
    |p_s_fu_2464_p3                |  select  |      0|   0|   6|           1|           6|
    |ap_enable_pp0                 |    xor   |      0|   0|   2|           1|           2|
    |ap_enable_reg_pp0_iter1       |    xor   |      0|   0|   2|           1|           2|
    +------------------------------+----------+-------+----+----+------------+------------+
    |Total                         |          |      0| 806| 403|         259|         207|
    +------------------------------+----------+-------+----+----+------------+------------+

    * Multiplexer: 
    +-------------------------+----+-----------+-----+-----------+
    |           Name          | LUT| Input Size| Bits| Total Bits|
    +-------------------------+----+-----------+-----+-----------+
    |ap_NS_fsm                |  17|          4|    1|          4|
    |ap_enable_reg_pp0_iter1  |   9|          2|    1|          2|
    |ap_enable_reg_pp0_iter3  |   9|          2|    1|          2|
    |i_reg_1562               |   9|          2|    7|         14|
    |nPH1Z1_V_fu_352          |   9|          2|    6|         12|
    |nPH1Z2_V_fu_336          |   9|          2|    6|         12|
    |nPH2Z1_V_fu_348          |   9|          2|    6|         12|
    |nPH2Z2_V_fu_332          |   9|          2|    6|         12|
    |nPH3Z1_V_fu_344          |   9|          2|    6|         12|
    |nPH3Z2_V_fu_328          |   9|          2|    6|         12|
    |nPH4Z1_V_fu_340          |   9|          2|    6|         12|
    |nPH4Z2_V_fu_324          |   9|          2|    6|         12|
    |p_0_reg_1550             |   9|          2|    6|         12|
    +-------------------------+----+-----------+-----+-----------+
    |Total                    | 125|         28|   64|        130|
    +-------------------------+----+-----------+-----+-----------+

    * Register: 
    +-----------------------------------+----+----+-----+-----------+
    |                Name               | FF | LUT| Bits| Const Bits|
    +-----------------------------------+----+----+-----+-----------+
    |HLSFullStubLayerPS_d_reg_2772      |  36|   0|   36|          0|
    |ap_CS_fsm                          |   3|   0|    3|          0|
    |ap_enable_reg_pp0_iter0            |   1|   0|    1|          0|
    |ap_enable_reg_pp0_iter1            |   1|   0|    1|          0|
    |ap_enable_reg_pp0_iter2            |   1|   0|    1|          0|
    |ap_enable_reg_pp0_iter3            |   1|   0|    1|          0|
    |ap_reg_pp0_iter1_arrayNo_reg_2708  |   3|   0|    3|          0|
    |arrayNo_reg_2708                   |   3|   0|    3|          0|
    |i_reg_1562                         |   7|   0|    7|          0|
    |nPH1Z1_V_fu_352                    |   6|   0|    6|          0|
    |nPH1Z2_V_fu_336                    |   6|   0|    6|          0|
    |nPH2Z1_V_fu_348                    |   6|   0|    6|          0|
    |nPH2Z2_V_fu_332                    |   6|   0|    6|          0|
    |nPH3Z1_V_fu_344                    |   6|   0|    6|          0|
    |nPH3Z2_V_fu_328                    |   6|   0|    6|          0|
    |nPH4Z1_V_fu_340                    |   6|   0|    6|          0|
    |nPH4Z2_V_fu_324                    |   6|   0|    6|          0|
    |newIndex21_reg_2722                |   6|   0|    6|          0|
    |newIndex23_reg_2863                |   6|   0|    6|          0|
    |newIndex25_reg_2854                |   6|   0|    6|          0|
    |newIndex27_reg_2845                |   6|   0|    6|          0|
    |newIndex29_reg_2836                |   6|   0|    6|          0|
    |newIndex31_reg_2827                |   6|   0|    6|          0|
    |newIndex33_reg_2818                |   6|   0|    6|          0|
    |newIndex35_reg_2809                |   6|   0|    6|          0|
    |newIndex37_reg_2800                |   6|   0|    6|          0|
    |newIndex_reg_2713                  |   6|   0|    6|          0|
    |p_0_reg_1550                       |   6|   0|    6|          0|
    |routePhi_V_reg_2788                |   2|   0|    2|          0|
    |routeZ_V_reg_2792                  |   1|   0|    1|          0|
    |tmp_32_reg_2718                    |   3|   0|    3|          0|
    |tmp_33_reg_2859                    |   3|   0|    3|          0|
    |tmp_35_reg_2850                    |   3|   0|    3|          0|
    |tmp_38_reg_2841                    |   3|   0|    3|          0|
    |tmp_50_reg_2832                    |   3|   0|    3|          0|
    |tmp_54_reg_2823                    |   3|   0|    3|          0|
    |tmp_56_reg_2814                    |   3|   0|    3|          0|
    |tmp_63_reg_2805                    |   3|   0|    3|          0|
    |tmp_65_reg_2796                    |   3|   0|    3|          0|
    |tmp_73_reg_2600                    |   6|   0|    6|          0|
    |tmp_74_reg_2605                    |   6|   0|    6|          0|
    |tmp_75_reg_2610                    |   6|   0|    6|          0|
    |tmp_76_reg_2615                    |   6|   0|    6|          0|
    |tmp_77_reg_2620                    |   6|   0|    6|          0|
    |tmp_78_reg_2625                    |   6|   0|    6|          0|
    |tmp_79_reg_2630                    |   6|   0|    6|          0|
    |tmp_80_reg_2635                    |   6|   0|    6|          0|
    |tmp_81_reg_2640                    |   6|   0|    6|          0|
    |tmp_82_reg_2645                    |   9|   0|    9|          0|
    |tmp_83_reg_2650                    |   9|   0|    9|          0|
    |tmp_84_reg_2655                    |   9|   0|    9|          0|
    |tmp_85_reg_2660                    |   9|   0|    9|          0|
    |tmp_86_reg_2665                    |   9|   0|    9|          0|
    |tmp_87_reg_2670                    |   9|   0|    9|          0|
    |tmp_88_reg_2675                    |   9|   0|    9|          0|
    |tmp_89_reg_2680                    |   9|   0|    9|          0|
    |tmp_90_reg_2685                    |   9|   0|    9|          0|
    |tmp_91_reg_2690                    |   9|   0|    9|          0|
    |tmp_92_reg_2695                    |   1|   0|    1|          0|
    |tmp_reg_2595                       |   6|   0|    6|          0|
    |tmp_s_reg_2704                     |   1|   0|    1|          0|
    |newIndex21_reg_2722                |  64|  32|    6|          0|
    |tmp_32_reg_2718                    |  64|  32|    3|          0|
    |tmp_92_reg_2695                    |  64|  32|    1|          0|
    |tmp_s_reg_2704                     |  64|  32|    1|          0|
    +-----------------------------------+----+----+-----+-----------+
    |Total                              | 608| 128|  363|          0|
    +-----------------------------------+----+----+-----+-----------+



================================================================
== Interface
================================================================
* Summary: 
+------------------------------+-----+-----+------------+---------------------+--------------+
|           RTL Ports          | Dir | Bits|  Protocol  |    Source Object    |    C Type    |
+------------------------------+-----+-----+------------+---------------------+--------------+
|ap_clk                        |  in |    1| ap_ctrl_hs |     VMRouter<2>     | return value |
|ap_rst                        |  in |    1| ap_ctrl_hs |     VMRouter<2>     | return value |
|ap_start                      |  in |    1| ap_ctrl_hs |     VMRouter<2>     | return value |
|ap_done                       | out |    1| ap_ctrl_hs |     VMRouter<2>     | return value |
|ap_idle                       | out |    1| ap_ctrl_hs |     VMRouter<2>     | return value |
|ap_ready                      | out |    1| ap_ctrl_hs |     VMRouter<2>     | return value |
|ap_return_0                   | out |    6| ap_ctrl_hs |     VMRouter<2>     | return value |
|ap_return_1                   | out |    6| ap_ctrl_hs |     VMRouter<2>     | return value |
|ap_return_2                   | out |    6| ap_ctrl_hs |     VMRouter<2>     | return value |
|ap_return_3                   | out |    6| ap_ctrl_hs |     VMRouter<2>     | return value |
|ap_return_4                   | out |    6| ap_ctrl_hs |     VMRouter<2>     | return value |
|ap_return_5                   | out |    6| ap_ctrl_hs |     VMRouter<2>     | return value |
|ap_return_6                   | out |    6| ap_ctrl_hs |     VMRouter<2>     | return value |
|ap_return_7                   | out |    6| ap_ctrl_hs |     VMRouter<2>     | return value |
|stubsInLayer_0_data_address0  | out |    6|  ap_memory | stubsInLayer_0_data |     array    |
|stubsInLayer_0_data_ce0       | out |    1|  ap_memory | stubsInLayer_0_data |     array    |
|stubsInLayer_0_data_q0        |  in |   36|  ap_memory | stubsInLayer_0_data |     array    |
|stubsInLayer_1_data_address0  | out |    6|  ap_memory | stubsInLayer_1_data |     array    |
|stubsInLayer_1_data_ce0       | out |    1|  ap_memory | stubsInLayer_1_data |     array    |
|stubsInLayer_1_data_q0        |  in |   36|  ap_memory | stubsInLayer_1_data |     array    |
|stubsInLayer_2_data_address0  | out |    6|  ap_memory | stubsInLayer_2_data |     array    |
|stubsInLayer_2_data_ce0       | out |    1|  ap_memory | stubsInLayer_2_data |     array    |
|stubsInLayer_2_data_q0        |  in |   36|  ap_memory | stubsInLayer_2_data |     array    |
|stubsInLayer_3_data_address0  | out |    6|  ap_memory | stubsInLayer_3_data |     array    |
|stubsInLayer_3_data_ce0       | out |    1|  ap_memory | stubsInLayer_3_data |     array    |
|stubsInLayer_3_data_q0        |  in |   36|  ap_memory | stubsInLayer_3_data |     array    |
|stubsInLayer_4_data_address0  | out |    6|  ap_memory | stubsInLayer_4_data |     array    |
|stubsInLayer_4_data_ce0       | out |    1|  ap_memory | stubsInLayer_4_data |     array    |
|stubsInLayer_4_data_q0        |  in |   36|  ap_memory | stubsInLayer_4_data |     array    |
|stubsInLayer_5_data_address0  | out |    6|  ap_memory | stubsInLayer_5_data |     array    |
|stubsInLayer_5_data_ce0       | out |    1|  ap_memory | stubsInLayer_5_data |     array    |
|stubsInLayer_5_data_q0        |  in |   36|  ap_memory | stubsInLayer_5_data |     array    |
|stubsInLayer_6_data_address0  | out |    6|  ap_memory | stubsInLayer_6_data |     array    |
|stubsInLayer_6_data_ce0       | out |    1|  ap_memory | stubsInLayer_6_data |     array    |
|stubsInLayer_6_data_q0        |  in |   36|  ap_memory | stubsInLayer_6_data |     array    |
|stubsInLayer_7_data_address0  | out |    6|  ap_memory | stubsInLayer_7_data |     array    |
|stubsInLayer_7_data_ce0       | out |    1|  ap_memory | stubsInLayer_7_data |     array    |
|stubsInLayer_7_data_q0        |  in |   36|  ap_memory | stubsInLayer_7_data |     array    |
|stubsInLayer_8_data_address0  | out |    6|  ap_memory | stubsInLayer_8_data |     array    |
|stubsInLayer_8_data_ce0       | out |    1|  ap_memory | stubsInLayer_8_data |     array    |
|stubsInLayer_8_data_q0        |  in |   36|  ap_memory | stubsInLayer_8_data |     array    |
|tmp_4                         |  in |   10|   ap_none  |        tmp_4        |    scalar    |
|allStubs_0_data_V_address0    | out |    6|  ap_memory |  allStubs_0_data_V  |     array    |
|allStubs_0_data_V_ce0         | out |    1|  ap_memory |  allStubs_0_data_V  |     array    |
|allStubs_0_data_V_we0         | out |    1|  ap_memory |  allStubs_0_data_V  |     array    |
|allStubs_0_data_V_d0          | out |   36|  ap_memory |  allStubs_0_data_V  |     array    |
|allStubs_1_data_V_address0    | out |    6|  ap_memory |  allStubs_1_data_V  |     array    |
|allStubs_1_data_V_ce0         | out |    1|  ap_memory |  allStubs_1_data_V  |     array    |
|allStubs_1_data_V_we0         | out |    1|  ap_memory |  allStubs_1_data_V  |     array    |
|allStubs_1_data_V_d0          | out |   36|  ap_memory |  allStubs_1_data_V  |     array    |
|allStubs_2_data_V_address0    | out |    6|  ap_memory |  allStubs_2_data_V  |     array    |
|allStubs_2_data_V_ce0         | out |    1|  ap_memory |  allStubs_2_data_V  |     array    |
|allStubs_2_data_V_we0         | out |    1|  ap_memory |  allStubs_2_data_V  |     array    |
|allStubs_2_data_V_d0          | out |   36|  ap_memory |  allStubs_2_data_V  |     array    |
|allStubs_3_data_V_address0    | out |    6|  ap_memory |  allStubs_3_data_V  |     array    |
|allStubs_3_data_V_ce0         | out |    1|  ap_memory |  allStubs_3_data_V  |     array    |
|allStubs_3_data_V_we0         | out |    1|  ap_memory |  allStubs_3_data_V  |     array    |
|allStubs_3_data_V_d0          | out |   36|  ap_memory |  allStubs_3_data_V  |     array    |
|allStubs_4_data_V_address0    | out |    6|  ap_memory |  allStubs_4_data_V  |     array    |
|allStubs_4_data_V_ce0         | out |    1|  ap_memory |  allStubs_4_data_V  |     array    |
|allStubs_4_data_V_we0         | out |    1|  ap_memory |  allStubs_4_data_V  |     array    |
|allStubs_4_data_V_d0          | out |   36|  ap_memory |  allStubs_4_data_V  |     array    |
|allStubs_5_data_V_address0    | out |    6|  ap_memory |  allStubs_5_data_V  |     array    |
|allStubs_5_data_V_ce0         | out |    1|  ap_memory |  allStubs_5_data_V  |     array    |
|allStubs_5_data_V_we0         | out |    1|  ap_memory |  allStubs_5_data_V  |     array    |
|allStubs_5_data_V_d0          | out |   36|  ap_memory |  allStubs_5_data_V  |     array    |
|allStubs_6_data_V_address0    | out |    6|  ap_memory |  allStubs_6_data_V  |     array    |
|allStubs_6_data_V_ce0         | out |    1|  ap_memory |  allStubs_6_data_V  |     array    |
|allStubs_6_data_V_we0         | out |    1|  ap_memory |  allStubs_6_data_V  |     array    |
|allStubs_6_data_V_d0          | out |   36|  ap_memory |  allStubs_6_data_V  |     array    |
|allStubs_7_data_V_address0    | out |    6|  ap_memory |  allStubs_7_data_V  |     array    |
|allStubs_7_data_V_ce0         | out |    1|  ap_memory |  allStubs_7_data_V  |     array    |
|allStubs_7_data_V_we0         | out |    1|  ap_memory |  allStubs_7_data_V  |     array    |
|allStubs_7_data_V_d0          | out |   36|  ap_memory |  allStubs_7_data_V  |     array    |
|allStubs_8_data_V_address0    | out |    6|  ap_memory |  allStubs_8_data_V  |     array    |
|allStubs_8_data_V_ce0         | out |    1|  ap_memory |  allStubs_8_data_V  |     array    |
|allStubs_8_data_V_we0         | out |    1|  ap_memory |  allStubs_8_data_V  |     array    |
|allStubs_8_data_V_d0          | out |   36|  ap_memory |  allStubs_8_data_V  |     array    |
|tmp_41                        |  in |   10|   ap_none  |        tmp_41       |    scalar    |
|vmStubsPH1Z1_0_data_address0  | out |    6|  ap_memory | vmStubsPH1Z1_0_data |     array    |
|vmStubsPH1Z1_0_data_ce0       | out |    1|  ap_memory | vmStubsPH1Z1_0_data |     array    |
|vmStubsPH1Z1_0_data_we0       | out |    1|  ap_memory | vmStubsPH1Z1_0_data |     array    |
|vmStubsPH1Z1_0_data_d0        | out |   18|  ap_memory | vmStubsPH1Z1_0_data |     array    |
|vmStubsPH1Z1_1_data_address0  | out |    6|  ap_memory | vmStubsPH1Z1_1_data |     array    |
|vmStubsPH1Z1_1_data_ce0       | out |    1|  ap_memory | vmStubsPH1Z1_1_data |     array    |
|vmStubsPH1Z1_1_data_we0       | out |    1|  ap_memory | vmStubsPH1Z1_1_data |     array    |
|vmStubsPH1Z1_1_data_d0        | out |   18|  ap_memory | vmStubsPH1Z1_1_data |     array    |
|vmStubsPH1Z1_2_data_address0  | out |    6|  ap_memory | vmStubsPH1Z1_2_data |     array    |
|vmStubsPH1Z1_2_data_ce0       | out |    1|  ap_memory | vmStubsPH1Z1_2_data |     array    |
|vmStubsPH1Z1_2_data_we0       | out |    1|  ap_memory | vmStubsPH1Z1_2_data |     array    |
|vmStubsPH1Z1_2_data_d0        | out |   18|  ap_memory | vmStubsPH1Z1_2_data |     array    |
|vmStubsPH1Z1_3_data_address0  | out |    6|  ap_memory | vmStubsPH1Z1_3_data |     array    |
|vmStubsPH1Z1_3_data_ce0       | out |    1|  ap_memory | vmStubsPH1Z1_3_data |     array    |
|vmStubsPH1Z1_3_data_we0       | out |    1|  ap_memory | vmStubsPH1Z1_3_data |     array    |
|vmStubsPH1Z1_3_data_d0        | out |   18|  ap_memory | vmStubsPH1Z1_3_data |     array    |
|vmStubsPH1Z1_4_data_address0  | out |    6|  ap_memory | vmStubsPH1Z1_4_data |     array    |
|vmStubsPH1Z1_4_data_ce0       | out |    1|  ap_memory | vmStubsPH1Z1_4_data |     array    |
|vmStubsPH1Z1_4_data_we0       | out |    1|  ap_memory | vmStubsPH1Z1_4_data |     array    |
|vmStubsPH1Z1_4_data_d0        | out |   18|  ap_memory | vmStubsPH1Z1_4_data |     array    |
|vmStubsPH1Z1_5_data_address0  | out |    6|  ap_memory | vmStubsPH1Z1_5_data |     array    |
|vmStubsPH1Z1_5_data_ce0       | out |    1|  ap_memory | vmStubsPH1Z1_5_data |     array    |
|vmStubsPH1Z1_5_data_we0       | out |    1|  ap_memory | vmStubsPH1Z1_5_data |     array    |
|vmStubsPH1Z1_5_data_d0        | out |   18|  ap_memory | vmStubsPH1Z1_5_data |     array    |
|vmStubsPH1Z1_6_data_address0  | out |    6|  ap_memory | vmStubsPH1Z1_6_data |     array    |
|vmStubsPH1Z1_6_data_ce0       | out |    1|  ap_memory | vmStubsPH1Z1_6_data |     array    |
|vmStubsPH1Z1_6_data_we0       | out |    1|  ap_memory | vmStubsPH1Z1_6_data |     array    |
|vmStubsPH1Z1_6_data_d0        | out |   18|  ap_memory | vmStubsPH1Z1_6_data |     array    |
|vmStubsPH1Z1_7_data_address0  | out |    6|  ap_memory | vmStubsPH1Z1_7_data |     array    |
|vmStubsPH1Z1_7_data_ce0       | out |    1|  ap_memory | vmStubsPH1Z1_7_data |     array    |
|vmStubsPH1Z1_7_data_we0       | out |    1|  ap_memory | vmStubsPH1Z1_7_data |     array    |
|vmStubsPH1Z1_7_data_d0        | out |   18|  ap_memory | vmStubsPH1Z1_7_data |     array    |
|vmStubsPH1Z1_8_data_address0  | out |    6|  ap_memory | vmStubsPH1Z1_8_data |     array    |
|vmStubsPH1Z1_8_data_ce0       | out |    1|  ap_memory | vmStubsPH1Z1_8_data |     array    |
|vmStubsPH1Z1_8_data_we0       | out |    1|  ap_memory | vmStubsPH1Z1_8_data |     array    |
|vmStubsPH1Z1_8_data_d0        | out |   18|  ap_memory | vmStubsPH1Z1_8_data |     array    |
|tmp_42                        |  in |   10|   ap_none  |        tmp_42       |    scalar    |
|vmStubsPH2Z1_0_data_address0  | out |    6|  ap_memory | vmStubsPH2Z1_0_data |     array    |
|vmStubsPH2Z1_0_data_ce0       | out |    1|  ap_memory | vmStubsPH2Z1_0_data |     array    |
|vmStubsPH2Z1_0_data_we0       | out |    1|  ap_memory | vmStubsPH2Z1_0_data |     array    |
|vmStubsPH2Z1_0_data_d0        | out |   18|  ap_memory | vmStubsPH2Z1_0_data |     array    |
|vmStubsPH2Z1_1_data_address0  | out |    6|  ap_memory | vmStubsPH2Z1_1_data |     array    |
|vmStubsPH2Z1_1_data_ce0       | out |    1|  ap_memory | vmStubsPH2Z1_1_data |     array    |
|vmStubsPH2Z1_1_data_we0       | out |    1|  ap_memory | vmStubsPH2Z1_1_data |     array    |
|vmStubsPH2Z1_1_data_d0        | out |   18|  ap_memory | vmStubsPH2Z1_1_data |     array    |
|vmStubsPH2Z1_2_data_address0  | out |    6|  ap_memory | vmStubsPH2Z1_2_data |     array    |
|vmStubsPH2Z1_2_data_ce0       | out |    1|  ap_memory | vmStubsPH2Z1_2_data |     array    |
|vmStubsPH2Z1_2_data_we0       | out |    1|  ap_memory | vmStubsPH2Z1_2_data |     array    |
|vmStubsPH2Z1_2_data_d0        | out |   18|  ap_memory | vmStubsPH2Z1_2_data |     array    |
|vmStubsPH2Z1_3_data_address0  | out |    6|  ap_memory | vmStubsPH2Z1_3_data |     array    |
|vmStubsPH2Z1_3_data_ce0       | out |    1|  ap_memory | vmStubsPH2Z1_3_data |     array    |
|vmStubsPH2Z1_3_data_we0       | out |    1|  ap_memory | vmStubsPH2Z1_3_data |     array    |
|vmStubsPH2Z1_3_data_d0        | out |   18|  ap_memory | vmStubsPH2Z1_3_data |     array    |
|vmStubsPH2Z1_4_data_address0  | out |    6|  ap_memory | vmStubsPH2Z1_4_data |     array    |
|vmStubsPH2Z1_4_data_ce0       | out |    1|  ap_memory | vmStubsPH2Z1_4_data |     array    |
|vmStubsPH2Z1_4_data_we0       | out |    1|  ap_memory | vmStubsPH2Z1_4_data |     array    |
|vmStubsPH2Z1_4_data_d0        | out |   18|  ap_memory | vmStubsPH2Z1_4_data |     array    |
|vmStubsPH2Z1_5_data_address0  | out |    6|  ap_memory | vmStubsPH2Z1_5_data |     array    |
|vmStubsPH2Z1_5_data_ce0       | out |    1|  ap_memory | vmStubsPH2Z1_5_data |     array    |
|vmStubsPH2Z1_5_data_we0       | out |    1|  ap_memory | vmStubsPH2Z1_5_data |     array    |
|vmStubsPH2Z1_5_data_d0        | out |   18|  ap_memory | vmStubsPH2Z1_5_data |     array    |
|vmStubsPH2Z1_6_data_address0  | out |    6|  ap_memory | vmStubsPH2Z1_6_data |     array    |
|vmStubsPH2Z1_6_data_ce0       | out |    1|  ap_memory | vmStubsPH2Z1_6_data |     array    |
|vmStubsPH2Z1_6_data_we0       | out |    1|  ap_memory | vmStubsPH2Z1_6_data |     array    |
|vmStubsPH2Z1_6_data_d0        | out |   18|  ap_memory | vmStubsPH2Z1_6_data |     array    |
|vmStubsPH2Z1_7_data_address0  | out |    6|  ap_memory | vmStubsPH2Z1_7_data |     array    |
|vmStubsPH2Z1_7_data_ce0       | out |    1|  ap_memory | vmStubsPH2Z1_7_data |     array    |
|vmStubsPH2Z1_7_data_we0       | out |    1|  ap_memory | vmStubsPH2Z1_7_data |     array    |
|vmStubsPH2Z1_7_data_d0        | out |   18|  ap_memory | vmStubsPH2Z1_7_data |     array    |
|vmStubsPH2Z1_8_data_address0  | out |    6|  ap_memory | vmStubsPH2Z1_8_data |     array    |
|vmStubsPH2Z1_8_data_ce0       | out |    1|  ap_memory | vmStubsPH2Z1_8_data |     array    |
|vmStubsPH2Z1_8_data_we0       | out |    1|  ap_memory | vmStubsPH2Z1_8_data |     array    |
|vmStubsPH2Z1_8_data_d0        | out |   18|  ap_memory | vmStubsPH2Z1_8_data |     array    |
|tmp_43                        |  in |   10|   ap_none  |        tmp_43       |    scalar    |
|vmStubsPH3Z1_0_data_address0  | out |    6|  ap_memory | vmStubsPH3Z1_0_data |     array    |
|vmStubsPH3Z1_0_data_ce0       | out |    1|  ap_memory | vmStubsPH3Z1_0_data |     array    |
|vmStubsPH3Z1_0_data_we0       | out |    1|  ap_memory | vmStubsPH3Z1_0_data |     array    |
|vmStubsPH3Z1_0_data_d0        | out |   18|  ap_memory | vmStubsPH3Z1_0_data |     array    |
|vmStubsPH3Z1_1_data_address0  | out |    6|  ap_memory | vmStubsPH3Z1_1_data |     array    |
|vmStubsPH3Z1_1_data_ce0       | out |    1|  ap_memory | vmStubsPH3Z1_1_data |     array    |
|vmStubsPH3Z1_1_data_we0       | out |    1|  ap_memory | vmStubsPH3Z1_1_data |     array    |
|vmStubsPH3Z1_1_data_d0        | out |   18|  ap_memory | vmStubsPH3Z1_1_data |     array    |
|vmStubsPH3Z1_2_data_address0  | out |    6|  ap_memory | vmStubsPH3Z1_2_data |     array    |
|vmStubsPH3Z1_2_data_ce0       | out |    1|  ap_memory | vmStubsPH3Z1_2_data |     array    |
|vmStubsPH3Z1_2_data_we0       | out |    1|  ap_memory | vmStubsPH3Z1_2_data |     array    |
|vmStubsPH3Z1_2_data_d0        | out |   18|  ap_memory | vmStubsPH3Z1_2_data |     array    |
|vmStubsPH3Z1_3_data_address0  | out |    6|  ap_memory | vmStubsPH3Z1_3_data |     array    |
|vmStubsPH3Z1_3_data_ce0       | out |    1|  ap_memory | vmStubsPH3Z1_3_data |     array    |
|vmStubsPH3Z1_3_data_we0       | out |    1|  ap_memory | vmStubsPH3Z1_3_data |     array    |
|vmStubsPH3Z1_3_data_d0        | out |   18|  ap_memory | vmStubsPH3Z1_3_data |     array    |
|vmStubsPH3Z1_4_data_address0  | out |    6|  ap_memory | vmStubsPH3Z1_4_data |     array    |
|vmStubsPH3Z1_4_data_ce0       | out |    1|  ap_memory | vmStubsPH3Z1_4_data |     array    |
|vmStubsPH3Z1_4_data_we0       | out |    1|  ap_memory | vmStubsPH3Z1_4_data |     array    |
|vmStubsPH3Z1_4_data_d0        | out |   18|  ap_memory | vmStubsPH3Z1_4_data |     array    |
|vmStubsPH3Z1_5_data_address0  | out |    6|  ap_memory | vmStubsPH3Z1_5_data |     array    |
|vmStubsPH3Z1_5_data_ce0       | out |    1|  ap_memory | vmStubsPH3Z1_5_data |     array    |
|vmStubsPH3Z1_5_data_we0       | out |    1|  ap_memory | vmStubsPH3Z1_5_data |     array    |
|vmStubsPH3Z1_5_data_d0        | out |   18|  ap_memory | vmStubsPH3Z1_5_data |     array    |
|vmStubsPH3Z1_6_data_address0  | out |    6|  ap_memory | vmStubsPH3Z1_6_data |     array    |
|vmStubsPH3Z1_6_data_ce0       | out |    1|  ap_memory | vmStubsPH3Z1_6_data |     array    |
|vmStubsPH3Z1_6_data_we0       | out |    1|  ap_memory | vmStubsPH3Z1_6_data |     array    |
|vmStubsPH3Z1_6_data_d0        | out |   18|  ap_memory | vmStubsPH3Z1_6_data |     array    |
|vmStubsPH3Z1_7_data_address0  | out |    6|  ap_memory | vmStubsPH3Z1_7_data |     array    |
|vmStubsPH3Z1_7_data_ce0       | out |    1|  ap_memory | vmStubsPH3Z1_7_data |     array    |
|vmStubsPH3Z1_7_data_we0       | out |    1|  ap_memory | vmStubsPH3Z1_7_data |     array    |
|vmStubsPH3Z1_7_data_d0        | out |   18|  ap_memory | vmStubsPH3Z1_7_data |     array    |
|vmStubsPH3Z1_8_data_address0  | out |    6|  ap_memory | vmStubsPH3Z1_8_data |     array    |
|vmStubsPH3Z1_8_data_ce0       | out |    1|  ap_memory | vmStubsPH3Z1_8_data |     array    |
|vmStubsPH3Z1_8_data_we0       | out |    1|  ap_memory | vmStubsPH3Z1_8_data |     array    |
|vmStubsPH3Z1_8_data_d0        | out |   18|  ap_memory | vmStubsPH3Z1_8_data |     array    |
|tmp_44                        |  in |   10|   ap_none  |        tmp_44       |    scalar    |
|vmStubsPH4Z1_0_data_address0  | out |    6|  ap_memory | vmStubsPH4Z1_0_data |     array    |
|vmStubsPH4Z1_0_data_ce0       | out |    1|  ap_memory | vmStubsPH4Z1_0_data |     array    |
|vmStubsPH4Z1_0_data_we0       | out |    1|  ap_memory | vmStubsPH4Z1_0_data |     array    |
|vmStubsPH4Z1_0_data_d0        | out |   18|  ap_memory | vmStubsPH4Z1_0_data |     array    |
|vmStubsPH4Z1_1_data_address0  | out |    6|  ap_memory | vmStubsPH4Z1_1_data |     array    |
|vmStubsPH4Z1_1_data_ce0       | out |    1|  ap_memory | vmStubsPH4Z1_1_data |     array    |
|vmStubsPH4Z1_1_data_we0       | out |    1|  ap_memory | vmStubsPH4Z1_1_data |     array    |
|vmStubsPH4Z1_1_data_d0        | out |   18|  ap_memory | vmStubsPH4Z1_1_data |     array    |
|vmStubsPH4Z1_2_data_address0  | out |    6|  ap_memory | vmStubsPH4Z1_2_data |     array    |
|vmStubsPH4Z1_2_data_ce0       | out |    1|  ap_memory | vmStubsPH4Z1_2_data |     array    |
|vmStubsPH4Z1_2_data_we0       | out |    1|  ap_memory | vmStubsPH4Z1_2_data |     array    |
|vmStubsPH4Z1_2_data_d0        | out |   18|  ap_memory | vmStubsPH4Z1_2_data |     array    |
|vmStubsPH4Z1_3_data_address0  | out |    6|  ap_memory | vmStubsPH4Z1_3_data |     array    |
|vmStubsPH4Z1_3_data_ce0       | out |    1|  ap_memory | vmStubsPH4Z1_3_data |     array    |
|vmStubsPH4Z1_3_data_we0       | out |    1|  ap_memory | vmStubsPH4Z1_3_data |     array    |
|vmStubsPH4Z1_3_data_d0        | out |   18|  ap_memory | vmStubsPH4Z1_3_data |     array    |
|vmStubsPH4Z1_4_data_address0  | out |    6|  ap_memory | vmStubsPH4Z1_4_data |     array    |
|vmStubsPH4Z1_4_data_ce0       | out |    1|  ap_memory | vmStubsPH4Z1_4_data |     array    |
|vmStubsPH4Z1_4_data_we0       | out |    1|  ap_memory | vmStubsPH4Z1_4_data |     array    |
|vmStubsPH4Z1_4_data_d0        | out |   18|  ap_memory | vmStubsPH4Z1_4_data |     array    |
|vmStubsPH4Z1_5_data_address0  | out |    6|  ap_memory | vmStubsPH4Z1_5_data |     array    |
|vmStubsPH4Z1_5_data_ce0       | out |    1|  ap_memory | vmStubsPH4Z1_5_data |     array    |
|vmStubsPH4Z1_5_data_we0       | out |    1|  ap_memory | vmStubsPH4Z1_5_data |     array    |
|vmStubsPH4Z1_5_data_d0        | out |   18|  ap_memory | vmStubsPH4Z1_5_data |     array    |
|vmStubsPH4Z1_6_data_address0  | out |    6|  ap_memory | vmStubsPH4Z1_6_data |     array    |
|vmStubsPH4Z1_6_data_ce0       | out |    1|  ap_memory | vmStubsPH4Z1_6_data |     array    |
|vmStubsPH4Z1_6_data_we0       | out |    1|  ap_memory | vmStubsPH4Z1_6_data |     array    |
|vmStubsPH4Z1_6_data_d0        | out |   18|  ap_memory | vmStubsPH4Z1_6_data |     array    |
|vmStubsPH4Z1_7_data_address0  | out |    6|  ap_memory | vmStubsPH4Z1_7_data |     array    |
|vmStubsPH4Z1_7_data_ce0       | out |    1|  ap_memory | vmStubsPH4Z1_7_data |     array    |
|vmStubsPH4Z1_7_data_we0       | out |    1|  ap_memory | vmStubsPH4Z1_7_data |     array    |
|vmStubsPH4Z1_7_data_d0        | out |   18|  ap_memory | vmStubsPH4Z1_7_data |     array    |
|vmStubsPH4Z1_8_data_address0  | out |    6|  ap_memory | vmStubsPH4Z1_8_data |     array    |
|vmStubsPH4Z1_8_data_ce0       | out |    1|  ap_memory | vmStubsPH4Z1_8_data |     array    |
|vmStubsPH4Z1_8_data_we0       | out |    1|  ap_memory | vmStubsPH4Z1_8_data |     array    |
|vmStubsPH4Z1_8_data_d0        | out |   18|  ap_memory | vmStubsPH4Z1_8_data |     array    |
|tmp_45                        |  in |   10|   ap_none  |        tmp_45       |    scalar    |
|vmStubsPH1Z2_0_data_address0  | out |    6|  ap_memory | vmStubsPH1Z2_0_data |     array    |
|vmStubsPH1Z2_0_data_ce0       | out |    1|  ap_memory | vmStubsPH1Z2_0_data |     array    |
|vmStubsPH1Z2_0_data_we0       | out |    1|  ap_memory | vmStubsPH1Z2_0_data |     array    |
|vmStubsPH1Z2_0_data_d0        | out |   18|  ap_memory | vmStubsPH1Z2_0_data |     array    |
|vmStubsPH1Z2_1_data_address0  | out |    6|  ap_memory | vmStubsPH1Z2_1_data |     array    |
|vmStubsPH1Z2_1_data_ce0       | out |    1|  ap_memory | vmStubsPH1Z2_1_data |     array    |
|vmStubsPH1Z2_1_data_we0       | out |    1|  ap_memory | vmStubsPH1Z2_1_data |     array    |
|vmStubsPH1Z2_1_data_d0        | out |   18|  ap_memory | vmStubsPH1Z2_1_data |     array    |
|vmStubsPH1Z2_2_data_address0  | out |    6|  ap_memory | vmStubsPH1Z2_2_data |     array    |
|vmStubsPH1Z2_2_data_ce0       | out |    1|  ap_memory | vmStubsPH1Z2_2_data |     array    |
|vmStubsPH1Z2_2_data_we0       | out |    1|  ap_memory | vmStubsPH1Z2_2_data |     array    |
|vmStubsPH1Z2_2_data_d0        | out |   18|  ap_memory | vmStubsPH1Z2_2_data |     array    |
|vmStubsPH1Z2_3_data_address0  | out |    6|  ap_memory | vmStubsPH1Z2_3_data |     array    |
|vmStubsPH1Z2_3_data_ce0       | out |    1|  ap_memory | vmStubsPH1Z2_3_data |     array    |
|vmStubsPH1Z2_3_data_we0       | out |    1|  ap_memory | vmStubsPH1Z2_3_data |     array    |
|vmStubsPH1Z2_3_data_d0        | out |   18|  ap_memory | vmStubsPH1Z2_3_data |     array    |
|vmStubsPH1Z2_4_data_address0  | out |    6|  ap_memory | vmStubsPH1Z2_4_data |     array    |
|vmStubsPH1Z2_4_data_ce0       | out |    1|  ap_memory | vmStubsPH1Z2_4_data |     array    |
|vmStubsPH1Z2_4_data_we0       | out |    1|  ap_memory | vmStubsPH1Z2_4_data |     array    |
|vmStubsPH1Z2_4_data_d0        | out |   18|  ap_memory | vmStubsPH1Z2_4_data |     array    |
|vmStubsPH1Z2_5_data_address0  | out |    6|  ap_memory | vmStubsPH1Z2_5_data |     array    |
|vmStubsPH1Z2_5_data_ce0       | out |    1|  ap_memory | vmStubsPH1Z2_5_data |     array    |
|vmStubsPH1Z2_5_data_we0       | out |    1|  ap_memory | vmStubsPH1Z2_5_data |     array    |
|vmStubsPH1Z2_5_data_d0        | out |   18|  ap_memory | vmStubsPH1Z2_5_data |     array    |
|vmStubsPH1Z2_6_data_address0  | out |    6|  ap_memory | vmStubsPH1Z2_6_data |     array    |
|vmStubsPH1Z2_6_data_ce0       | out |    1|  ap_memory | vmStubsPH1Z2_6_data |     array    |
|vmStubsPH1Z2_6_data_we0       | out |    1|  ap_memory | vmStubsPH1Z2_6_data |     array    |
|vmStubsPH1Z2_6_data_d0        | out |   18|  ap_memory | vmStubsPH1Z2_6_data |     array    |
|vmStubsPH1Z2_7_data_address0  | out |    6|  ap_memory | vmStubsPH1Z2_7_data |     array    |
|vmStubsPH1Z2_7_data_ce0       | out |    1|  ap_memory | vmStubsPH1Z2_7_data |     array    |
|vmStubsPH1Z2_7_data_we0       | out |    1|  ap_memory | vmStubsPH1Z2_7_data |     array    |
|vmStubsPH1Z2_7_data_d0        | out |   18|  ap_memory | vmStubsPH1Z2_7_data |     array    |
|vmStubsPH1Z2_8_data_address0  | out |    6|  ap_memory | vmStubsPH1Z2_8_data |     array    |
|vmStubsPH1Z2_8_data_ce0       | out |    1|  ap_memory | vmStubsPH1Z2_8_data |     array    |
|vmStubsPH1Z2_8_data_we0       | out |    1|  ap_memory | vmStubsPH1Z2_8_data |     array    |
|vmStubsPH1Z2_8_data_d0        | out |   18|  ap_memory | vmStubsPH1Z2_8_data |     array    |
|tmp_46                        |  in |   10|   ap_none  |        tmp_46       |    scalar    |
|vmStubsPH2Z2_0_data_address0  | out |    6|  ap_memory | vmStubsPH2Z2_0_data |     array    |
|vmStubsPH2Z2_0_data_ce0       | out |    1|  ap_memory | vmStubsPH2Z2_0_data |     array    |
|vmStubsPH2Z2_0_data_we0       | out |    1|  ap_memory | vmStubsPH2Z2_0_data |     array    |
|vmStubsPH2Z2_0_data_d0        | out |   18|  ap_memory | vmStubsPH2Z2_0_data |     array    |
|vmStubsPH2Z2_1_data_address0  | out |    6|  ap_memory | vmStubsPH2Z2_1_data |     array    |
|vmStubsPH2Z2_1_data_ce0       | out |    1|  ap_memory | vmStubsPH2Z2_1_data |     array    |
|vmStubsPH2Z2_1_data_we0       | out |    1|  ap_memory | vmStubsPH2Z2_1_data |     array    |
|vmStubsPH2Z2_1_data_d0        | out |   18|  ap_memory | vmStubsPH2Z2_1_data |     array    |
|vmStubsPH2Z2_2_data_address0  | out |    6|  ap_memory | vmStubsPH2Z2_2_data |     array    |
|vmStubsPH2Z2_2_data_ce0       | out |    1|  ap_memory | vmStubsPH2Z2_2_data |     array    |
|vmStubsPH2Z2_2_data_we0       | out |    1|  ap_memory | vmStubsPH2Z2_2_data |     array    |
|vmStubsPH2Z2_2_data_d0        | out |   18|  ap_memory | vmStubsPH2Z2_2_data |     array    |
|vmStubsPH2Z2_3_data_address0  | out |    6|  ap_memory | vmStubsPH2Z2_3_data |     array    |
|vmStubsPH2Z2_3_data_ce0       | out |    1|  ap_memory | vmStubsPH2Z2_3_data |     array    |
|vmStubsPH2Z2_3_data_we0       | out |    1|  ap_memory | vmStubsPH2Z2_3_data |     array    |
|vmStubsPH2Z2_3_data_d0        | out |   18|  ap_memory | vmStubsPH2Z2_3_data |     array    |
|vmStubsPH2Z2_4_data_address0  | out |    6|  ap_memory | vmStubsPH2Z2_4_data |     array    |
|vmStubsPH2Z2_4_data_ce0       | out |    1|  ap_memory | vmStubsPH2Z2_4_data |     array    |
|vmStubsPH2Z2_4_data_we0       | out |    1|  ap_memory | vmStubsPH2Z2_4_data |     array    |
|vmStubsPH2Z2_4_data_d0        | out |   18|  ap_memory | vmStubsPH2Z2_4_data |     array    |
|vmStubsPH2Z2_5_data_address0  | out |    6|  ap_memory | vmStubsPH2Z2_5_data |     array    |
|vmStubsPH2Z2_5_data_ce0       | out |    1|  ap_memory | vmStubsPH2Z2_5_data |     array    |
|vmStubsPH2Z2_5_data_we0       | out |    1|  ap_memory | vmStubsPH2Z2_5_data |     array    |
|vmStubsPH2Z2_5_data_d0        | out |   18|  ap_memory | vmStubsPH2Z2_5_data |     array    |
|vmStubsPH2Z2_6_data_address0  | out |    6|  ap_memory | vmStubsPH2Z2_6_data |     array    |
|vmStubsPH2Z2_6_data_ce0       | out |    1|  ap_memory | vmStubsPH2Z2_6_data |     array    |
|vmStubsPH2Z2_6_data_we0       | out |    1|  ap_memory | vmStubsPH2Z2_6_data |     array    |
|vmStubsPH2Z2_6_data_d0        | out |   18|  ap_memory | vmStubsPH2Z2_6_data |     array    |
|vmStubsPH2Z2_7_data_address0  | out |    6|  ap_memory | vmStubsPH2Z2_7_data |     array    |
|vmStubsPH2Z2_7_data_ce0       | out |    1|  ap_memory | vmStubsPH2Z2_7_data |     array    |
|vmStubsPH2Z2_7_data_we0       | out |    1|  ap_memory | vmStubsPH2Z2_7_data |     array    |
|vmStubsPH2Z2_7_data_d0        | out |   18|  ap_memory | vmStubsPH2Z2_7_data |     array    |
|vmStubsPH2Z2_8_data_address0  | out |    6|  ap_memory | vmStubsPH2Z2_8_data |     array    |
|vmStubsPH2Z2_8_data_ce0       | out |    1|  ap_memory | vmStubsPH2Z2_8_data |     array    |
|vmStubsPH2Z2_8_data_we0       | out |    1|  ap_memory | vmStubsPH2Z2_8_data |     array    |
|vmStubsPH2Z2_8_data_d0        | out |   18|  ap_memory | vmStubsPH2Z2_8_data |     array    |
|tmp_47                        |  in |   10|   ap_none  |        tmp_47       |    scalar    |
|vmStubsPH3Z2_0_data_address0  | out |    6|  ap_memory | vmStubsPH3Z2_0_data |     array    |
|vmStubsPH3Z2_0_data_ce0       | out |    1|  ap_memory | vmStubsPH3Z2_0_data |     array    |
|vmStubsPH3Z2_0_data_we0       | out |    1|  ap_memory | vmStubsPH3Z2_0_data |     array    |
|vmStubsPH3Z2_0_data_d0        | out |   18|  ap_memory | vmStubsPH3Z2_0_data |     array    |
|vmStubsPH3Z2_1_data_address0  | out |    6|  ap_memory | vmStubsPH3Z2_1_data |     array    |
|vmStubsPH3Z2_1_data_ce0       | out |    1|  ap_memory | vmStubsPH3Z2_1_data |     array    |
|vmStubsPH3Z2_1_data_we0       | out |    1|  ap_memory | vmStubsPH3Z2_1_data |     array    |
|vmStubsPH3Z2_1_data_d0        | out |   18|  ap_memory | vmStubsPH3Z2_1_data |     array    |
|vmStubsPH3Z2_2_data_address0  | out |    6|  ap_memory | vmStubsPH3Z2_2_data |     array    |
|vmStubsPH3Z2_2_data_ce0       | out |    1|  ap_memory | vmStubsPH3Z2_2_data |     array    |
|vmStubsPH3Z2_2_data_we0       | out |    1|  ap_memory | vmStubsPH3Z2_2_data |     array    |
|vmStubsPH3Z2_2_data_d0        | out |   18|  ap_memory | vmStubsPH3Z2_2_data |     array    |
|vmStubsPH3Z2_3_data_address0  | out |    6|  ap_memory | vmStubsPH3Z2_3_data |     array    |
|vmStubsPH3Z2_3_data_ce0       | out |    1|  ap_memory | vmStubsPH3Z2_3_data |     array    |
|vmStubsPH3Z2_3_data_we0       | out |    1|  ap_memory | vmStubsPH3Z2_3_data |     array    |
|vmStubsPH3Z2_3_data_d0        | out |   18|  ap_memory | vmStubsPH3Z2_3_data |     array    |
|vmStubsPH3Z2_4_data_address0  | out |    6|  ap_memory | vmStubsPH3Z2_4_data |     array    |
|vmStubsPH3Z2_4_data_ce0       | out |    1|  ap_memory | vmStubsPH3Z2_4_data |     array    |
|vmStubsPH3Z2_4_data_we0       | out |    1|  ap_memory | vmStubsPH3Z2_4_data |     array    |
|vmStubsPH3Z2_4_data_d0        | out |   18|  ap_memory | vmStubsPH3Z2_4_data |     array    |
|vmStubsPH3Z2_5_data_address0  | out |    6|  ap_memory | vmStubsPH3Z2_5_data |     array    |
|vmStubsPH3Z2_5_data_ce0       | out |    1|  ap_memory | vmStubsPH3Z2_5_data |     array    |
|vmStubsPH3Z2_5_data_we0       | out |    1|  ap_memory | vmStubsPH3Z2_5_data |     array    |
|vmStubsPH3Z2_5_data_d0        | out |   18|  ap_memory | vmStubsPH3Z2_5_data |     array    |
|vmStubsPH3Z2_6_data_address0  | out |    6|  ap_memory | vmStubsPH3Z2_6_data |     array    |
|vmStubsPH3Z2_6_data_ce0       | out |    1|  ap_memory | vmStubsPH3Z2_6_data |     array    |
|vmStubsPH3Z2_6_data_we0       | out |    1|  ap_memory | vmStubsPH3Z2_6_data |     array    |
|vmStubsPH3Z2_6_data_d0        | out |   18|  ap_memory | vmStubsPH3Z2_6_data |     array    |
|vmStubsPH3Z2_7_data_address0  | out |    6|  ap_memory | vmStubsPH3Z2_7_data |     array    |
|vmStubsPH3Z2_7_data_ce0       | out |    1|  ap_memory | vmStubsPH3Z2_7_data |     array    |
|vmStubsPH3Z2_7_data_we0       | out |    1|  ap_memory | vmStubsPH3Z2_7_data |     array    |
|vmStubsPH3Z2_7_data_d0        | out |   18|  ap_memory | vmStubsPH3Z2_7_data |     array    |
|vmStubsPH3Z2_8_data_address0  | out |    6|  ap_memory | vmStubsPH3Z2_8_data |     array    |
|vmStubsPH3Z2_8_data_ce0       | out |    1|  ap_memory | vmStubsPH3Z2_8_data |     array    |
|vmStubsPH3Z2_8_data_we0       | out |    1|  ap_memory | vmStubsPH3Z2_8_data |     array    |
|vmStubsPH3Z2_8_data_d0        | out |   18|  ap_memory | vmStubsPH3Z2_8_data |     array    |
|tmp_48                        |  in |   10|   ap_none  |        tmp_48       |    scalar    |
|vmStubsPH4Z2_0_data_address0  | out |    6|  ap_memory | vmStubsPH4Z2_0_data |     array    |
|vmStubsPH4Z2_0_data_ce0       | out |    1|  ap_memory | vmStubsPH4Z2_0_data |     array    |
|vmStubsPH4Z2_0_data_we0       | out |    1|  ap_memory | vmStubsPH4Z2_0_data |     array    |
|vmStubsPH4Z2_0_data_d0        | out |   18|  ap_memory | vmStubsPH4Z2_0_data |     array    |
|vmStubsPH4Z2_1_data_address0  | out |    6|  ap_memory | vmStubsPH4Z2_1_data |     array    |
|vmStubsPH4Z2_1_data_ce0       | out |    1|  ap_memory | vmStubsPH4Z2_1_data |     array    |
|vmStubsPH4Z2_1_data_we0       | out |    1|  ap_memory | vmStubsPH4Z2_1_data |     array    |
|vmStubsPH4Z2_1_data_d0        | out |   18|  ap_memory | vmStubsPH4Z2_1_data |     array    |
|vmStubsPH4Z2_2_data_address0  | out |    6|  ap_memory | vmStubsPH4Z2_2_data |     array    |
|vmStubsPH4Z2_2_data_ce0       | out |    1|  ap_memory | vmStubsPH4Z2_2_data |     array    |
|vmStubsPH4Z2_2_data_we0       | out |    1|  ap_memory | vmStubsPH4Z2_2_data |     array    |
|vmStubsPH4Z2_2_data_d0        | out |   18|  ap_memory | vmStubsPH4Z2_2_data |     array    |
|vmStubsPH4Z2_3_data_address0  | out |    6|  ap_memory | vmStubsPH4Z2_3_data |     array    |
|vmStubsPH4Z2_3_data_ce0       | out |    1|  ap_memory | vmStubsPH4Z2_3_data |     array    |
|vmStubsPH4Z2_3_data_we0       | out |    1|  ap_memory | vmStubsPH4Z2_3_data |     array    |
|vmStubsPH4Z2_3_data_d0        | out |   18|  ap_memory | vmStubsPH4Z2_3_data |     array    |
|vmStubsPH4Z2_4_data_address0  | out |    6|  ap_memory | vmStubsPH4Z2_4_data |     array    |
|vmStubsPH4Z2_4_data_ce0       | out |    1|  ap_memory | vmStubsPH4Z2_4_data |     array    |
|vmStubsPH4Z2_4_data_we0       | out |    1|  ap_memory | vmStubsPH4Z2_4_data |     array    |
|vmStubsPH4Z2_4_data_d0        | out |   18|  ap_memory | vmStubsPH4Z2_4_data |     array    |
|vmStubsPH4Z2_5_data_address0  | out |    6|  ap_memory | vmStubsPH4Z2_5_data |     array    |
|vmStubsPH4Z2_5_data_ce0       | out |    1|  ap_memory | vmStubsPH4Z2_5_data |     array    |
|vmStubsPH4Z2_5_data_we0       | out |    1|  ap_memory | vmStubsPH4Z2_5_data |     array    |
|vmStubsPH4Z2_5_data_d0        | out |   18|  ap_memory | vmStubsPH4Z2_5_data |     array    |
|vmStubsPH4Z2_6_data_address0  | out |    6|  ap_memory | vmStubsPH4Z2_6_data |     array    |
|vmStubsPH4Z2_6_data_ce0       | out |    1|  ap_memory | vmStubsPH4Z2_6_data |     array    |
|vmStubsPH4Z2_6_data_we0       | out |    1|  ap_memory | vmStubsPH4Z2_6_data |     array    |
|vmStubsPH4Z2_6_data_d0        | out |   18|  ap_memory | vmStubsPH4Z2_6_data |     array    |
|vmStubsPH4Z2_7_data_address0  | out |    6|  ap_memory | vmStubsPH4Z2_7_data |     array    |
|vmStubsPH4Z2_7_data_ce0       | out |    1|  ap_memory | vmStubsPH4Z2_7_data |     array    |
|vmStubsPH4Z2_7_data_we0       | out |    1|  ap_memory | vmStubsPH4Z2_7_data |     array    |
|vmStubsPH4Z2_7_data_d0        | out |   18|  ap_memory | vmStubsPH4Z2_7_data |     array    |
|vmStubsPH4Z2_8_data_address0  | out |    6|  ap_memory | vmStubsPH4Z2_8_data |     array    |
|vmStubsPH4Z2_8_data_ce0       | out |    1|  ap_memory | vmStubsPH4Z2_8_data |     array    |
|vmStubsPH4Z2_8_data_we0       | out |    1|  ap_memory | vmStubsPH4Z2_8_data |     array    |
|vmStubsPH4Z2_8_data_d0        | out |   18|  ap_memory | vmStubsPH4Z2_8_data |     array    |
|tmp_49                        |  in |   10|   ap_none  |        tmp_49       |    scalar    |
|nStubs                        |  in |   32|   ap_none  |        nStubs       |    scalar    |
|nPH1Z1_V_read                 |  in |    6|   ap_none  |    nPH1Z1_V_read    |    scalar    |
|nPH2Z1_V_read                 |  in |    6|   ap_none  |    nPH2Z1_V_read    |    scalar    |
|nPH3Z1_V_read                 |  in |    6|   ap_none  |    nPH3Z1_V_read    |    scalar    |
|nPH4Z1_V_read                 |  in |    6|   ap_none  |    nPH4Z1_V_read    |    scalar    |
|nPH1Z2_V_read                 |  in |    6|   ap_none  |    nPH1Z2_V_read    |    scalar    |
|nPH2Z2_V_read                 |  in |    6|   ap_none  |    nPH2Z2_V_read    |    scalar    |
|nPH3Z2_V_read                 |  in |    6|   ap_none  |    nPH3Z2_V_read    |    scalar    |
|nPH4Z2_V_read                 |  in |    6|   ap_none  |    nPH4Z2_V_read    |    scalar    |
+------------------------------+-----+-----+------------+---------------------+--------------+

