

================================================================
== Vivado HLS Report for 'VMRouterDispatcher'
================================================================
* Date:           Tue Sep 12 10:23:49 2017

* Version:        2017.2 (Build 1909853 on Thu Jun 15 18:55:24 MDT 2017)
* Project:        vmrouter_2
* Solution:       solution2-nodependencies
* Product family: virtex7
* Target device:  xc7vx690tffg1927-2


================================================================
== Performance Estimates
================================================================
+ Timing (ns): 
    * Summary: 
    +--------+-------+----------+------------+
    |  Clock | Target| Estimated| Uncertainty|
    +--------+-------+----------+------------+
    |ap_clk  |   4.00|      3.31|        0.50|
    +--------+-------+----------+------------+

+ Latency (clock cycles): 
    * Summary: 
    +-----+-----+-----+-----+---------+
    |  Latency  |  Interval | Pipeline|
    | min | max | min | max |   Type  |
    +-----+-----+-----+-----+---------+
    |    6|   69|    7|   70|   none  |
    +-----+-----+-----+-----+---------+

    + Detail: 
        * Instance: 
        +----------------------+----------+-----+-----+-----+-----+---------+
        |                      |          |  Latency  |  Interval | Pipeline|
        |       Instance       |  Module  | min | max | min | max |   Type  |
        +----------------------+----------+-----+-----+-----+-----+---------+
        |grp_VMRouter_fu_764   |VMRouter  |    5|   68|    5|   68|   none  |
        |grp_VMRouter_fu_906   |VMRouter  |    5|   68|    5|   68|   none  |
        |grp_VMRouter_fu_1048  |VMRouter  |    5|   68|    5|   68|   none  |
        |grp_VMRouter_fu_1190  |VMRouter  |    5|   68|    5|   68|   none  |
        |grp_VMRouter_fu_1332  |VMRouter  |    5|   68|    5|   68|   none  |
        +----------------------+----------+-----+-----+-----+-----+---------+

        * Loop: 
        N/A



================================================================
== Utilization Estimates
================================================================
* Summary: 
+-----------------+---------+-------+--------+--------+
|       Name      | BRAM_18K| DSP48E|   FF   |   LUT  |
+-----------------+---------+-------+--------+--------+
|DSP              |        -|      -|       -|       -|
|Expression       |        -|      -|       0|       2|
|FIFO             |        -|      -|       -|       -|
|Instance         |        -|      -|    7490|    3350|
|Memory           |        -|      -|       -|       -|
|Multiplexer      |        -|      -|       -|    6283|
|Register         |        -|      -|       7|       -|
+-----------------+---------+-------+--------+--------+
|Total            |        0|      0|    7497|    9635|
+-----------------+---------+-------+--------+--------+
|Available        |     2940|   3600|  866400|  433200|
+-----------------+---------+-------+--------+--------+
|Utilization (%)  |        0|      0|   ~0   |       2|
+-----------------+---------+-------+--------+--------+

+ Detail: 
    * Instance: 
    +----------------------+----------+---------+-------+------+-----+
    |       Instance       |  Module  | BRAM_18K| DSP48E|  FF  | LUT |
    +----------------------+----------+---------+-------+------+-----+
    |grp_VMRouter_fu_764   |VMRouter  |        0|      0|  1498|  670|
    |grp_VMRouter_fu_906   |VMRouter  |        0|      0|  1498|  670|
    |grp_VMRouter_fu_1048  |VMRouter  |        0|      0|  1498|  670|
    |grp_VMRouter_fu_1190  |VMRouter  |        0|      0|  1498|  670|
    |grp_VMRouter_fu_1332  |VMRouter  |        0|      0|  1498|  670|
    +----------------------+----------+---------+-------+------+-----+
    |Total                 |          |        0|      0|  7490| 3350|
    +----------------------+----------+---------+-------+------+-----+

    * DSP48: 
    N/A

    * Memory: 
    N/A

    * FIFO: 
    N/A

    * Expression: 
    +---------------------------------+----------+-------+---+----+------------+------------+
    |          Variable Name          | Operation| DSP48E| FF| LUT| Bitwidth P0| Bitwidth P1|
    +---------------------------------+----------+-------+---+----+------------+------------+
    |ap_block_state2_on_subcall_done  |    or    |      0|  0|   2|           1|           1|
    +---------------------------------+----------+-------+---+----+------------+------------+
    |Total                            |          |      0|  0|   2|           1|           1|
    +---------------------------------+----------+-------+---+----+------------+------------+

    * Multiplexer: 
    +-----------------------------------+----+-----------+-----+-----------+
    |                Name               | LUT| Input Size| Bits| Total Bits|
    +-----------------------------------+----+-----------+-----+-----------+
    |ap_NS_fsm                          |  13|          3|    1|          3|
    |curAllStubs_0_data_V_address0      |  33|          6|    6|         36|
    |curAllStubs_0_data_V_ce0           |  33|          6|    1|          6|
    |curAllStubs_0_data_V_d0            |  33|          6|   36|        216|
    |curAllStubs_0_data_V_we0           |  33|          6|    1|          6|
    |curAllStubs_1_data_V_address0      |  33|          6|    6|         36|
    |curAllStubs_1_data_V_ce0           |  33|          6|    1|          6|
    |curAllStubs_1_data_V_d0            |  33|          6|   36|        216|
    |curAllStubs_1_data_V_we0           |  33|          6|    1|          6|
    |curAllStubs_2_data_V_address0      |  33|          6|    6|         36|
    |curAllStubs_2_data_V_ce0           |  33|          6|    1|          6|
    |curAllStubs_2_data_V_d0            |  33|          6|   36|        216|
    |curAllStubs_2_data_V_we0           |  33|          6|    1|          6|
    |curAllStubs_3_data_V_address0      |  33|          6|    6|         36|
    |curAllStubs_3_data_V_ce0           |  33|          6|    1|          6|
    |curAllStubs_3_data_V_d0            |  33|          6|   36|        216|
    |curAllStubs_3_data_V_we0           |  33|          6|    1|          6|
    |curAllStubs_4_data_V_address0      |  33|          6|    6|         36|
    |curAllStubs_4_data_V_ce0           |  33|          6|    1|          6|
    |curAllStubs_4_data_V_d0            |  33|          6|   36|        216|
    |curAllStubs_4_data_V_we0           |  33|          6|    1|          6|
    |curStubsInLayer_0_data_V_address0  |  33|          6|    6|         36|
    |curStubsInLayer_0_data_V_ce0       |  33|          6|    1|          6|
    |curStubsInLayer_1_data_V_address0  |  33|          6|    6|         36|
    |curStubsInLayer_1_data_V_ce0       |  33|          6|    1|          6|
    |curStubsInLayer_2_data_V_address0  |  33|          6|    6|         36|
    |curStubsInLayer_2_data_V_ce0       |  33|          6|    1|          6|
    |curStubsInLayer_3_data_V_address0  |  33|          6|    6|         36|
    |curStubsInLayer_3_data_V_ce0       |  33|          6|    1|          6|
    |curStubsInLayer_4_data_V_address0  |  33|          6|    6|         36|
    |curStubsInLayer_4_data_V_ce0       |  33|          6|    1|          6|
    |curvmStubsPH1Z1_0_data_V_address0  |  33|          6|    6|         36|
    |curvmStubsPH1Z1_0_data_V_ce0       |  33|          6|    1|          6|
    |curvmStubsPH1Z1_0_data_V_d0        |  33|          6|   18|        108|
    |curvmStubsPH1Z1_0_data_V_we0       |  33|          6|    1|          6|
    |curvmStubsPH1Z1_1_data_V_address0  |  33|          6|    6|         36|
    |curvmStubsPH1Z1_1_data_V_ce0       |  33|          6|    1|          6|
    |curvmStubsPH1Z1_1_data_V_d0        |  33|          6|   18|        108|
    |curvmStubsPH1Z1_1_data_V_we0       |  33|          6|    1|          6|
    |curvmStubsPH1Z1_2_data_V_address0  |  33|          6|    6|         36|
    |curvmStubsPH1Z1_2_data_V_ce0       |  33|          6|    1|          6|
    |curvmStubsPH1Z1_2_data_V_d0        |  33|          6|   18|        108|
    |curvmStubsPH1Z1_2_data_V_we0       |  33|          6|    1|          6|
    |curvmStubsPH1Z1_3_data_V_address0  |  33|          6|    6|         36|
    |curvmStubsPH1Z1_3_data_V_ce0       |  33|          6|    1|          6|
    |curvmStubsPH1Z1_3_data_V_d0        |  33|          6|   18|        108|
    |curvmStubsPH1Z1_3_data_V_we0       |  33|          6|    1|          6|
    |curvmStubsPH1Z1_4_data_V_address0  |  33|          6|    6|         36|
    |curvmStubsPH1Z1_4_data_V_ce0       |  33|          6|    1|          6|
    |curvmStubsPH1Z1_4_data_V_d0        |  33|          6|   18|        108|
    |curvmStubsPH1Z1_4_data_V_we0       |  33|          6|    1|          6|
    |curvmStubsPH1Z2_0_data_V_address0  |  33|          6|    6|         36|
    |curvmStubsPH1Z2_0_data_V_ce0       |  33|          6|    1|          6|
    |curvmStubsPH1Z2_0_data_V_d0        |  33|          6|   18|        108|
    |curvmStubsPH1Z2_0_data_V_we0       |  33|          6|    1|          6|
    |curvmStubsPH1Z2_1_data_V_address0  |  33|          6|    6|         36|
    |curvmStubsPH1Z2_1_data_V_ce0       |  33|          6|    1|          6|
    |curvmStubsPH1Z2_1_data_V_d0        |  33|          6|   18|        108|
    |curvmStubsPH1Z2_1_data_V_we0       |  33|          6|    1|          6|
    |curvmStubsPH1Z2_2_data_V_address0  |  33|          6|    6|         36|
    |curvmStubsPH1Z2_2_data_V_ce0       |  33|          6|    1|          6|
    |curvmStubsPH1Z2_2_data_V_d0        |  33|          6|   18|        108|
    |curvmStubsPH1Z2_2_data_V_we0       |  33|          6|    1|          6|
    |curvmStubsPH1Z2_3_data_V_address0  |  33|          6|    6|         36|
    |curvmStubsPH1Z2_3_data_V_ce0       |  33|          6|    1|          6|
    |curvmStubsPH1Z2_3_data_V_d0        |  33|          6|   18|        108|
    |curvmStubsPH1Z2_3_data_V_we0       |  33|          6|    1|          6|
    |curvmStubsPH1Z2_4_data_V_address0  |  33|          6|    6|         36|
    |curvmStubsPH1Z2_4_data_V_ce0       |  33|          6|    1|          6|
    |curvmStubsPH1Z2_4_data_V_d0        |  33|          6|   18|        108|
    |curvmStubsPH1Z2_4_data_V_we0       |  33|          6|    1|          6|
    |curvmStubsPH2Z1_0_data_V_address0  |  33|          6|    6|         36|
    |curvmStubsPH2Z1_0_data_V_ce0       |  33|          6|    1|          6|
    |curvmStubsPH2Z1_0_data_V_d0        |  33|          6|   18|        108|
    |curvmStubsPH2Z1_0_data_V_we0       |  33|          6|    1|          6|
    |curvmStubsPH2Z1_1_data_V_address0  |  33|          6|    6|         36|
    |curvmStubsPH2Z1_1_data_V_ce0       |  33|          6|    1|          6|
    |curvmStubsPH2Z1_1_data_V_d0        |  33|          6|   18|        108|
    |curvmStubsPH2Z1_1_data_V_we0       |  33|          6|    1|          6|
    |curvmStubsPH2Z1_2_data_V_address0  |  33|          6|    6|         36|
    |curvmStubsPH2Z1_2_data_V_ce0       |  33|          6|    1|          6|
    |curvmStubsPH2Z1_2_data_V_d0        |  33|          6|   18|        108|
    |curvmStubsPH2Z1_2_data_V_we0       |  33|          6|    1|          6|
    |curvmStubsPH2Z1_3_data_V_address0  |  33|          6|    6|         36|
    |curvmStubsPH2Z1_3_data_V_ce0       |  33|          6|    1|          6|
    |curvmStubsPH2Z1_3_data_V_d0        |  33|          6|   18|        108|
    |curvmStubsPH2Z1_3_data_V_we0       |  33|          6|    1|          6|
    |curvmStubsPH2Z1_4_data_V_address0  |  33|          6|    6|         36|
    |curvmStubsPH2Z1_4_data_V_ce0       |  33|          6|    1|          6|
    |curvmStubsPH2Z1_4_data_V_d0        |  33|          6|   18|        108|
    |curvmStubsPH2Z1_4_data_V_we0       |  33|          6|    1|          6|
    |curvmStubsPH2Z2_0_data_V_address0  |  33|          6|    6|         36|
    |curvmStubsPH2Z2_0_data_V_ce0       |  33|          6|    1|          6|
    |curvmStubsPH2Z2_0_data_V_d0        |  33|          6|   18|        108|
    |curvmStubsPH2Z2_0_data_V_we0       |  33|          6|    1|          6|
    |curvmStubsPH2Z2_1_data_V_address0  |  33|          6|    6|         36|
    |curvmStubsPH2Z2_1_data_V_ce0       |  33|          6|    1|          6|
    |curvmStubsPH2Z2_1_data_V_d0        |  33|          6|   18|        108|
    |curvmStubsPH2Z2_1_data_V_we0       |  33|          6|    1|          6|
    |curvmStubsPH2Z2_2_data_V_address0  |  33|          6|    6|         36|
    |curvmStubsPH2Z2_2_data_V_ce0       |  33|          6|    1|          6|
    |curvmStubsPH2Z2_2_data_V_d0        |  33|          6|   18|        108|
    |curvmStubsPH2Z2_2_data_V_we0       |  33|          6|    1|          6|
    |curvmStubsPH2Z2_3_data_V_address0  |  33|          6|    6|         36|
    |curvmStubsPH2Z2_3_data_V_ce0       |  33|          6|    1|          6|
    |curvmStubsPH2Z2_3_data_V_d0        |  33|          6|   18|        108|
    |curvmStubsPH2Z2_3_data_V_we0       |  33|          6|    1|          6|
    |curvmStubsPH2Z2_4_data_V_address0  |  33|          6|    6|         36|
    |curvmStubsPH2Z2_4_data_V_ce0       |  33|          6|    1|          6|
    |curvmStubsPH2Z2_4_data_V_d0        |  33|          6|   18|        108|
    |curvmStubsPH2Z2_4_data_V_we0       |  33|          6|    1|          6|
    |curvmStubsPH3Z1_0_data_V_address0  |  33|          6|    6|         36|
    |curvmStubsPH3Z1_0_data_V_ce0       |  33|          6|    1|          6|
    |curvmStubsPH3Z1_0_data_V_d0        |  33|          6|   18|        108|
    |curvmStubsPH3Z1_0_data_V_we0       |  33|          6|    1|          6|
    |curvmStubsPH3Z1_1_data_V_address0  |  33|          6|    6|         36|
    |curvmStubsPH3Z1_1_data_V_ce0       |  33|          6|    1|          6|
    |curvmStubsPH3Z1_1_data_V_d0        |  33|          6|   18|        108|
    |curvmStubsPH3Z1_1_data_V_we0       |  33|          6|    1|          6|
    |curvmStubsPH3Z1_2_data_V_address0  |  33|          6|    6|         36|
    |curvmStubsPH3Z1_2_data_V_ce0       |  33|          6|    1|          6|
    |curvmStubsPH3Z1_2_data_V_d0        |  33|          6|   18|        108|
    |curvmStubsPH3Z1_2_data_V_we0       |  33|          6|    1|          6|
    |curvmStubsPH3Z1_3_data_V_address0  |  33|          6|    6|         36|
    |curvmStubsPH3Z1_3_data_V_ce0       |  33|          6|    1|          6|
    |curvmStubsPH3Z1_3_data_V_d0        |  33|          6|   18|        108|
    |curvmStubsPH3Z1_3_data_V_we0       |  33|          6|    1|          6|
    |curvmStubsPH3Z1_4_data_V_address0  |  33|          6|    6|         36|
    |curvmStubsPH3Z1_4_data_V_ce0       |  33|          6|    1|          6|
    |curvmStubsPH3Z1_4_data_V_d0        |  33|          6|   18|        108|
    |curvmStubsPH3Z1_4_data_V_we0       |  33|          6|    1|          6|
    |curvmStubsPH3Z2_0_data_V_address0  |  33|          6|    6|         36|
    |curvmStubsPH3Z2_0_data_V_ce0       |  33|          6|    1|          6|
    |curvmStubsPH3Z2_0_data_V_d0        |  33|          6|   18|        108|
    |curvmStubsPH3Z2_0_data_V_we0       |  33|          6|    1|          6|
    |curvmStubsPH3Z2_1_data_V_address0  |  33|          6|    6|         36|
    |curvmStubsPH3Z2_1_data_V_ce0       |  33|          6|    1|          6|
    |curvmStubsPH3Z2_1_data_V_d0        |  33|          6|   18|        108|
    |curvmStubsPH3Z2_1_data_V_we0       |  33|          6|    1|          6|
    |curvmStubsPH3Z2_2_data_V_address0  |  33|          6|    6|         36|
    |curvmStubsPH3Z2_2_data_V_ce0       |  33|          6|    1|          6|
    |curvmStubsPH3Z2_2_data_V_d0        |  33|          6|   18|        108|
    |curvmStubsPH3Z2_2_data_V_we0       |  33|          6|    1|          6|
    |curvmStubsPH3Z2_3_data_V_address0  |  33|          6|    6|         36|
    |curvmStubsPH3Z2_3_data_V_ce0       |  33|          6|    1|          6|
    |curvmStubsPH3Z2_3_data_V_d0        |  33|          6|   18|        108|
    |curvmStubsPH3Z2_3_data_V_we0       |  33|          6|    1|          6|
    |curvmStubsPH3Z2_4_data_V_address0  |  33|          6|    6|         36|
    |curvmStubsPH3Z2_4_data_V_ce0       |  33|          6|    1|          6|
    |curvmStubsPH3Z2_4_data_V_d0        |  33|          6|   18|        108|
    |curvmStubsPH3Z2_4_data_V_we0       |  33|          6|    1|          6|
    |curvmStubsPH4Z1_0_data_V_address0  |  33|          6|    6|         36|
    |curvmStubsPH4Z1_0_data_V_ce0       |  33|          6|    1|          6|
    |curvmStubsPH4Z1_0_data_V_d0        |  33|          6|   18|        108|
    |curvmStubsPH4Z1_0_data_V_we0       |  33|          6|    1|          6|
    |curvmStubsPH4Z1_1_data_V_address0  |  33|          6|    6|         36|
    |curvmStubsPH4Z1_1_data_V_ce0       |  33|          6|    1|          6|
    |curvmStubsPH4Z1_1_data_V_d0        |  33|          6|   18|        108|
    |curvmStubsPH4Z1_1_data_V_we0       |  33|          6|    1|          6|
    |curvmStubsPH4Z1_2_data_V_address0  |  33|          6|    6|         36|
    |curvmStubsPH4Z1_2_data_V_ce0       |  33|          6|    1|          6|
    |curvmStubsPH4Z1_2_data_V_d0        |  33|          6|   18|        108|
    |curvmStubsPH4Z1_2_data_V_we0       |  33|          6|    1|          6|
    |curvmStubsPH4Z1_3_data_V_address0  |  33|          6|    6|         36|
    |curvmStubsPH4Z1_3_data_V_ce0       |  33|          6|    1|          6|
    |curvmStubsPH4Z1_3_data_V_d0        |  33|          6|   18|        108|
    |curvmStubsPH4Z1_3_data_V_we0       |  33|          6|    1|          6|
    |curvmStubsPH4Z1_4_data_V_address0  |  33|          6|    6|         36|
    |curvmStubsPH4Z1_4_data_V_ce0       |  33|          6|    1|          6|
    |curvmStubsPH4Z1_4_data_V_d0        |  33|          6|   18|        108|
    |curvmStubsPH4Z1_4_data_V_we0       |  33|          6|    1|          6|
    |curvmStubsPH4Z2_0_data_V_address0  |  33|          6|    6|         36|
    |curvmStubsPH4Z2_0_data_V_ce0       |  33|          6|    1|          6|
    |curvmStubsPH4Z2_0_data_V_d0        |  33|          6|   18|        108|
    |curvmStubsPH4Z2_0_data_V_we0       |  33|          6|    1|          6|
    |curvmStubsPH4Z2_1_data_V_address0  |  33|          6|    6|         36|
    |curvmStubsPH4Z2_1_data_V_ce0       |  33|          6|    1|          6|
    |curvmStubsPH4Z2_1_data_V_d0        |  33|          6|   18|        108|
    |curvmStubsPH4Z2_1_data_V_we0       |  33|          6|    1|          6|
    |curvmStubsPH4Z2_2_data_V_address0  |  33|          6|    6|         36|
    |curvmStubsPH4Z2_2_data_V_ce0       |  33|          6|    1|          6|
    |curvmStubsPH4Z2_2_data_V_d0        |  33|          6|   18|        108|
    |curvmStubsPH4Z2_2_data_V_we0       |  33|          6|    1|          6|
    |curvmStubsPH4Z2_3_data_V_address0  |  33|          6|    6|         36|
    |curvmStubsPH4Z2_3_data_V_ce0       |  33|          6|    1|          6|
    |curvmStubsPH4Z2_3_data_V_d0        |  33|          6|   18|        108|
    |curvmStubsPH4Z2_3_data_V_we0       |  33|          6|    1|          6|
    |curvmStubsPH4Z2_4_data_V_address0  |  33|          6|    6|         36|
    |curvmStubsPH4Z2_4_data_V_ce0       |  33|          6|    1|          6|
    |curvmStubsPH4Z2_4_data_V_d0        |  33|          6|   18|        108|
    |curvmStubsPH4Z2_4_data_V_we0       |  33|          6|    1|          6|
    +-----------------------------------+----+-----------+-----+-----------+
    |Total                              |6283|       1143| 1296|       7773|
    +-----------------------------------+----+-----------+-----+-----------+

    * Register: 
    +--------------------------------------+---+----+-----+-----------+
    |                 Name                 | FF| LUT| Bits| Const Bits|
    +--------------------------------------+---+----+-----+-----------+
    |ap_CS_fsm                             |  2|   0|    2|          0|
    |ap_reg_grp_VMRouter_fu_1048_ap_start  |  1|   0|    1|          0|
    |ap_reg_grp_VMRouter_fu_1190_ap_start  |  1|   0|    1|          0|
    |ap_reg_grp_VMRouter_fu_1332_ap_start  |  1|   0|    1|          0|
    |ap_reg_grp_VMRouter_fu_764_ap_start   |  1|   0|    1|          0|
    |ap_reg_grp_VMRouter_fu_906_ap_start   |  1|   0|    1|          0|
    +--------------------------------------+---+----+-----+-----------+
    |Total                                 |  7|   0|    7|          0|
    +--------------------------------------+---+----+-----+-----------+



================================================================
== Interface
================================================================
* Summary: 
+-----------------------------------+-----+-----+------------+--------------------------+--------------+
|             RTL Ports             | Dir | Bits|  Protocol  |       Source Object      |    C Type    |
+-----------------------------------+-----+-----+------------+--------------------------+--------------+
|ap_clk                             |  in |    1| ap_ctrl_hs |    VMRouterDispatcher    | return value |
|ap_rst                             |  in |    1| ap_ctrl_hs |    VMRouterDispatcher    | return value |
|ap_start                           |  in |    1| ap_ctrl_hs |    VMRouterDispatcher    | return value |
|ap_done                            | out |    1| ap_ctrl_hs |    VMRouterDispatcher    | return value |
|ap_idle                            | out |    1| ap_ctrl_hs |    VMRouterDispatcher    | return value |
|ap_ready                           | out |    1| ap_ctrl_hs |    VMRouterDispatcher    | return value |
|curStubsInLayer_0_data_V_address0  | out |    6|  ap_memory | curStubsInLayer_0_data_V |     array    |
|curStubsInLayer_0_data_V_ce0       | out |    1|  ap_memory | curStubsInLayer_0_data_V |     array    |
|curStubsInLayer_0_data_V_q0        |  in |   36|  ap_memory | curStubsInLayer_0_data_V |     array    |
|curStubsInLayer_1_data_V_address0  | out |    6|  ap_memory | curStubsInLayer_1_data_V |     array    |
|curStubsInLayer_1_data_V_ce0       | out |    1|  ap_memory | curStubsInLayer_1_data_V |     array    |
|curStubsInLayer_1_data_V_q0        |  in |   36|  ap_memory | curStubsInLayer_1_data_V |     array    |
|curStubsInLayer_2_data_V_address0  | out |    6|  ap_memory | curStubsInLayer_2_data_V |     array    |
|curStubsInLayer_2_data_V_ce0       | out |    1|  ap_memory | curStubsInLayer_2_data_V |     array    |
|curStubsInLayer_2_data_V_q0        |  in |   36|  ap_memory | curStubsInLayer_2_data_V |     array    |
|curStubsInLayer_3_data_V_address0  | out |    6|  ap_memory | curStubsInLayer_3_data_V |     array    |
|curStubsInLayer_3_data_V_ce0       | out |    1|  ap_memory | curStubsInLayer_3_data_V |     array    |
|curStubsInLayer_3_data_V_q0        |  in |   36|  ap_memory | curStubsInLayer_3_data_V |     array    |
|curStubsInLayer_4_data_V_address0  | out |    6|  ap_memory | curStubsInLayer_4_data_V |     array    |
|curStubsInLayer_4_data_V_ce0       | out |    1|  ap_memory | curStubsInLayer_4_data_V |     array    |
|curStubsInLayer_4_data_V_q0        |  in |   36|  ap_memory | curStubsInLayer_4_data_V |     array    |
|curAllStubs_0_data_V_address0      | out |    6|  ap_memory |   curAllStubs_0_data_V   |     array    |
|curAllStubs_0_data_V_ce0           | out |    1|  ap_memory |   curAllStubs_0_data_V   |     array    |
|curAllStubs_0_data_V_we0           | out |    1|  ap_memory |   curAllStubs_0_data_V   |     array    |
|curAllStubs_0_data_V_d0            | out |   36|  ap_memory |   curAllStubs_0_data_V   |     array    |
|curAllStubs_1_data_V_address0      | out |    6|  ap_memory |   curAllStubs_1_data_V   |     array    |
|curAllStubs_1_data_V_ce0           | out |    1|  ap_memory |   curAllStubs_1_data_V   |     array    |
|curAllStubs_1_data_V_we0           | out |    1|  ap_memory |   curAllStubs_1_data_V   |     array    |
|curAllStubs_1_data_V_d0            | out |   36|  ap_memory |   curAllStubs_1_data_V   |     array    |
|curAllStubs_2_data_V_address0      | out |    6|  ap_memory |   curAllStubs_2_data_V   |     array    |
|curAllStubs_2_data_V_ce0           | out |    1|  ap_memory |   curAllStubs_2_data_V   |     array    |
|curAllStubs_2_data_V_we0           | out |    1|  ap_memory |   curAllStubs_2_data_V   |     array    |
|curAllStubs_2_data_V_d0            | out |   36|  ap_memory |   curAllStubs_2_data_V   |     array    |
|curAllStubs_3_data_V_address0      | out |    6|  ap_memory |   curAllStubs_3_data_V   |     array    |
|curAllStubs_3_data_V_ce0           | out |    1|  ap_memory |   curAllStubs_3_data_V   |     array    |
|curAllStubs_3_data_V_we0           | out |    1|  ap_memory |   curAllStubs_3_data_V   |     array    |
|curAllStubs_3_data_V_d0            | out |   36|  ap_memory |   curAllStubs_3_data_V   |     array    |
|curAllStubs_4_data_V_address0      | out |    6|  ap_memory |   curAllStubs_4_data_V   |     array    |
|curAllStubs_4_data_V_ce0           | out |    1|  ap_memory |   curAllStubs_4_data_V   |     array    |
|curAllStubs_4_data_V_we0           | out |    1|  ap_memory |   curAllStubs_4_data_V   |     array    |
|curAllStubs_4_data_V_d0            | out |   36|  ap_memory |   curAllStubs_4_data_V   |     array    |
|curvmStubsPH1Z1_0_data_V_address0  | out |    6|  ap_memory | curvmStubsPH1Z1_0_data_V |     array    |
|curvmStubsPH1Z1_0_data_V_ce0       | out |    1|  ap_memory | curvmStubsPH1Z1_0_data_V |     array    |
|curvmStubsPH1Z1_0_data_V_we0       | out |    1|  ap_memory | curvmStubsPH1Z1_0_data_V |     array    |
|curvmStubsPH1Z1_0_data_V_d0        | out |   18|  ap_memory | curvmStubsPH1Z1_0_data_V |     array    |
|curvmStubsPH1Z1_1_data_V_address0  | out |    6|  ap_memory | curvmStubsPH1Z1_1_data_V |     array    |
|curvmStubsPH1Z1_1_data_V_ce0       | out |    1|  ap_memory | curvmStubsPH1Z1_1_data_V |     array    |
|curvmStubsPH1Z1_1_data_V_we0       | out |    1|  ap_memory | curvmStubsPH1Z1_1_data_V |     array    |
|curvmStubsPH1Z1_1_data_V_d0        | out |   18|  ap_memory | curvmStubsPH1Z1_1_data_V |     array    |
|curvmStubsPH1Z1_2_data_V_address0  | out |    6|  ap_memory | curvmStubsPH1Z1_2_data_V |     array    |
|curvmStubsPH1Z1_2_data_V_ce0       | out |    1|  ap_memory | curvmStubsPH1Z1_2_data_V |     array    |
|curvmStubsPH1Z1_2_data_V_we0       | out |    1|  ap_memory | curvmStubsPH1Z1_2_data_V |     array    |
|curvmStubsPH1Z1_2_data_V_d0        | out |   18|  ap_memory | curvmStubsPH1Z1_2_data_V |     array    |
|curvmStubsPH1Z1_3_data_V_address0  | out |    6|  ap_memory | curvmStubsPH1Z1_3_data_V |     array    |
|curvmStubsPH1Z1_3_data_V_ce0       | out |    1|  ap_memory | curvmStubsPH1Z1_3_data_V |     array    |
|curvmStubsPH1Z1_3_data_V_we0       | out |    1|  ap_memory | curvmStubsPH1Z1_3_data_V |     array    |
|curvmStubsPH1Z1_3_data_V_d0        | out |   18|  ap_memory | curvmStubsPH1Z1_3_data_V |     array    |
|curvmStubsPH1Z1_4_data_V_address0  | out |    6|  ap_memory | curvmStubsPH1Z1_4_data_V |     array    |
|curvmStubsPH1Z1_4_data_V_ce0       | out |    1|  ap_memory | curvmStubsPH1Z1_4_data_V |     array    |
|curvmStubsPH1Z1_4_data_V_we0       | out |    1|  ap_memory | curvmStubsPH1Z1_4_data_V |     array    |
|curvmStubsPH1Z1_4_data_V_d0        | out |   18|  ap_memory | curvmStubsPH1Z1_4_data_V |     array    |
|curvmStubsPH2Z1_0_data_V_address0  | out |    6|  ap_memory | curvmStubsPH2Z1_0_data_V |     array    |
|curvmStubsPH2Z1_0_data_V_ce0       | out |    1|  ap_memory | curvmStubsPH2Z1_0_data_V |     array    |
|curvmStubsPH2Z1_0_data_V_we0       | out |    1|  ap_memory | curvmStubsPH2Z1_0_data_V |     array    |
|curvmStubsPH2Z1_0_data_V_d0        | out |   18|  ap_memory | curvmStubsPH2Z1_0_data_V |     array    |
|curvmStubsPH2Z1_1_data_V_address0  | out |    6|  ap_memory | curvmStubsPH2Z1_1_data_V |     array    |
|curvmStubsPH2Z1_1_data_V_ce0       | out |    1|  ap_memory | curvmStubsPH2Z1_1_data_V |     array    |
|curvmStubsPH2Z1_1_data_V_we0       | out |    1|  ap_memory | curvmStubsPH2Z1_1_data_V |     array    |
|curvmStubsPH2Z1_1_data_V_d0        | out |   18|  ap_memory | curvmStubsPH2Z1_1_data_V |     array    |
|curvmStubsPH2Z1_2_data_V_address0  | out |    6|  ap_memory | curvmStubsPH2Z1_2_data_V |     array    |
|curvmStubsPH2Z1_2_data_V_ce0       | out |    1|  ap_memory | curvmStubsPH2Z1_2_data_V |     array    |
|curvmStubsPH2Z1_2_data_V_we0       | out |    1|  ap_memory | curvmStubsPH2Z1_2_data_V |     array    |
|curvmStubsPH2Z1_2_data_V_d0        | out |   18|  ap_memory | curvmStubsPH2Z1_2_data_V |     array    |
|curvmStubsPH2Z1_3_data_V_address0  | out |    6|  ap_memory | curvmStubsPH2Z1_3_data_V |     array    |
|curvmStubsPH2Z1_3_data_V_ce0       | out |    1|  ap_memory | curvmStubsPH2Z1_3_data_V |     array    |
|curvmStubsPH2Z1_3_data_V_we0       | out |    1|  ap_memory | curvmStubsPH2Z1_3_data_V |     array    |
|curvmStubsPH2Z1_3_data_V_d0        | out |   18|  ap_memory | curvmStubsPH2Z1_3_data_V |     array    |
|curvmStubsPH2Z1_4_data_V_address0  | out |    6|  ap_memory | curvmStubsPH2Z1_4_data_V |     array    |
|curvmStubsPH2Z1_4_data_V_ce0       | out |    1|  ap_memory | curvmStubsPH2Z1_4_data_V |     array    |
|curvmStubsPH2Z1_4_data_V_we0       | out |    1|  ap_memory | curvmStubsPH2Z1_4_data_V |     array    |
|curvmStubsPH2Z1_4_data_V_d0        | out |   18|  ap_memory | curvmStubsPH2Z1_4_data_V |     array    |
|curvmStubsPH3Z1_0_data_V_address0  | out |    6|  ap_memory | curvmStubsPH3Z1_0_data_V |     array    |
|curvmStubsPH3Z1_0_data_V_ce0       | out |    1|  ap_memory | curvmStubsPH3Z1_0_data_V |     array    |
|curvmStubsPH3Z1_0_data_V_we0       | out |    1|  ap_memory | curvmStubsPH3Z1_0_data_V |     array    |
|curvmStubsPH3Z1_0_data_V_d0        | out |   18|  ap_memory | curvmStubsPH3Z1_0_data_V |     array    |
|curvmStubsPH3Z1_1_data_V_address0  | out |    6|  ap_memory | curvmStubsPH3Z1_1_data_V |     array    |
|curvmStubsPH3Z1_1_data_V_ce0       | out |    1|  ap_memory | curvmStubsPH3Z1_1_data_V |     array    |
|curvmStubsPH3Z1_1_data_V_we0       | out |    1|  ap_memory | curvmStubsPH3Z1_1_data_V |     array    |
|curvmStubsPH3Z1_1_data_V_d0        | out |   18|  ap_memory | curvmStubsPH3Z1_1_data_V |     array    |
|curvmStubsPH3Z1_2_data_V_address0  | out |    6|  ap_memory | curvmStubsPH3Z1_2_data_V |     array    |
|curvmStubsPH3Z1_2_data_V_ce0       | out |    1|  ap_memory | curvmStubsPH3Z1_2_data_V |     array    |
|curvmStubsPH3Z1_2_data_V_we0       | out |    1|  ap_memory | curvmStubsPH3Z1_2_data_V |     array    |
|curvmStubsPH3Z1_2_data_V_d0        | out |   18|  ap_memory | curvmStubsPH3Z1_2_data_V |     array    |
|curvmStubsPH3Z1_3_data_V_address0  | out |    6|  ap_memory | curvmStubsPH3Z1_3_data_V |     array    |
|curvmStubsPH3Z1_3_data_V_ce0       | out |    1|  ap_memory | curvmStubsPH3Z1_3_data_V |     array    |
|curvmStubsPH3Z1_3_data_V_we0       | out |    1|  ap_memory | curvmStubsPH3Z1_3_data_V |     array    |
|curvmStubsPH3Z1_3_data_V_d0        | out |   18|  ap_memory | curvmStubsPH3Z1_3_data_V |     array    |
|curvmStubsPH3Z1_4_data_V_address0  | out |    6|  ap_memory | curvmStubsPH3Z1_4_data_V |     array    |
|curvmStubsPH3Z1_4_data_V_ce0       | out |    1|  ap_memory | curvmStubsPH3Z1_4_data_V |     array    |
|curvmStubsPH3Z1_4_data_V_we0       | out |    1|  ap_memory | curvmStubsPH3Z1_4_data_V |     array    |
|curvmStubsPH3Z1_4_data_V_d0        | out |   18|  ap_memory | curvmStubsPH3Z1_4_data_V |     array    |
|curvmStubsPH4Z1_0_data_V_address0  | out |    6|  ap_memory | curvmStubsPH4Z1_0_data_V |     array    |
|curvmStubsPH4Z1_0_data_V_ce0       | out |    1|  ap_memory | curvmStubsPH4Z1_0_data_V |     array    |
|curvmStubsPH4Z1_0_data_V_we0       | out |    1|  ap_memory | curvmStubsPH4Z1_0_data_V |     array    |
|curvmStubsPH4Z1_0_data_V_d0        | out |   18|  ap_memory | curvmStubsPH4Z1_0_data_V |     array    |
|curvmStubsPH4Z1_1_data_V_address0  | out |    6|  ap_memory | curvmStubsPH4Z1_1_data_V |     array    |
|curvmStubsPH4Z1_1_data_V_ce0       | out |    1|  ap_memory | curvmStubsPH4Z1_1_data_V |     array    |
|curvmStubsPH4Z1_1_data_V_we0       | out |    1|  ap_memory | curvmStubsPH4Z1_1_data_V |     array    |
|curvmStubsPH4Z1_1_data_V_d0        | out |   18|  ap_memory | curvmStubsPH4Z1_1_data_V |     array    |
|curvmStubsPH4Z1_2_data_V_address0  | out |    6|  ap_memory | curvmStubsPH4Z1_2_data_V |     array    |
|curvmStubsPH4Z1_2_data_V_ce0       | out |    1|  ap_memory | curvmStubsPH4Z1_2_data_V |     array    |
|curvmStubsPH4Z1_2_data_V_we0       | out |    1|  ap_memory | curvmStubsPH4Z1_2_data_V |     array    |
|curvmStubsPH4Z1_2_data_V_d0        | out |   18|  ap_memory | curvmStubsPH4Z1_2_data_V |     array    |
|curvmStubsPH4Z1_3_data_V_address0  | out |    6|  ap_memory | curvmStubsPH4Z1_3_data_V |     array    |
|curvmStubsPH4Z1_3_data_V_ce0       | out |    1|  ap_memory | curvmStubsPH4Z1_3_data_V |     array    |
|curvmStubsPH4Z1_3_data_V_we0       | out |    1|  ap_memory | curvmStubsPH4Z1_3_data_V |     array    |
|curvmStubsPH4Z1_3_data_V_d0        | out |   18|  ap_memory | curvmStubsPH4Z1_3_data_V |     array    |
|curvmStubsPH4Z1_4_data_V_address0  | out |    6|  ap_memory | curvmStubsPH4Z1_4_data_V |     array    |
|curvmStubsPH4Z1_4_data_V_ce0       | out |    1|  ap_memory | curvmStubsPH4Z1_4_data_V |     array    |
|curvmStubsPH4Z1_4_data_V_we0       | out |    1|  ap_memory | curvmStubsPH4Z1_4_data_V |     array    |
|curvmStubsPH4Z1_4_data_V_d0        | out |   18|  ap_memory | curvmStubsPH4Z1_4_data_V |     array    |
|curvmStubsPH1Z2_0_data_V_address0  | out |    6|  ap_memory | curvmStubsPH1Z2_0_data_V |     array    |
|curvmStubsPH1Z2_0_data_V_ce0       | out |    1|  ap_memory | curvmStubsPH1Z2_0_data_V |     array    |
|curvmStubsPH1Z2_0_data_V_we0       | out |    1|  ap_memory | curvmStubsPH1Z2_0_data_V |     array    |
|curvmStubsPH1Z2_0_data_V_d0        | out |   18|  ap_memory | curvmStubsPH1Z2_0_data_V |     array    |
|curvmStubsPH1Z2_1_data_V_address0  | out |    6|  ap_memory | curvmStubsPH1Z2_1_data_V |     array    |
|curvmStubsPH1Z2_1_data_V_ce0       | out |    1|  ap_memory | curvmStubsPH1Z2_1_data_V |     array    |
|curvmStubsPH1Z2_1_data_V_we0       | out |    1|  ap_memory | curvmStubsPH1Z2_1_data_V |     array    |
|curvmStubsPH1Z2_1_data_V_d0        | out |   18|  ap_memory | curvmStubsPH1Z2_1_data_V |     array    |
|curvmStubsPH1Z2_2_data_V_address0  | out |    6|  ap_memory | curvmStubsPH1Z2_2_data_V |     array    |
|curvmStubsPH1Z2_2_data_V_ce0       | out |    1|  ap_memory | curvmStubsPH1Z2_2_data_V |     array    |
|curvmStubsPH1Z2_2_data_V_we0       | out |    1|  ap_memory | curvmStubsPH1Z2_2_data_V |     array    |
|curvmStubsPH1Z2_2_data_V_d0        | out |   18|  ap_memory | curvmStubsPH1Z2_2_data_V |     array    |
|curvmStubsPH1Z2_3_data_V_address0  | out |    6|  ap_memory | curvmStubsPH1Z2_3_data_V |     array    |
|curvmStubsPH1Z2_3_data_V_ce0       | out |    1|  ap_memory | curvmStubsPH1Z2_3_data_V |     array    |
|curvmStubsPH1Z2_3_data_V_we0       | out |    1|  ap_memory | curvmStubsPH1Z2_3_data_V |     array    |
|curvmStubsPH1Z2_3_data_V_d0        | out |   18|  ap_memory | curvmStubsPH1Z2_3_data_V |     array    |
|curvmStubsPH1Z2_4_data_V_address0  | out |    6|  ap_memory | curvmStubsPH1Z2_4_data_V |     array    |
|curvmStubsPH1Z2_4_data_V_ce0       | out |    1|  ap_memory | curvmStubsPH1Z2_4_data_V |     array    |
|curvmStubsPH1Z2_4_data_V_we0       | out |    1|  ap_memory | curvmStubsPH1Z2_4_data_V |     array    |
|curvmStubsPH1Z2_4_data_V_d0        | out |   18|  ap_memory | curvmStubsPH1Z2_4_data_V |     array    |
|curvmStubsPH2Z2_0_data_V_address0  | out |    6|  ap_memory | curvmStubsPH2Z2_0_data_V |     array    |
|curvmStubsPH2Z2_0_data_V_ce0       | out |    1|  ap_memory | curvmStubsPH2Z2_0_data_V |     array    |
|curvmStubsPH2Z2_0_data_V_we0       | out |    1|  ap_memory | curvmStubsPH2Z2_0_data_V |     array    |
|curvmStubsPH2Z2_0_data_V_d0        | out |   18|  ap_memory | curvmStubsPH2Z2_0_data_V |     array    |
|curvmStubsPH2Z2_1_data_V_address0  | out |    6|  ap_memory | curvmStubsPH2Z2_1_data_V |     array    |
|curvmStubsPH2Z2_1_data_V_ce0       | out |    1|  ap_memory | curvmStubsPH2Z2_1_data_V |     array    |
|curvmStubsPH2Z2_1_data_V_we0       | out |    1|  ap_memory | curvmStubsPH2Z2_1_data_V |     array    |
|curvmStubsPH2Z2_1_data_V_d0        | out |   18|  ap_memory | curvmStubsPH2Z2_1_data_V |     array    |
|curvmStubsPH2Z2_2_data_V_address0  | out |    6|  ap_memory | curvmStubsPH2Z2_2_data_V |     array    |
|curvmStubsPH2Z2_2_data_V_ce0       | out |    1|  ap_memory | curvmStubsPH2Z2_2_data_V |     array    |
|curvmStubsPH2Z2_2_data_V_we0       | out |    1|  ap_memory | curvmStubsPH2Z2_2_data_V |     array    |
|curvmStubsPH2Z2_2_data_V_d0        | out |   18|  ap_memory | curvmStubsPH2Z2_2_data_V |     array    |
|curvmStubsPH2Z2_3_data_V_address0  | out |    6|  ap_memory | curvmStubsPH2Z2_3_data_V |     array    |
|curvmStubsPH2Z2_3_data_V_ce0       | out |    1|  ap_memory | curvmStubsPH2Z2_3_data_V |     array    |
|curvmStubsPH2Z2_3_data_V_we0       | out |    1|  ap_memory | curvmStubsPH2Z2_3_data_V |     array    |
|curvmStubsPH2Z2_3_data_V_d0        | out |   18|  ap_memory | curvmStubsPH2Z2_3_data_V |     array    |
|curvmStubsPH2Z2_4_data_V_address0  | out |    6|  ap_memory | curvmStubsPH2Z2_4_data_V |     array    |
|curvmStubsPH2Z2_4_data_V_ce0       | out |    1|  ap_memory | curvmStubsPH2Z2_4_data_V |     array    |
|curvmStubsPH2Z2_4_data_V_we0       | out |    1|  ap_memory | curvmStubsPH2Z2_4_data_V |     array    |
|curvmStubsPH2Z2_4_data_V_d0        | out |   18|  ap_memory | curvmStubsPH2Z2_4_data_V |     array    |
|curvmStubsPH3Z2_0_data_V_address0  | out |    6|  ap_memory | curvmStubsPH3Z2_0_data_V |     array    |
|curvmStubsPH3Z2_0_data_V_ce0       | out |    1|  ap_memory | curvmStubsPH3Z2_0_data_V |     array    |
|curvmStubsPH3Z2_0_data_V_we0       | out |    1|  ap_memory | curvmStubsPH3Z2_0_data_V |     array    |
|curvmStubsPH3Z2_0_data_V_d0        | out |   18|  ap_memory | curvmStubsPH3Z2_0_data_V |     array    |
|curvmStubsPH3Z2_1_data_V_address0  | out |    6|  ap_memory | curvmStubsPH3Z2_1_data_V |     array    |
|curvmStubsPH3Z2_1_data_V_ce0       | out |    1|  ap_memory | curvmStubsPH3Z2_1_data_V |     array    |
|curvmStubsPH3Z2_1_data_V_we0       | out |    1|  ap_memory | curvmStubsPH3Z2_1_data_V |     array    |
|curvmStubsPH3Z2_1_data_V_d0        | out |   18|  ap_memory | curvmStubsPH3Z2_1_data_V |     array    |
|curvmStubsPH3Z2_2_data_V_address0  | out |    6|  ap_memory | curvmStubsPH3Z2_2_data_V |     array    |
|curvmStubsPH3Z2_2_data_V_ce0       | out |    1|  ap_memory | curvmStubsPH3Z2_2_data_V |     array    |
|curvmStubsPH3Z2_2_data_V_we0       | out |    1|  ap_memory | curvmStubsPH3Z2_2_data_V |     array    |
|curvmStubsPH3Z2_2_data_V_d0        | out |   18|  ap_memory | curvmStubsPH3Z2_2_data_V |     array    |
|curvmStubsPH3Z2_3_data_V_address0  | out |    6|  ap_memory | curvmStubsPH3Z2_3_data_V |     array    |
|curvmStubsPH3Z2_3_data_V_ce0       | out |    1|  ap_memory | curvmStubsPH3Z2_3_data_V |     array    |
|curvmStubsPH3Z2_3_data_V_we0       | out |    1|  ap_memory | curvmStubsPH3Z2_3_data_V |     array    |
|curvmStubsPH3Z2_3_data_V_d0        | out |   18|  ap_memory | curvmStubsPH3Z2_3_data_V |     array    |
|curvmStubsPH3Z2_4_data_V_address0  | out |    6|  ap_memory | curvmStubsPH3Z2_4_data_V |     array    |
|curvmStubsPH3Z2_4_data_V_ce0       | out |    1|  ap_memory | curvmStubsPH3Z2_4_data_V |     array    |
|curvmStubsPH3Z2_4_data_V_we0       | out |    1|  ap_memory | curvmStubsPH3Z2_4_data_V |     array    |
|curvmStubsPH3Z2_4_data_V_d0        | out |   18|  ap_memory | curvmStubsPH3Z2_4_data_V |     array    |
|curvmStubsPH4Z2_0_data_V_address0  | out |    6|  ap_memory | curvmStubsPH4Z2_0_data_V |     array    |
|curvmStubsPH4Z2_0_data_V_ce0       | out |    1|  ap_memory | curvmStubsPH4Z2_0_data_V |     array    |
|curvmStubsPH4Z2_0_data_V_we0       | out |    1|  ap_memory | curvmStubsPH4Z2_0_data_V |     array    |
|curvmStubsPH4Z2_0_data_V_d0        | out |   18|  ap_memory | curvmStubsPH4Z2_0_data_V |     array    |
|curvmStubsPH4Z2_1_data_V_address0  | out |    6|  ap_memory | curvmStubsPH4Z2_1_data_V |     array    |
|curvmStubsPH4Z2_1_data_V_ce0       | out |    1|  ap_memory | curvmStubsPH4Z2_1_data_V |     array    |
|curvmStubsPH4Z2_1_data_V_we0       | out |    1|  ap_memory | curvmStubsPH4Z2_1_data_V |     array    |
|curvmStubsPH4Z2_1_data_V_d0        | out |   18|  ap_memory | curvmStubsPH4Z2_1_data_V |     array    |
|curvmStubsPH4Z2_2_data_V_address0  | out |    6|  ap_memory | curvmStubsPH4Z2_2_data_V |     array    |
|curvmStubsPH4Z2_2_data_V_ce0       | out |    1|  ap_memory | curvmStubsPH4Z2_2_data_V |     array    |
|curvmStubsPH4Z2_2_data_V_we0       | out |    1|  ap_memory | curvmStubsPH4Z2_2_data_V |     array    |
|curvmStubsPH4Z2_2_data_V_d0        | out |   18|  ap_memory | curvmStubsPH4Z2_2_data_V |     array    |
|curvmStubsPH4Z2_3_data_V_address0  | out |    6|  ap_memory | curvmStubsPH4Z2_3_data_V |     array    |
|curvmStubsPH4Z2_3_data_V_ce0       | out |    1|  ap_memory | curvmStubsPH4Z2_3_data_V |     array    |
|curvmStubsPH4Z2_3_data_V_we0       | out |    1|  ap_memory | curvmStubsPH4Z2_3_data_V |     array    |
|curvmStubsPH4Z2_3_data_V_d0        | out |   18|  ap_memory | curvmStubsPH4Z2_3_data_V |     array    |
|curvmStubsPH4Z2_4_data_V_address0  | out |    6|  ap_memory | curvmStubsPH4Z2_4_data_V |     array    |
|curvmStubsPH4Z2_4_data_V_ce0       | out |    1|  ap_memory | curvmStubsPH4Z2_4_data_V |     array    |
|curvmStubsPH4Z2_4_data_V_we0       | out |    1|  ap_memory | curvmStubsPH4Z2_4_data_V |     array    |
|curvmStubsPH4Z2_4_data_V_d0        | out |   18|  ap_memory | curvmStubsPH4Z2_4_data_V |     array    |
|curnStubs_0                        |  in |   32|   ap_none  |        curnStubs_0       |    pointer   |
|curnStubs_1                        |  in |   32|   ap_none  |        curnStubs_1       |    pointer   |
|curnStubs_2                        |  in |   32|   ap_none  |        curnStubs_2       |    pointer   |
|curnStubs_3                        |  in |   32|   ap_none  |        curnStubs_3       |    pointer   |
|curnStubs_4                        |  in |   32|   ap_none  |        curnStubs_4       |    pointer   |
|curnPH1Z1_0_V_i                    |  in |    6|   ap_ovld  |       curnPH1Z1_0_V      |    pointer   |
|curnPH1Z1_0_V_o                    | out |    6|   ap_ovld  |       curnPH1Z1_0_V      |    pointer   |
|curnPH1Z1_0_V_o_ap_vld             | out |    1|   ap_ovld  |       curnPH1Z1_0_V      |    pointer   |
|curnPH1Z1_1_V_i                    |  in |    6|   ap_ovld  |       curnPH1Z1_1_V      |    pointer   |
|curnPH1Z1_1_V_o                    | out |    6|   ap_ovld  |       curnPH1Z1_1_V      |    pointer   |
|curnPH1Z1_1_V_o_ap_vld             | out |    1|   ap_ovld  |       curnPH1Z1_1_V      |    pointer   |
|curnPH1Z1_2_V_i                    |  in |    6|   ap_ovld  |       curnPH1Z1_2_V      |    pointer   |
|curnPH1Z1_2_V_o                    | out |    6|   ap_ovld  |       curnPH1Z1_2_V      |    pointer   |
|curnPH1Z1_2_V_o_ap_vld             | out |    1|   ap_ovld  |       curnPH1Z1_2_V      |    pointer   |
|curnPH1Z1_3_V_i                    |  in |    6|   ap_ovld  |       curnPH1Z1_3_V      |    pointer   |
|curnPH1Z1_3_V_o                    | out |    6|   ap_ovld  |       curnPH1Z1_3_V      |    pointer   |
|curnPH1Z1_3_V_o_ap_vld             | out |    1|   ap_ovld  |       curnPH1Z1_3_V      |    pointer   |
|curnPH1Z1_4_V_i                    |  in |    6|   ap_ovld  |       curnPH1Z1_4_V      |    pointer   |
|curnPH1Z1_4_V_o                    | out |    6|   ap_ovld  |       curnPH1Z1_4_V      |    pointer   |
|curnPH1Z1_4_V_o_ap_vld             | out |    1|   ap_ovld  |       curnPH1Z1_4_V      |    pointer   |
|curnPH2Z1_0_V_i                    |  in |    6|   ap_ovld  |       curnPH2Z1_0_V      |    pointer   |
|curnPH2Z1_0_V_o                    | out |    6|   ap_ovld  |       curnPH2Z1_0_V      |    pointer   |
|curnPH2Z1_0_V_o_ap_vld             | out |    1|   ap_ovld  |       curnPH2Z1_0_V      |    pointer   |
|curnPH2Z1_1_V_i                    |  in |    6|   ap_ovld  |       curnPH2Z1_1_V      |    pointer   |
|curnPH2Z1_1_V_o                    | out |    6|   ap_ovld  |       curnPH2Z1_1_V      |    pointer   |
|curnPH2Z1_1_V_o_ap_vld             | out |    1|   ap_ovld  |       curnPH2Z1_1_V      |    pointer   |
|curnPH2Z1_2_V_i                    |  in |    6|   ap_ovld  |       curnPH2Z1_2_V      |    pointer   |
|curnPH2Z1_2_V_o                    | out |    6|   ap_ovld  |       curnPH2Z1_2_V      |    pointer   |
|curnPH2Z1_2_V_o_ap_vld             | out |    1|   ap_ovld  |       curnPH2Z1_2_V      |    pointer   |
|curnPH2Z1_3_V_i                    |  in |    6|   ap_ovld  |       curnPH2Z1_3_V      |    pointer   |
|curnPH2Z1_3_V_o                    | out |    6|   ap_ovld  |       curnPH2Z1_3_V      |    pointer   |
|curnPH2Z1_3_V_o_ap_vld             | out |    1|   ap_ovld  |       curnPH2Z1_3_V      |    pointer   |
|curnPH2Z1_4_V_i                    |  in |    6|   ap_ovld  |       curnPH2Z1_4_V      |    pointer   |
|curnPH2Z1_4_V_o                    | out |    6|   ap_ovld  |       curnPH2Z1_4_V      |    pointer   |
|curnPH2Z1_4_V_o_ap_vld             | out |    1|   ap_ovld  |       curnPH2Z1_4_V      |    pointer   |
|curnPH3Z1_0_V_i                    |  in |    6|   ap_ovld  |       curnPH3Z1_0_V      |    pointer   |
|curnPH3Z1_0_V_o                    | out |    6|   ap_ovld  |       curnPH3Z1_0_V      |    pointer   |
|curnPH3Z1_0_V_o_ap_vld             | out |    1|   ap_ovld  |       curnPH3Z1_0_V      |    pointer   |
|curnPH3Z1_1_V_i                    |  in |    6|   ap_ovld  |       curnPH3Z1_1_V      |    pointer   |
|curnPH3Z1_1_V_o                    | out |    6|   ap_ovld  |       curnPH3Z1_1_V      |    pointer   |
|curnPH3Z1_1_V_o_ap_vld             | out |    1|   ap_ovld  |       curnPH3Z1_1_V      |    pointer   |
|curnPH3Z1_2_V_i                    |  in |    6|   ap_ovld  |       curnPH3Z1_2_V      |    pointer   |
|curnPH3Z1_2_V_o                    | out |    6|   ap_ovld  |       curnPH3Z1_2_V      |    pointer   |
|curnPH3Z1_2_V_o_ap_vld             | out |    1|   ap_ovld  |       curnPH3Z1_2_V      |    pointer   |
|curnPH3Z1_3_V_i                    |  in |    6|   ap_ovld  |       curnPH3Z1_3_V      |    pointer   |
|curnPH3Z1_3_V_o                    | out |    6|   ap_ovld  |       curnPH3Z1_3_V      |    pointer   |
|curnPH3Z1_3_V_o_ap_vld             | out |    1|   ap_ovld  |       curnPH3Z1_3_V      |    pointer   |
|curnPH3Z1_4_V_i                    |  in |    6|   ap_ovld  |       curnPH3Z1_4_V      |    pointer   |
|curnPH3Z1_4_V_o                    | out |    6|   ap_ovld  |       curnPH3Z1_4_V      |    pointer   |
|curnPH3Z1_4_V_o_ap_vld             | out |    1|   ap_ovld  |       curnPH3Z1_4_V      |    pointer   |
|curnPH4Z1_0_V_i                    |  in |    6|   ap_ovld  |       curnPH4Z1_0_V      |    pointer   |
|curnPH4Z1_0_V_o                    | out |    6|   ap_ovld  |       curnPH4Z1_0_V      |    pointer   |
|curnPH4Z1_0_V_o_ap_vld             | out |    1|   ap_ovld  |       curnPH4Z1_0_V      |    pointer   |
|curnPH4Z1_1_V_i                    |  in |    6|   ap_ovld  |       curnPH4Z1_1_V      |    pointer   |
|curnPH4Z1_1_V_o                    | out |    6|   ap_ovld  |       curnPH4Z1_1_V      |    pointer   |
|curnPH4Z1_1_V_o_ap_vld             | out |    1|   ap_ovld  |       curnPH4Z1_1_V      |    pointer   |
|curnPH4Z1_2_V_i                    |  in |    6|   ap_ovld  |       curnPH4Z1_2_V      |    pointer   |
|curnPH4Z1_2_V_o                    | out |    6|   ap_ovld  |       curnPH4Z1_2_V      |    pointer   |
|curnPH4Z1_2_V_o_ap_vld             | out |    1|   ap_ovld  |       curnPH4Z1_2_V      |    pointer   |
|curnPH4Z1_3_V_i                    |  in |    6|   ap_ovld  |       curnPH4Z1_3_V      |    pointer   |
|curnPH4Z1_3_V_o                    | out |    6|   ap_ovld  |       curnPH4Z1_3_V      |    pointer   |
|curnPH4Z1_3_V_o_ap_vld             | out |    1|   ap_ovld  |       curnPH4Z1_3_V      |    pointer   |
|curnPH4Z1_4_V_i                    |  in |    6|   ap_ovld  |       curnPH4Z1_4_V      |    pointer   |
|curnPH4Z1_4_V_o                    | out |    6|   ap_ovld  |       curnPH4Z1_4_V      |    pointer   |
|curnPH4Z1_4_V_o_ap_vld             | out |    1|   ap_ovld  |       curnPH4Z1_4_V      |    pointer   |
|curnPH1Z2_0_V_i                    |  in |    6|   ap_ovld  |       curnPH1Z2_0_V      |    pointer   |
|curnPH1Z2_0_V_o                    | out |    6|   ap_ovld  |       curnPH1Z2_0_V      |    pointer   |
|curnPH1Z2_0_V_o_ap_vld             | out |    1|   ap_ovld  |       curnPH1Z2_0_V      |    pointer   |
|curnPH1Z2_1_V_i                    |  in |    6|   ap_ovld  |       curnPH1Z2_1_V      |    pointer   |
|curnPH1Z2_1_V_o                    | out |    6|   ap_ovld  |       curnPH1Z2_1_V      |    pointer   |
|curnPH1Z2_1_V_o_ap_vld             | out |    1|   ap_ovld  |       curnPH1Z2_1_V      |    pointer   |
|curnPH1Z2_2_V_i                    |  in |    6|   ap_ovld  |       curnPH1Z2_2_V      |    pointer   |
|curnPH1Z2_2_V_o                    | out |    6|   ap_ovld  |       curnPH1Z2_2_V      |    pointer   |
|curnPH1Z2_2_V_o_ap_vld             | out |    1|   ap_ovld  |       curnPH1Z2_2_V      |    pointer   |
|curnPH1Z2_3_V_i                    |  in |    6|   ap_ovld  |       curnPH1Z2_3_V      |    pointer   |
|curnPH1Z2_3_V_o                    | out |    6|   ap_ovld  |       curnPH1Z2_3_V      |    pointer   |
|curnPH1Z2_3_V_o_ap_vld             | out |    1|   ap_ovld  |       curnPH1Z2_3_V      |    pointer   |
|curnPH1Z2_4_V_i                    |  in |    6|   ap_ovld  |       curnPH1Z2_4_V      |    pointer   |
|curnPH1Z2_4_V_o                    | out |    6|   ap_ovld  |       curnPH1Z2_4_V      |    pointer   |
|curnPH1Z2_4_V_o_ap_vld             | out |    1|   ap_ovld  |       curnPH1Z2_4_V      |    pointer   |
|curnPH2Z2_0_V_i                    |  in |    6|   ap_ovld  |       curnPH2Z2_0_V      |    pointer   |
|curnPH2Z2_0_V_o                    | out |    6|   ap_ovld  |       curnPH2Z2_0_V      |    pointer   |
|curnPH2Z2_0_V_o_ap_vld             | out |    1|   ap_ovld  |       curnPH2Z2_0_V      |    pointer   |
|curnPH2Z2_1_V_i                    |  in |    6|   ap_ovld  |       curnPH2Z2_1_V      |    pointer   |
|curnPH2Z2_1_V_o                    | out |    6|   ap_ovld  |       curnPH2Z2_1_V      |    pointer   |
|curnPH2Z2_1_V_o_ap_vld             | out |    1|   ap_ovld  |       curnPH2Z2_1_V      |    pointer   |
|curnPH2Z2_2_V_i                    |  in |    6|   ap_ovld  |       curnPH2Z2_2_V      |    pointer   |
|curnPH2Z2_2_V_o                    | out |    6|   ap_ovld  |       curnPH2Z2_2_V      |    pointer   |
|curnPH2Z2_2_V_o_ap_vld             | out |    1|   ap_ovld  |       curnPH2Z2_2_V      |    pointer   |
|curnPH2Z2_3_V_i                    |  in |    6|   ap_ovld  |       curnPH2Z2_3_V      |    pointer   |
|curnPH2Z2_3_V_o                    | out |    6|   ap_ovld  |       curnPH2Z2_3_V      |    pointer   |
|curnPH2Z2_3_V_o_ap_vld             | out |    1|   ap_ovld  |       curnPH2Z2_3_V      |    pointer   |
|curnPH2Z2_4_V_i                    |  in |    6|   ap_ovld  |       curnPH2Z2_4_V      |    pointer   |
|curnPH2Z2_4_V_o                    | out |    6|   ap_ovld  |       curnPH2Z2_4_V      |    pointer   |
|curnPH2Z2_4_V_o_ap_vld             | out |    1|   ap_ovld  |       curnPH2Z2_4_V      |    pointer   |
|curnPH3Z2_0_V_i                    |  in |    6|   ap_ovld  |       curnPH3Z2_0_V      |    pointer   |
|curnPH3Z2_0_V_o                    | out |    6|   ap_ovld  |       curnPH3Z2_0_V      |    pointer   |
|curnPH3Z2_0_V_o_ap_vld             | out |    1|   ap_ovld  |       curnPH3Z2_0_V      |    pointer   |
|curnPH3Z2_1_V_i                    |  in |    6|   ap_ovld  |       curnPH3Z2_1_V      |    pointer   |
|curnPH3Z2_1_V_o                    | out |    6|   ap_ovld  |       curnPH3Z2_1_V      |    pointer   |
|curnPH3Z2_1_V_o_ap_vld             | out |    1|   ap_ovld  |       curnPH3Z2_1_V      |    pointer   |
|curnPH3Z2_2_V_i                    |  in |    6|   ap_ovld  |       curnPH3Z2_2_V      |    pointer   |
|curnPH3Z2_2_V_o                    | out |    6|   ap_ovld  |       curnPH3Z2_2_V      |    pointer   |
|curnPH3Z2_2_V_o_ap_vld             | out |    1|   ap_ovld  |       curnPH3Z2_2_V      |    pointer   |
|curnPH3Z2_3_V_i                    |  in |    6|   ap_ovld  |       curnPH3Z2_3_V      |    pointer   |
|curnPH3Z2_3_V_o                    | out |    6|   ap_ovld  |       curnPH3Z2_3_V      |    pointer   |
|curnPH3Z2_3_V_o_ap_vld             | out |    1|   ap_ovld  |       curnPH3Z2_3_V      |    pointer   |
|curnPH3Z2_4_V_i                    |  in |    6|   ap_ovld  |       curnPH3Z2_4_V      |    pointer   |
|curnPH3Z2_4_V_o                    | out |    6|   ap_ovld  |       curnPH3Z2_4_V      |    pointer   |
|curnPH3Z2_4_V_o_ap_vld             | out |    1|   ap_ovld  |       curnPH3Z2_4_V      |    pointer   |
|curnPH4Z2_0_V_i                    |  in |    6|   ap_ovld  |       curnPH4Z2_0_V      |    pointer   |
|curnPH4Z2_0_V_o                    | out |    6|   ap_ovld  |       curnPH4Z2_0_V      |    pointer   |
|curnPH4Z2_0_V_o_ap_vld             | out |    1|   ap_ovld  |       curnPH4Z2_0_V      |    pointer   |
|curnPH4Z2_1_V_i                    |  in |    6|   ap_ovld  |       curnPH4Z2_1_V      |    pointer   |
|curnPH4Z2_1_V_o                    | out |    6|   ap_ovld  |       curnPH4Z2_1_V      |    pointer   |
|curnPH4Z2_1_V_o_ap_vld             | out |    1|   ap_ovld  |       curnPH4Z2_1_V      |    pointer   |
|curnPH4Z2_2_V_i                    |  in |    6|   ap_ovld  |       curnPH4Z2_2_V      |    pointer   |
|curnPH4Z2_2_V_o                    | out |    6|   ap_ovld  |       curnPH4Z2_2_V      |    pointer   |
|curnPH4Z2_2_V_o_ap_vld             | out |    1|   ap_ovld  |       curnPH4Z2_2_V      |    pointer   |
|curnPH4Z2_3_V_i                    |  in |    6|   ap_ovld  |       curnPH4Z2_3_V      |    pointer   |
|curnPH4Z2_3_V_o                    | out |    6|   ap_ovld  |       curnPH4Z2_3_V      |    pointer   |
|curnPH4Z2_3_V_o_ap_vld             | out |    1|   ap_ovld  |       curnPH4Z2_3_V      |    pointer   |
|curnPH4Z2_4_V_i                    |  in |    6|   ap_ovld  |       curnPH4Z2_4_V      |    pointer   |
|curnPH4Z2_4_V_o                    | out |    6|   ap_ovld  |       curnPH4Z2_4_V      |    pointer   |
|curnPH4Z2_4_V_o_ap_vld             | out |    1|   ap_ovld  |       curnPH4Z2_4_V      |    pointer   |
+-----------------------------------+-----+-----+------------+--------------------------+--------------+

