

================================================================
== Vivado HLS Report for 'VMRouterDispatcher'
================================================================
* Date:           Mon Sep 18 17:38:58 2017

* Version:        2017.2 (Build 1909853 on Thu Jun 15 18:55:24 MDT 2017)
* Project:        vmrouter_2
* Solution:       solution2-nodependencies
* Product family: virtex7
* Target device:  xc7vx690tffg1927-2


================================================================
== Performance Estimates
================================================================
+ Timing (ns): 
    * Summary: 
    +--------+-------+----------+------------+
    |  Clock | Target| Estimated| Uncertainty|
    +--------+-------+----------+------------+
    |ap_clk  |   4.00|      3.42|        0.50|
    +--------+-------+----------+------------+

+ Latency (clock cycles): 
    * Summary: 
    +-----+-----+-----+-----+---------+
    |  Latency  |  Interval | Pipeline|
    | min | max | min | max |   Type  |
    +-----+-----+-----+-----+---------+
    |    7|   70|    8|   71|   none  |
    +-----+-----+-----+-----+---------+

    + Detail: 
        * Instance: 
        +--------------------------+--------------+-----+-----+-----+-----+---------+
        |                          |              |  Latency  |  Interval | Pipeline|
        |         Instance         |    Module    | min | max | min | max |   Type  |
        +--------------------------+--------------+-----+-----+-----+-----+---------+
        |grp_VMRouter_3_s_fu_1368  |VMRouter_3_s  |    6|   69|    6|   69|   none  |
        |grp_VMRouter_3_s_fu_1590  |VMRouter_3_s  |    6|   69|    6|   69|   none  |
        |grp_VMRouter_3_s_fu_1812  |VMRouter_3_s  |    6|   69|    6|   69|   none  |
        |grp_VMRouter_2_s_fu_2034  |VMRouter_2_s  |    5|   68|    5|   68|   none  |
        |grp_VMRouter_2_s_fu_2256  |VMRouter_2_s  |    5|   68|    5|   68|   none  |
        |grp_VMRouter_2_s_fu_2478  |VMRouter_2_s  |    5|   68|    5|   68|   none  |
        |grp_VMRouter_1_s_fu_2700  |VMRouter_1_s  |    6|   69|    6|   69|   none  |
        |grp_VMRouter_1_s_fu_2850  |VMRouter_1_s  |    6|   69|    6|   69|   none  |
        |grp_VMRouter_1_s_fu_3000  |VMRouter_1_s  |    6|   69|    6|   69|   none  |
        +--------------------------+--------------+-----+-----+-----+-----+---------+

        * Loop: 
        N/A



================================================================
== Utilization Estimates
================================================================
* Summary: 
+-----------------+---------+-------+--------+--------+
|       Name      | BRAM_18K| DSP48E|   FF   |   LUT  |
+-----------------+---------+-------+--------+--------+
|DSP              |        -|      -|       -|       -|
|Expression       |        -|      -|       0|       2|
|FIFO             |        -|      -|       -|       -|
|Instance         |        -|      -|   14526|    6378|
|Memory           |        -|      -|       -|       -|
|Multiplexer      |        -|      -|       -|   14791|
|Register         |        -|      -|      11|       -|
+-----------------+---------+-------+--------+--------+
|Total            |        0|      0|   14537|   21171|
+-----------------+---------+-------+--------+--------+
|Available        |     2940|   3600|  866400|  433200|
+-----------------+---------+-------+--------+--------+
|Utilization (%)  |        0|      0|       1|       4|
+-----------------+---------+-------+--------+--------+

+ Detail: 
    * Instance: 
    +--------------------------+--------------+---------+-------+------+-----+
    |         Instance         |    Module    | BRAM_18K| DSP48E|  FF  | LUT |
    +--------------------------+--------------+---------+-------+------+-----+
    |grp_VMRouter_1_s_fu_2700  |VMRouter_1_s  |        0|      0|  1580|  703|
    |grp_VMRouter_1_s_fu_2850  |VMRouter_1_s  |        0|      0|  1580|  703|
    |grp_VMRouter_1_s_fu_3000  |VMRouter_1_s  |        0|      0|  1580|  703|
    |grp_VMRouter_2_s_fu_2034  |VMRouter_2_s  |        0|      0|  1580|  700|
    |grp_VMRouter_2_s_fu_2256  |VMRouter_2_s  |        0|      0|  1580|  700|
    |grp_VMRouter_2_s_fu_2478  |VMRouter_2_s  |        0|      0|  1580|  700|
    |grp_VMRouter_3_s_fu_1368  |VMRouter_3_s  |        0|      0|  1682|  723|
    |grp_VMRouter_3_s_fu_1590  |VMRouter_3_s  |        0|      0|  1682|  723|
    |grp_VMRouter_3_s_fu_1812  |VMRouter_3_s  |        0|      0|  1682|  723|
    +--------------------------+--------------+---------+-------+------+-----+
    |Total                     |              |        0|      0| 14526| 6378|
    +--------------------------+--------------+---------+-------+------+-----+

    * DSP48: 
    N/A

    * Memory: 
    N/A

    * FIFO: 
    N/A

    * Expression: 
    +---------------------------------+----------+-------+---+----+------------+------------+
    |          Variable Name          | Operation| DSP48E| FF| LUT| Bitwidth P0| Bitwidth P1|
    +---------------------------------+----------+-------+---+----+------------+------------+
    |ap_block_state2_on_subcall_done  |    or    |      0|  0|   2|           1|           1|
    +---------------------------------+----------+-------+---+----+------------+------------+
    |Total                            |          |      0|  0|   2|           1|           1|
    +---------------------------------+----------+-------+---+----+------------+------------+

    * Multiplexer: 
    +-----------------------------------+-----+-----------+-----+-----------+
    |                Name               | LUT | Input Size| Bits| Total Bits|
    +-----------------------------------+-----+-----------+-----+-----------+
    |ap_NS_fsm                          |   13|          3|    1|          3|
    |curAllStubs_0_data_V_address0      |   47|         10|    6|         60|
    |curAllStubs_0_data_V_ce0           |   47|         10|    1|         10|
    |curAllStubs_0_data_V_d0            |   47|         10|   36|        360|
    |curAllStubs_0_data_V_we0           |   47|         10|    1|         10|
    |curAllStubs_1_data_V_address0      |   47|         10|    6|         60|
    |curAllStubs_1_data_V_ce0           |   47|         10|    1|         10|
    |curAllStubs_1_data_V_d0            |   47|         10|   36|        360|
    |curAllStubs_1_data_V_we0           |   47|         10|    1|         10|
    |curAllStubs_2_data_V_address0      |   47|         10|    6|         60|
    |curAllStubs_2_data_V_ce0           |   47|         10|    1|         10|
    |curAllStubs_2_data_V_d0            |   47|         10|   36|        360|
    |curAllStubs_2_data_V_we0           |   47|         10|    1|         10|
    |curAllStubs_3_data_V_address0      |   47|         10|    6|         60|
    |curAllStubs_3_data_V_ce0           |   47|         10|    1|         10|
    |curAllStubs_3_data_V_d0            |   47|         10|   36|        360|
    |curAllStubs_3_data_V_we0           |   47|         10|    1|         10|
    |curAllStubs_4_data_V_address0      |   38|          7|    6|         42|
    |curAllStubs_4_data_V_ce0           |   38|          7|    1|          7|
    |curAllStubs_4_data_V_d0            |   38|          7|   36|        252|
    |curAllStubs_4_data_V_we0           |   38|          7|    1|          7|
    |curAllStubs_5_data_V_address0      |   38|          7|    6|         42|
    |curAllStubs_5_data_V_ce0           |   38|          7|    1|          7|
    |curAllStubs_5_data_V_d0            |   38|          7|   36|        252|
    |curAllStubs_5_data_V_we0           |   38|          7|    1|          7|
    |curAllStubs_6_data_V_address0      |   38|          7|    6|         42|
    |curAllStubs_6_data_V_ce0           |   38|          7|    1|          7|
    |curAllStubs_6_data_V_d0            |   38|          7|   36|        252|
    |curAllStubs_6_data_V_we0           |   38|          7|    1|          7|
    |curAllStubs_7_data_V_address0      |   38|          7|    6|         42|
    |curAllStubs_7_data_V_ce0           |   38|          7|    1|          7|
    |curAllStubs_7_data_V_d0            |   38|          7|   36|        252|
    |curAllStubs_7_data_V_we0           |   38|          7|    1|          7|
    |curAllStubs_8_data_V_address0      |   47|         10|    6|         60|
    |curAllStubs_8_data_V_ce0           |   47|         10|    1|         10|
    |curAllStubs_8_data_V_d0            |   47|         10|   36|        360|
    |curAllStubs_8_data_V_we0           |   47|         10|    1|         10|
    |curStubsInLayer_0_data_V_address0  |   47|         10|    6|         60|
    |curStubsInLayer_0_data_V_ce0       |   47|         10|    1|         10|
    |curStubsInLayer_1_data_V_address0  |   47|         10|    6|         60|
    |curStubsInLayer_1_data_V_ce0       |   47|         10|    1|         10|
    |curStubsInLayer_2_data_V_address0  |   47|         10|    6|         60|
    |curStubsInLayer_2_data_V_ce0       |   47|         10|    1|         10|
    |curStubsInLayer_3_data_V_address0  |   47|         10|    6|         60|
    |curStubsInLayer_3_data_V_ce0       |   47|         10|    1|         10|
    |curStubsInLayer_4_data_V_address0  |   47|         10|    6|         60|
    |curStubsInLayer_4_data_V_ce0       |   47|         10|    1|         10|
    |curStubsInLayer_5_data_V_address0  |   47|         10|    6|         60|
    |curStubsInLayer_5_data_V_ce0       |   47|         10|    1|         10|
    |curStubsInLayer_6_data_V_address0  |   47|         10|    6|         60|
    |curStubsInLayer_6_data_V_ce0       |   47|         10|    1|         10|
    |curStubsInLayer_7_data_V_address0  |   47|         10|    6|         60|
    |curStubsInLayer_7_data_V_ce0       |   47|         10|    1|         10|
    |curStubsInLayer_8_data_V_address0  |   47|         10|    6|         60|
    |curStubsInLayer_8_data_V_ce0       |   47|         10|    1|         10|
    |curvmStubsPH1Z1_0_data_V_address0  |   47|         10|    6|         60|
    |curvmStubsPH1Z1_0_data_V_ce0       |   47|         10|    1|         10|
    |curvmStubsPH1Z1_0_data_V_d0        |   47|         10|   18|        180|
    |curvmStubsPH1Z1_0_data_V_we0       |   47|         10|    1|         10|
    |curvmStubsPH1Z1_1_data_V_address0  |   47|         10|    6|         60|
    |curvmStubsPH1Z1_1_data_V_ce0       |   47|         10|    1|         10|
    |curvmStubsPH1Z1_1_data_V_d0        |   47|         10|   18|        180|
    |curvmStubsPH1Z1_1_data_V_we0       |   47|         10|    1|         10|
    |curvmStubsPH1Z1_2_data_V_address0  |   47|         10|    6|         60|
    |curvmStubsPH1Z1_2_data_V_ce0       |   47|         10|    1|         10|
    |curvmStubsPH1Z1_2_data_V_d0        |   47|         10|   18|        180|
    |curvmStubsPH1Z1_2_data_V_we0       |   47|         10|    1|         10|
    |curvmStubsPH1Z1_3_data_V_address0  |   47|         10|    6|         60|
    |curvmStubsPH1Z1_3_data_V_ce0       |   47|         10|    1|         10|
    |curvmStubsPH1Z1_3_data_V_d0        |   47|         10|   18|        180|
    |curvmStubsPH1Z1_3_data_V_we0       |   47|         10|    1|         10|
    |curvmStubsPH1Z1_4_data_V_address0  |   38|          7|    6|         42|
    |curvmStubsPH1Z1_4_data_V_ce0       |   38|          7|    1|          7|
    |curvmStubsPH1Z1_4_data_V_d0        |   38|          7|   18|        126|
    |curvmStubsPH1Z1_4_data_V_we0       |   38|          7|    1|          7|
    |curvmStubsPH1Z1_5_data_V_address0  |   38|          7|    6|         42|
    |curvmStubsPH1Z1_5_data_V_ce0       |   38|          7|    1|          7|
    |curvmStubsPH1Z1_5_data_V_d0        |   38|          7|   18|        126|
    |curvmStubsPH1Z1_5_data_V_we0       |   38|          7|    1|          7|
    |curvmStubsPH1Z1_6_data_V_address0  |   38|          7|    6|         42|
    |curvmStubsPH1Z1_6_data_V_ce0       |   38|          7|    1|          7|
    |curvmStubsPH1Z1_6_data_V_d0        |   38|          7|   18|        126|
    |curvmStubsPH1Z1_6_data_V_we0       |   38|          7|    1|          7|
    |curvmStubsPH1Z1_7_data_V_address0  |   38|          7|    6|         42|
    |curvmStubsPH1Z1_7_data_V_ce0       |   38|          7|    1|          7|
    |curvmStubsPH1Z1_7_data_V_d0        |   38|          7|   18|        126|
    |curvmStubsPH1Z1_7_data_V_we0       |   38|          7|    1|          7|
    |curvmStubsPH1Z1_8_data_V_address0  |   47|         10|    6|         60|
    |curvmStubsPH1Z1_8_data_V_ce0       |   47|         10|    1|         10|
    |curvmStubsPH1Z1_8_data_V_d0        |   47|         10|   18|        180|
    |curvmStubsPH1Z1_8_data_V_we0       |   47|         10|    1|         10|
    |curvmStubsPH1Z2_0_data_V_address0  |   47|         10|    6|         60|
    |curvmStubsPH1Z2_0_data_V_ce0       |   47|         10|    1|         10|
    |curvmStubsPH1Z2_0_data_V_d0        |   47|         10|   18|        180|
    |curvmStubsPH1Z2_0_data_V_we0       |   47|         10|    1|         10|
    |curvmStubsPH1Z2_1_data_V_address0  |   47|         10|    6|         60|
    |curvmStubsPH1Z2_1_data_V_ce0       |   47|         10|    1|         10|
    |curvmStubsPH1Z2_1_data_V_d0        |   47|         10|   18|        180|
    |curvmStubsPH1Z2_1_data_V_we0       |   47|         10|    1|         10|
    |curvmStubsPH1Z2_2_data_V_address0  |   47|         10|    6|         60|
    |curvmStubsPH1Z2_2_data_V_ce0       |   47|         10|    1|         10|
    |curvmStubsPH1Z2_2_data_V_d0        |   47|         10|   18|        180|
    |curvmStubsPH1Z2_2_data_V_we0       |   47|         10|    1|         10|
    |curvmStubsPH1Z2_3_data_V_address0  |   47|         10|    6|         60|
    |curvmStubsPH1Z2_3_data_V_ce0       |   47|         10|    1|         10|
    |curvmStubsPH1Z2_3_data_V_d0        |   47|         10|   18|        180|
    |curvmStubsPH1Z2_3_data_V_we0       |   47|         10|    1|         10|
    |curvmStubsPH1Z2_4_data_V_address0  |   38|          7|    6|         42|
    |curvmStubsPH1Z2_4_data_V_ce0       |   38|          7|    1|          7|
    |curvmStubsPH1Z2_4_data_V_d0        |   38|          7|   18|        126|
    |curvmStubsPH1Z2_4_data_V_we0       |   38|          7|    1|          7|
    |curvmStubsPH1Z2_5_data_V_address0  |   38|          7|    6|         42|
    |curvmStubsPH1Z2_5_data_V_ce0       |   38|          7|    1|          7|
    |curvmStubsPH1Z2_5_data_V_d0        |   38|          7|   18|        126|
    |curvmStubsPH1Z2_5_data_V_we0       |   38|          7|    1|          7|
    |curvmStubsPH1Z2_6_data_V_address0  |   38|          7|    6|         42|
    |curvmStubsPH1Z2_6_data_V_ce0       |   38|          7|    1|          7|
    |curvmStubsPH1Z2_6_data_V_d0        |   38|          7|   18|        126|
    |curvmStubsPH1Z2_6_data_V_we0       |   38|          7|    1|          7|
    |curvmStubsPH1Z2_7_data_V_address0  |   38|          7|    6|         42|
    |curvmStubsPH1Z2_7_data_V_ce0       |   38|          7|    1|          7|
    |curvmStubsPH1Z2_7_data_V_d0        |   38|          7|   18|        126|
    |curvmStubsPH1Z2_7_data_V_we0       |   38|          7|    1|          7|
    |curvmStubsPH1Z2_8_data_V_address0  |   47|         10|    6|         60|
    |curvmStubsPH1Z2_8_data_V_ce0       |   47|         10|    1|         10|
    |curvmStubsPH1Z2_8_data_V_d0        |   47|         10|   18|        180|
    |curvmStubsPH1Z2_8_data_V_we0       |   47|         10|    1|         10|
    |curvmStubsPH2Z1_0_data_V_address0  |   47|         10|    6|         60|
    |curvmStubsPH2Z1_0_data_V_ce0       |   47|         10|    1|         10|
    |curvmStubsPH2Z1_0_data_V_d0        |   47|         10|   18|        180|
    |curvmStubsPH2Z1_0_data_V_we0       |   47|         10|    1|         10|
    |curvmStubsPH2Z1_1_data_V_address0  |   47|         10|    6|         60|
    |curvmStubsPH2Z1_1_data_V_ce0       |   47|         10|    1|         10|
    |curvmStubsPH2Z1_1_data_V_d0        |   47|         10|   18|        180|
    |curvmStubsPH2Z1_1_data_V_we0       |   47|         10|    1|         10|
    |curvmStubsPH2Z1_2_data_V_address0  |   47|         10|    6|         60|
    |curvmStubsPH2Z1_2_data_V_ce0       |   47|         10|    1|         10|
    |curvmStubsPH2Z1_2_data_V_d0        |   47|         10|   18|        180|
    |curvmStubsPH2Z1_2_data_V_we0       |   47|         10|    1|         10|
    |curvmStubsPH2Z1_3_data_V_address0  |   47|         10|    6|         60|
    |curvmStubsPH2Z1_3_data_V_ce0       |   47|         10|    1|         10|
    |curvmStubsPH2Z1_3_data_V_d0        |   47|         10|   18|        180|
    |curvmStubsPH2Z1_3_data_V_we0       |   47|         10|    1|         10|
    |curvmStubsPH2Z1_4_data_V_address0  |   38|          7|    6|         42|
    |curvmStubsPH2Z1_4_data_V_ce0       |   38|          7|    1|          7|
    |curvmStubsPH2Z1_4_data_V_d0        |   38|          7|   18|        126|
    |curvmStubsPH2Z1_4_data_V_we0       |   38|          7|    1|          7|
    |curvmStubsPH2Z1_5_data_V_address0  |   38|          7|    6|         42|
    |curvmStubsPH2Z1_5_data_V_ce0       |   38|          7|    1|          7|
    |curvmStubsPH2Z1_5_data_V_d0        |   38|          7|   18|        126|
    |curvmStubsPH2Z1_5_data_V_we0       |   38|          7|    1|          7|
    |curvmStubsPH2Z1_6_data_V_address0  |   38|          7|    6|         42|
    |curvmStubsPH2Z1_6_data_V_ce0       |   38|          7|    1|          7|
    |curvmStubsPH2Z1_6_data_V_d0        |   38|          7|   18|        126|
    |curvmStubsPH2Z1_6_data_V_we0       |   38|          7|    1|          7|
    |curvmStubsPH2Z1_7_data_V_address0  |   38|          7|    6|         42|
    |curvmStubsPH2Z1_7_data_V_ce0       |   38|          7|    1|          7|
    |curvmStubsPH2Z1_7_data_V_d0        |   38|          7|   18|        126|
    |curvmStubsPH2Z1_7_data_V_we0       |   38|          7|    1|          7|
    |curvmStubsPH2Z1_8_data_V_address0  |   47|         10|    6|         60|
    |curvmStubsPH2Z1_8_data_V_ce0       |   47|         10|    1|         10|
    |curvmStubsPH2Z1_8_data_V_d0        |   47|         10|   18|        180|
    |curvmStubsPH2Z1_8_data_V_we0       |   47|         10|    1|         10|
    |curvmStubsPH2Z2_0_data_V_address0  |   47|         10|    6|         60|
    |curvmStubsPH2Z2_0_data_V_ce0       |   47|         10|    1|         10|
    |curvmStubsPH2Z2_0_data_V_d0        |   47|         10|   18|        180|
    |curvmStubsPH2Z2_0_data_V_we0       |   47|         10|    1|         10|
    |curvmStubsPH2Z2_1_data_V_address0  |   47|         10|    6|         60|
    |curvmStubsPH2Z2_1_data_V_ce0       |   47|         10|    1|         10|
    |curvmStubsPH2Z2_1_data_V_d0        |   47|         10|   18|        180|
    |curvmStubsPH2Z2_1_data_V_we0       |   47|         10|    1|         10|
    |curvmStubsPH2Z2_2_data_V_address0  |   47|         10|    6|         60|
    |curvmStubsPH2Z2_2_data_V_ce0       |   47|         10|    1|         10|
    |curvmStubsPH2Z2_2_data_V_d0        |   47|         10|   18|        180|
    |curvmStubsPH2Z2_2_data_V_we0       |   47|         10|    1|         10|
    |curvmStubsPH2Z2_3_data_V_address0  |   47|         10|    6|         60|
    |curvmStubsPH2Z2_3_data_V_ce0       |   47|         10|    1|         10|
    |curvmStubsPH2Z2_3_data_V_d0        |   47|         10|   18|        180|
    |curvmStubsPH2Z2_3_data_V_we0       |   47|         10|    1|         10|
    |curvmStubsPH2Z2_4_data_V_address0  |   38|          7|    6|         42|
    |curvmStubsPH2Z2_4_data_V_ce0       |   38|          7|    1|          7|
    |curvmStubsPH2Z2_4_data_V_d0        |   38|          7|   18|        126|
    |curvmStubsPH2Z2_4_data_V_we0       |   38|          7|    1|          7|
    |curvmStubsPH2Z2_5_data_V_address0  |   38|          7|    6|         42|
    |curvmStubsPH2Z2_5_data_V_ce0       |   38|          7|    1|          7|
    |curvmStubsPH2Z2_5_data_V_d0        |   38|          7|   18|        126|
    |curvmStubsPH2Z2_5_data_V_we0       |   38|          7|    1|          7|
    |curvmStubsPH2Z2_6_data_V_address0  |   38|          7|    6|         42|
    |curvmStubsPH2Z2_6_data_V_ce0       |   38|          7|    1|          7|
    |curvmStubsPH2Z2_6_data_V_d0        |   38|          7|   18|        126|
    |curvmStubsPH2Z2_6_data_V_we0       |   38|          7|    1|          7|
    |curvmStubsPH2Z2_7_data_V_address0  |   38|          7|    6|         42|
    |curvmStubsPH2Z2_7_data_V_ce0       |   38|          7|    1|          7|
    |curvmStubsPH2Z2_7_data_V_d0        |   38|          7|   18|        126|
    |curvmStubsPH2Z2_7_data_V_we0       |   38|          7|    1|          7|
    |curvmStubsPH2Z2_8_data_V_address0  |   47|         10|    6|         60|
    |curvmStubsPH2Z2_8_data_V_ce0       |   47|         10|    1|         10|
    |curvmStubsPH2Z2_8_data_V_d0        |   47|         10|   18|        180|
    |curvmStubsPH2Z2_8_data_V_we0       |   47|         10|    1|         10|
    |curvmStubsPH3Z1_0_data_V_address0  |   47|         10|    6|         60|
    |curvmStubsPH3Z1_0_data_V_ce0       |   47|         10|    1|         10|
    |curvmStubsPH3Z1_0_data_V_d0        |   47|         10|   18|        180|
    |curvmStubsPH3Z1_0_data_V_we0       |   47|         10|    1|         10|
    |curvmStubsPH3Z1_1_data_V_address0  |   47|         10|    6|         60|
    |curvmStubsPH3Z1_1_data_V_ce0       |   47|         10|    1|         10|
    |curvmStubsPH3Z1_1_data_V_d0        |   47|         10|   18|        180|
    |curvmStubsPH3Z1_1_data_V_we0       |   47|         10|    1|         10|
    |curvmStubsPH3Z1_2_data_V_address0  |   47|         10|    6|         60|
    |curvmStubsPH3Z1_2_data_V_ce0       |   47|         10|    1|         10|
    |curvmStubsPH3Z1_2_data_V_d0        |   47|         10|   18|        180|
    |curvmStubsPH3Z1_2_data_V_we0       |   47|         10|    1|         10|
    |curvmStubsPH3Z1_3_data_V_address0  |   47|         10|    6|         60|
    |curvmStubsPH3Z1_3_data_V_ce0       |   47|         10|    1|         10|
    |curvmStubsPH3Z1_3_data_V_d0        |   47|         10|   18|        180|
    |curvmStubsPH3Z1_3_data_V_we0       |   47|         10|    1|         10|
    |curvmStubsPH3Z1_4_data_V_address0  |   38|          7|    6|         42|
    |curvmStubsPH3Z1_4_data_V_ce0       |   38|          7|    1|          7|
    |curvmStubsPH3Z1_4_data_V_d0        |   38|          7|   18|        126|
    |curvmStubsPH3Z1_4_data_V_we0       |   38|          7|    1|          7|
    |curvmStubsPH3Z1_5_data_V_address0  |   38|          7|    6|         42|
    |curvmStubsPH3Z1_5_data_V_ce0       |   38|          7|    1|          7|
    |curvmStubsPH3Z1_5_data_V_d0        |   38|          7|   18|        126|
    |curvmStubsPH3Z1_5_data_V_we0       |   38|          7|    1|          7|
    |curvmStubsPH3Z1_6_data_V_address0  |   38|          7|    6|         42|
    |curvmStubsPH3Z1_6_data_V_ce0       |   38|          7|    1|          7|
    |curvmStubsPH3Z1_6_data_V_d0        |   38|          7|   18|        126|
    |curvmStubsPH3Z1_6_data_V_we0       |   38|          7|    1|          7|
    |curvmStubsPH3Z1_7_data_V_address0  |   38|          7|    6|         42|
    |curvmStubsPH3Z1_7_data_V_ce0       |   38|          7|    1|          7|
    |curvmStubsPH3Z1_7_data_V_d0        |   38|          7|   18|        126|
    |curvmStubsPH3Z1_7_data_V_we0       |   38|          7|    1|          7|
    |curvmStubsPH3Z1_8_data_V_address0  |   47|         10|    6|         60|
    |curvmStubsPH3Z1_8_data_V_ce0       |   47|         10|    1|         10|
    |curvmStubsPH3Z1_8_data_V_d0        |   47|         10|   18|        180|
    |curvmStubsPH3Z1_8_data_V_we0       |   47|         10|    1|         10|
    |curvmStubsPH3Z2_0_data_V_address0  |   47|         10|    6|         60|
    |curvmStubsPH3Z2_0_data_V_ce0       |   47|         10|    1|         10|
    |curvmStubsPH3Z2_0_data_V_d0        |   47|         10|   18|        180|
    |curvmStubsPH3Z2_0_data_V_we0       |   47|         10|    1|         10|
    |curvmStubsPH3Z2_1_data_V_address0  |   47|         10|    6|         60|
    |curvmStubsPH3Z2_1_data_V_ce0       |   47|         10|    1|         10|
    |curvmStubsPH3Z2_1_data_V_d0        |   47|         10|   18|        180|
    |curvmStubsPH3Z2_1_data_V_we0       |   47|         10|    1|         10|
    |curvmStubsPH3Z2_2_data_V_address0  |   47|         10|    6|         60|
    |curvmStubsPH3Z2_2_data_V_ce0       |   47|         10|    1|         10|
    |curvmStubsPH3Z2_2_data_V_d0        |   47|         10|   18|        180|
    |curvmStubsPH3Z2_2_data_V_we0       |   47|         10|    1|         10|
    |curvmStubsPH3Z2_3_data_V_address0  |   47|         10|    6|         60|
    |curvmStubsPH3Z2_3_data_V_ce0       |   47|         10|    1|         10|
    |curvmStubsPH3Z2_3_data_V_d0        |   47|         10|   18|        180|
    |curvmStubsPH3Z2_3_data_V_we0       |   47|         10|    1|         10|
    |curvmStubsPH3Z2_4_data_V_address0  |   38|          7|    6|         42|
    |curvmStubsPH3Z2_4_data_V_ce0       |   38|          7|    1|          7|
    |curvmStubsPH3Z2_4_data_V_d0        |   38|          7|   18|        126|
    |curvmStubsPH3Z2_4_data_V_we0       |   38|          7|    1|          7|
    |curvmStubsPH3Z2_5_data_V_address0  |   38|          7|    6|         42|
    |curvmStubsPH3Z2_5_data_V_ce0       |   38|          7|    1|          7|
    |curvmStubsPH3Z2_5_data_V_d0        |   38|          7|   18|        126|
    |curvmStubsPH3Z2_5_data_V_we0       |   38|          7|    1|          7|
    |curvmStubsPH3Z2_6_data_V_address0  |   38|          7|    6|         42|
    |curvmStubsPH3Z2_6_data_V_ce0       |   38|          7|    1|          7|
    |curvmStubsPH3Z2_6_data_V_d0        |   38|          7|   18|        126|
    |curvmStubsPH3Z2_6_data_V_we0       |   38|          7|    1|          7|
    |curvmStubsPH3Z2_7_data_V_address0  |   38|          7|    6|         42|
    |curvmStubsPH3Z2_7_data_V_ce0       |   38|          7|    1|          7|
    |curvmStubsPH3Z2_7_data_V_d0        |   38|          7|   18|        126|
    |curvmStubsPH3Z2_7_data_V_we0       |   38|          7|    1|          7|
    |curvmStubsPH3Z2_8_data_V_address0  |   47|         10|    6|         60|
    |curvmStubsPH3Z2_8_data_V_ce0       |   47|         10|    1|         10|
    |curvmStubsPH3Z2_8_data_V_d0        |   47|         10|   18|        180|
    |curvmStubsPH3Z2_8_data_V_we0       |   47|         10|    1|         10|
    |curvmStubsPH4Z1_0_data_V_address0  |   47|         10|    6|         60|
    |curvmStubsPH4Z1_0_data_V_ce0       |   47|         10|    1|         10|
    |curvmStubsPH4Z1_0_data_V_d0        |   47|         10|   18|        180|
    |curvmStubsPH4Z1_0_data_V_we0       |   47|         10|    1|         10|
    |curvmStubsPH4Z1_1_data_V_address0  |   47|         10|    6|         60|
    |curvmStubsPH4Z1_1_data_V_ce0       |   47|         10|    1|         10|
    |curvmStubsPH4Z1_1_data_V_d0        |   47|         10|   18|        180|
    |curvmStubsPH4Z1_1_data_V_we0       |   47|         10|    1|         10|
    |curvmStubsPH4Z1_2_data_V_address0  |   47|         10|    6|         60|
    |curvmStubsPH4Z1_2_data_V_ce0       |   47|         10|    1|         10|
    |curvmStubsPH4Z1_2_data_V_d0        |   47|         10|   18|        180|
    |curvmStubsPH4Z1_2_data_V_we0       |   47|         10|    1|         10|
    |curvmStubsPH4Z1_3_data_V_address0  |   47|         10|    6|         60|
    |curvmStubsPH4Z1_3_data_V_ce0       |   47|         10|    1|         10|
    |curvmStubsPH4Z1_3_data_V_d0        |   47|         10|   18|        180|
    |curvmStubsPH4Z1_3_data_V_we0       |   47|         10|    1|         10|
    |curvmStubsPH4Z1_4_data_V_address0  |   38|          7|    6|         42|
    |curvmStubsPH4Z1_4_data_V_ce0       |   38|          7|    1|          7|
    |curvmStubsPH4Z1_4_data_V_d0        |   38|          7|   18|        126|
    |curvmStubsPH4Z1_4_data_V_we0       |   38|          7|    1|          7|
    |curvmStubsPH4Z1_5_data_V_address0  |   38|          7|    6|         42|
    |curvmStubsPH4Z1_5_data_V_ce0       |   38|          7|    1|          7|
    |curvmStubsPH4Z1_5_data_V_d0        |   38|          7|   18|        126|
    |curvmStubsPH4Z1_5_data_V_we0       |   38|          7|    1|          7|
    |curvmStubsPH4Z1_6_data_V_address0  |   38|          7|    6|         42|
    |curvmStubsPH4Z1_6_data_V_ce0       |   38|          7|    1|          7|
    |curvmStubsPH4Z1_6_data_V_d0        |   38|          7|   18|        126|
    |curvmStubsPH4Z1_6_data_V_we0       |   38|          7|    1|          7|
    |curvmStubsPH4Z1_7_data_V_address0  |   38|          7|    6|         42|
    |curvmStubsPH4Z1_7_data_V_ce0       |   38|          7|    1|          7|
    |curvmStubsPH4Z1_7_data_V_d0        |   38|          7|   18|        126|
    |curvmStubsPH4Z1_7_data_V_we0       |   38|          7|    1|          7|
    |curvmStubsPH4Z1_8_data_V_address0  |   47|         10|    6|         60|
    |curvmStubsPH4Z1_8_data_V_ce0       |   47|         10|    1|         10|
    |curvmStubsPH4Z1_8_data_V_d0        |   47|         10|   18|        180|
    |curvmStubsPH4Z1_8_data_V_we0       |   47|         10|    1|         10|
    |curvmStubsPH4Z2_0_data_V_address0  |   47|         10|    6|         60|
    |curvmStubsPH4Z2_0_data_V_ce0       |   47|         10|    1|         10|
    |curvmStubsPH4Z2_0_data_V_d0        |   47|         10|   18|        180|
    |curvmStubsPH4Z2_0_data_V_we0       |   47|         10|    1|         10|
    |curvmStubsPH4Z2_1_data_V_address0  |   47|         10|    6|         60|
    |curvmStubsPH4Z2_1_data_V_ce0       |   47|         10|    1|         10|
    |curvmStubsPH4Z2_1_data_V_d0        |   47|         10|   18|        180|
    |curvmStubsPH4Z2_1_data_V_we0       |   47|         10|    1|         10|
    |curvmStubsPH4Z2_2_data_V_address0  |   47|         10|    6|         60|
    |curvmStubsPH4Z2_2_data_V_ce0       |   47|         10|    1|         10|
    |curvmStubsPH4Z2_2_data_V_d0        |   47|         10|   18|        180|
    |curvmStubsPH4Z2_2_data_V_we0       |   47|         10|    1|         10|
    |curvmStubsPH4Z2_3_data_V_address0  |   47|         10|    6|         60|
    |curvmStubsPH4Z2_3_data_V_ce0       |   47|         10|    1|         10|
    |curvmStubsPH4Z2_3_data_V_d0        |   47|         10|   18|        180|
    |curvmStubsPH4Z2_3_data_V_we0       |   47|         10|    1|         10|
    |curvmStubsPH4Z2_4_data_V_address0  |   38|          7|    6|         42|
    |curvmStubsPH4Z2_4_data_V_ce0       |   38|          7|    1|          7|
    |curvmStubsPH4Z2_4_data_V_d0        |   38|          7|   18|        126|
    |curvmStubsPH4Z2_4_data_V_we0       |   38|          7|    1|          7|
    |curvmStubsPH4Z2_5_data_V_address0  |   38|          7|    6|         42|
    |curvmStubsPH4Z2_5_data_V_ce0       |   38|          7|    1|          7|
    |curvmStubsPH4Z2_5_data_V_d0        |   38|          7|   18|        126|
    |curvmStubsPH4Z2_5_data_V_we0       |   38|          7|    1|          7|
    |curvmStubsPH4Z2_6_data_V_address0  |   38|          7|    6|         42|
    |curvmStubsPH4Z2_6_data_V_ce0       |   38|          7|    1|          7|
    |curvmStubsPH4Z2_6_data_V_d0        |   38|          7|   18|        126|
    |curvmStubsPH4Z2_6_data_V_we0       |   38|          7|    1|          7|
    |curvmStubsPH4Z2_7_data_V_address0  |   38|          7|    6|         42|
    |curvmStubsPH4Z2_7_data_V_ce0       |   38|          7|    1|          7|
    |curvmStubsPH4Z2_7_data_V_d0        |   38|          7|   18|        126|
    |curvmStubsPH4Z2_7_data_V_we0       |   38|          7|    1|          7|
    |curvmStubsPH4Z2_8_data_V_address0  |   47|         10|    6|         60|
    |curvmStubsPH4Z2_8_data_V_ce0       |   47|         10|    1|         10|
    |curvmStubsPH4Z2_8_data_V_d0        |   47|         10|   18|        180|
    |curvmStubsPH4Z2_8_data_V_we0       |   47|         10|    1|         10|
    +-----------------------------------+-----+-----------+-----+-----------+
    |Total                              |14791|       2991| 2332|      20289|
    +-----------------------------------+-----+-----------+-----+-----------+

    * Register: 
    +------------------------------------------+---+----+-----+-----------+
    |                   Name                   | FF| LUT| Bits| Const Bits|
    +------------------------------------------+---+----+-----+-----------+
    |ap_CS_fsm                                 |  2|   0|    2|          0|
    |ap_reg_grp_VMRouter_1_s_fu_2700_ap_start  |  1|   0|    1|          0|
    |ap_reg_grp_VMRouter_1_s_fu_2850_ap_start  |  1|   0|    1|          0|
    |ap_reg_grp_VMRouter_1_s_fu_3000_ap_start  |  1|   0|    1|          0|
    |ap_reg_grp_VMRouter_2_s_fu_2034_ap_start  |  1|   0|    1|          0|
    |ap_reg_grp_VMRouter_2_s_fu_2256_ap_start  |  1|   0|    1|          0|
    |ap_reg_grp_VMRouter_2_s_fu_2478_ap_start  |  1|   0|    1|          0|
    |ap_reg_grp_VMRouter_3_s_fu_1368_ap_start  |  1|   0|    1|          0|
    |ap_reg_grp_VMRouter_3_s_fu_1590_ap_start  |  1|   0|    1|          0|
    |ap_reg_grp_VMRouter_3_s_fu_1812_ap_start  |  1|   0|    1|          0|
    +------------------------------------------+---+----+-----+-----------+
    |Total                                     | 11|   0|   11|          0|
    +------------------------------------------+---+----+-----+-----------+



================================================================
== Interface
================================================================
* Summary: 
+-----------------------------------+-----+-----+------------+--------------------------+--------------+
|             RTL Ports             | Dir | Bits|  Protocol  |       Source Object      |    C Type    |
+-----------------------------------+-----+-----+------------+--------------------------+--------------+
|ap_clk                             |  in |    1| ap_ctrl_hs |    VMRouterDispatcher    | return value |
|ap_rst                             |  in |    1| ap_ctrl_hs |    VMRouterDispatcher    | return value |
|ap_start                           |  in |    1| ap_ctrl_hs |    VMRouterDispatcher    | return value |
|ap_done                            | out |    1| ap_ctrl_hs |    VMRouterDispatcher    | return value |
|ap_idle                            | out |    1| ap_ctrl_hs |    VMRouterDispatcher    | return value |
|ap_ready                           | out |    1| ap_ctrl_hs |    VMRouterDispatcher    | return value |
|curStubsInLayer_0_data_V_address0  | out |    6|  ap_memory | curStubsInLayer_0_data_V |     array    |
|curStubsInLayer_0_data_V_ce0       | out |    1|  ap_memory | curStubsInLayer_0_data_V |     array    |
|curStubsInLayer_0_data_V_q0        |  in |   36|  ap_memory | curStubsInLayer_0_data_V |     array    |
|curStubsInLayer_1_data_V_address0  | out |    6|  ap_memory | curStubsInLayer_1_data_V |     array    |
|curStubsInLayer_1_data_V_ce0       | out |    1|  ap_memory | curStubsInLayer_1_data_V |     array    |
|curStubsInLayer_1_data_V_q0        |  in |   36|  ap_memory | curStubsInLayer_1_data_V |     array    |
|curStubsInLayer_2_data_V_address0  | out |    6|  ap_memory | curStubsInLayer_2_data_V |     array    |
|curStubsInLayer_2_data_V_ce0       | out |    1|  ap_memory | curStubsInLayer_2_data_V |     array    |
|curStubsInLayer_2_data_V_q0        |  in |   36|  ap_memory | curStubsInLayer_2_data_V |     array    |
|curStubsInLayer_3_data_V_address0  | out |    6|  ap_memory | curStubsInLayer_3_data_V |     array    |
|curStubsInLayer_3_data_V_ce0       | out |    1|  ap_memory | curStubsInLayer_3_data_V |     array    |
|curStubsInLayer_3_data_V_q0        |  in |   36|  ap_memory | curStubsInLayer_3_data_V |     array    |
|curStubsInLayer_4_data_V_address0  | out |    6|  ap_memory | curStubsInLayer_4_data_V |     array    |
|curStubsInLayer_4_data_V_ce0       | out |    1|  ap_memory | curStubsInLayer_4_data_V |     array    |
|curStubsInLayer_4_data_V_q0        |  in |   36|  ap_memory | curStubsInLayer_4_data_V |     array    |
|curStubsInLayer_5_data_V_address0  | out |    6|  ap_memory | curStubsInLayer_5_data_V |     array    |
|curStubsInLayer_5_data_V_ce0       | out |    1|  ap_memory | curStubsInLayer_5_data_V |     array    |
|curStubsInLayer_5_data_V_q0        |  in |   36|  ap_memory | curStubsInLayer_5_data_V |     array    |
|curStubsInLayer_6_data_V_address0  | out |    6|  ap_memory | curStubsInLayer_6_data_V |     array    |
|curStubsInLayer_6_data_V_ce0       | out |    1|  ap_memory | curStubsInLayer_6_data_V |     array    |
|curStubsInLayer_6_data_V_q0        |  in |   36|  ap_memory | curStubsInLayer_6_data_V |     array    |
|curStubsInLayer_7_data_V_address0  | out |    6|  ap_memory | curStubsInLayer_7_data_V |     array    |
|curStubsInLayer_7_data_V_ce0       | out |    1|  ap_memory | curStubsInLayer_7_data_V |     array    |
|curStubsInLayer_7_data_V_q0        |  in |   36|  ap_memory | curStubsInLayer_7_data_V |     array    |
|curStubsInLayer_8_data_V_address0  | out |    6|  ap_memory | curStubsInLayer_8_data_V |     array    |
|curStubsInLayer_8_data_V_ce0       | out |    1|  ap_memory | curStubsInLayer_8_data_V |     array    |
|curStubsInLayer_8_data_V_q0        |  in |   36|  ap_memory | curStubsInLayer_8_data_V |     array    |
|curAllStubs_0_data_V_address0      | out |    6|  ap_memory |   curAllStubs_0_data_V   |     array    |
|curAllStubs_0_data_V_ce0           | out |    1|  ap_memory |   curAllStubs_0_data_V   |     array    |
|curAllStubs_0_data_V_we0           | out |    1|  ap_memory |   curAllStubs_0_data_V   |     array    |
|curAllStubs_0_data_V_d0            | out |   36|  ap_memory |   curAllStubs_0_data_V   |     array    |
|curAllStubs_1_data_V_address0      | out |    6|  ap_memory |   curAllStubs_1_data_V   |     array    |
|curAllStubs_1_data_V_ce0           | out |    1|  ap_memory |   curAllStubs_1_data_V   |     array    |
|curAllStubs_1_data_V_we0           | out |    1|  ap_memory |   curAllStubs_1_data_V   |     array    |
|curAllStubs_1_data_V_d0            | out |   36|  ap_memory |   curAllStubs_1_data_V   |     array    |
|curAllStubs_2_data_V_address0      | out |    6|  ap_memory |   curAllStubs_2_data_V   |     array    |
|curAllStubs_2_data_V_ce0           | out |    1|  ap_memory |   curAllStubs_2_data_V   |     array    |
|curAllStubs_2_data_V_we0           | out |    1|  ap_memory |   curAllStubs_2_data_V   |     array    |
|curAllStubs_2_data_V_d0            | out |   36|  ap_memory |   curAllStubs_2_data_V   |     array    |
|curAllStubs_3_data_V_address0      | out |    6|  ap_memory |   curAllStubs_3_data_V   |     array    |
|curAllStubs_3_data_V_ce0           | out |    1|  ap_memory |   curAllStubs_3_data_V   |     array    |
|curAllStubs_3_data_V_we0           | out |    1|  ap_memory |   curAllStubs_3_data_V   |     array    |
|curAllStubs_3_data_V_d0            | out |   36|  ap_memory |   curAllStubs_3_data_V   |     array    |
|curAllStubs_4_data_V_address0      | out |    6|  ap_memory |   curAllStubs_4_data_V   |     array    |
|curAllStubs_4_data_V_ce0           | out |    1|  ap_memory |   curAllStubs_4_data_V   |     array    |
|curAllStubs_4_data_V_we0           | out |    1|  ap_memory |   curAllStubs_4_data_V   |     array    |
|curAllStubs_4_data_V_d0            | out |   36|  ap_memory |   curAllStubs_4_data_V   |     array    |
|curAllStubs_5_data_V_address0      | out |    6|  ap_memory |   curAllStubs_5_data_V   |     array    |
|curAllStubs_5_data_V_ce0           | out |    1|  ap_memory |   curAllStubs_5_data_V   |     array    |
|curAllStubs_5_data_V_we0           | out |    1|  ap_memory |   curAllStubs_5_data_V   |     array    |
|curAllStubs_5_data_V_d0            | out |   36|  ap_memory |   curAllStubs_5_data_V   |     array    |
|curAllStubs_6_data_V_address0      | out |    6|  ap_memory |   curAllStubs_6_data_V   |     array    |
|curAllStubs_6_data_V_ce0           | out |    1|  ap_memory |   curAllStubs_6_data_V   |     array    |
|curAllStubs_6_data_V_we0           | out |    1|  ap_memory |   curAllStubs_6_data_V   |     array    |
|curAllStubs_6_data_V_d0            | out |   36|  ap_memory |   curAllStubs_6_data_V   |     array    |
|curAllStubs_7_data_V_address0      | out |    6|  ap_memory |   curAllStubs_7_data_V   |     array    |
|curAllStubs_7_data_V_ce0           | out |    1|  ap_memory |   curAllStubs_7_data_V   |     array    |
|curAllStubs_7_data_V_we0           | out |    1|  ap_memory |   curAllStubs_7_data_V   |     array    |
|curAllStubs_7_data_V_d0            | out |   36|  ap_memory |   curAllStubs_7_data_V   |     array    |
|curAllStubs_8_data_V_address0      | out |    6|  ap_memory |   curAllStubs_8_data_V   |     array    |
|curAllStubs_8_data_V_ce0           | out |    1|  ap_memory |   curAllStubs_8_data_V   |     array    |
|curAllStubs_8_data_V_we0           | out |    1|  ap_memory |   curAllStubs_8_data_V   |     array    |
|curAllStubs_8_data_V_d0            | out |   36|  ap_memory |   curAllStubs_8_data_V   |     array    |
|curvmStubsPH1Z1_0_data_V_address0  | out |    6|  ap_memory | curvmStubsPH1Z1_0_data_V |     array    |
|curvmStubsPH1Z1_0_data_V_ce0       | out |    1|  ap_memory | curvmStubsPH1Z1_0_data_V |     array    |
|curvmStubsPH1Z1_0_data_V_we0       | out |    1|  ap_memory | curvmStubsPH1Z1_0_data_V |     array    |
|curvmStubsPH1Z1_0_data_V_d0        | out |   18|  ap_memory | curvmStubsPH1Z1_0_data_V |     array    |
|curvmStubsPH1Z1_1_data_V_address0  | out |    6|  ap_memory | curvmStubsPH1Z1_1_data_V |     array    |
|curvmStubsPH1Z1_1_data_V_ce0       | out |    1|  ap_memory | curvmStubsPH1Z1_1_data_V |     array    |
|curvmStubsPH1Z1_1_data_V_we0       | out |    1|  ap_memory | curvmStubsPH1Z1_1_data_V |     array    |
|curvmStubsPH1Z1_1_data_V_d0        | out |   18|  ap_memory | curvmStubsPH1Z1_1_data_V |     array    |
|curvmStubsPH1Z1_2_data_V_address0  | out |    6|  ap_memory | curvmStubsPH1Z1_2_data_V |     array    |
|curvmStubsPH1Z1_2_data_V_ce0       | out |    1|  ap_memory | curvmStubsPH1Z1_2_data_V |     array    |
|curvmStubsPH1Z1_2_data_V_we0       | out |    1|  ap_memory | curvmStubsPH1Z1_2_data_V |     array    |
|curvmStubsPH1Z1_2_data_V_d0        | out |   18|  ap_memory | curvmStubsPH1Z1_2_data_V |     array    |
|curvmStubsPH1Z1_3_data_V_address0  | out |    6|  ap_memory | curvmStubsPH1Z1_3_data_V |     array    |
|curvmStubsPH1Z1_3_data_V_ce0       | out |    1|  ap_memory | curvmStubsPH1Z1_3_data_V |     array    |
|curvmStubsPH1Z1_3_data_V_we0       | out |    1|  ap_memory | curvmStubsPH1Z1_3_data_V |     array    |
|curvmStubsPH1Z1_3_data_V_d0        | out |   18|  ap_memory | curvmStubsPH1Z1_3_data_V |     array    |
|curvmStubsPH1Z1_4_data_V_address0  | out |    6|  ap_memory | curvmStubsPH1Z1_4_data_V |     array    |
|curvmStubsPH1Z1_4_data_V_ce0       | out |    1|  ap_memory | curvmStubsPH1Z1_4_data_V |     array    |
|curvmStubsPH1Z1_4_data_V_we0       | out |    1|  ap_memory | curvmStubsPH1Z1_4_data_V |     array    |
|curvmStubsPH1Z1_4_data_V_d0        | out |   18|  ap_memory | curvmStubsPH1Z1_4_data_V |     array    |
|curvmStubsPH1Z1_5_data_V_address0  | out |    6|  ap_memory | curvmStubsPH1Z1_5_data_V |     array    |
|curvmStubsPH1Z1_5_data_V_ce0       | out |    1|  ap_memory | curvmStubsPH1Z1_5_data_V |     array    |
|curvmStubsPH1Z1_5_data_V_we0       | out |    1|  ap_memory | curvmStubsPH1Z1_5_data_V |     array    |
|curvmStubsPH1Z1_5_data_V_d0        | out |   18|  ap_memory | curvmStubsPH1Z1_5_data_V |     array    |
|curvmStubsPH1Z1_6_data_V_address0  | out |    6|  ap_memory | curvmStubsPH1Z1_6_data_V |     array    |
|curvmStubsPH1Z1_6_data_V_ce0       | out |    1|  ap_memory | curvmStubsPH1Z1_6_data_V |     array    |
|curvmStubsPH1Z1_6_data_V_we0       | out |    1|  ap_memory | curvmStubsPH1Z1_6_data_V |     array    |
|curvmStubsPH1Z1_6_data_V_d0        | out |   18|  ap_memory | curvmStubsPH1Z1_6_data_V |     array    |
|curvmStubsPH1Z1_7_data_V_address0  | out |    6|  ap_memory | curvmStubsPH1Z1_7_data_V |     array    |
|curvmStubsPH1Z1_7_data_V_ce0       | out |    1|  ap_memory | curvmStubsPH1Z1_7_data_V |     array    |
|curvmStubsPH1Z1_7_data_V_we0       | out |    1|  ap_memory | curvmStubsPH1Z1_7_data_V |     array    |
|curvmStubsPH1Z1_7_data_V_d0        | out |   18|  ap_memory | curvmStubsPH1Z1_7_data_V |     array    |
|curvmStubsPH1Z1_8_data_V_address0  | out |    6|  ap_memory | curvmStubsPH1Z1_8_data_V |     array    |
|curvmStubsPH1Z1_8_data_V_ce0       | out |    1|  ap_memory | curvmStubsPH1Z1_8_data_V |     array    |
|curvmStubsPH1Z1_8_data_V_we0       | out |    1|  ap_memory | curvmStubsPH1Z1_8_data_V |     array    |
|curvmStubsPH1Z1_8_data_V_d0        | out |   18|  ap_memory | curvmStubsPH1Z1_8_data_V |     array    |
|curvmStubsPH2Z1_0_data_V_address0  | out |    6|  ap_memory | curvmStubsPH2Z1_0_data_V |     array    |
|curvmStubsPH2Z1_0_data_V_ce0       | out |    1|  ap_memory | curvmStubsPH2Z1_0_data_V |     array    |
|curvmStubsPH2Z1_0_data_V_we0       | out |    1|  ap_memory | curvmStubsPH2Z1_0_data_V |     array    |
|curvmStubsPH2Z1_0_data_V_d0        | out |   18|  ap_memory | curvmStubsPH2Z1_0_data_V |     array    |
|curvmStubsPH2Z1_1_data_V_address0  | out |    6|  ap_memory | curvmStubsPH2Z1_1_data_V |     array    |
|curvmStubsPH2Z1_1_data_V_ce0       | out |    1|  ap_memory | curvmStubsPH2Z1_1_data_V |     array    |
|curvmStubsPH2Z1_1_data_V_we0       | out |    1|  ap_memory | curvmStubsPH2Z1_1_data_V |     array    |
|curvmStubsPH2Z1_1_data_V_d0        | out |   18|  ap_memory | curvmStubsPH2Z1_1_data_V |     array    |
|curvmStubsPH2Z1_2_data_V_address0  | out |    6|  ap_memory | curvmStubsPH2Z1_2_data_V |     array    |
|curvmStubsPH2Z1_2_data_V_ce0       | out |    1|  ap_memory | curvmStubsPH2Z1_2_data_V |     array    |
|curvmStubsPH2Z1_2_data_V_we0       | out |    1|  ap_memory | curvmStubsPH2Z1_2_data_V |     array    |
|curvmStubsPH2Z1_2_data_V_d0        | out |   18|  ap_memory | curvmStubsPH2Z1_2_data_V |     array    |
|curvmStubsPH2Z1_3_data_V_address0  | out |    6|  ap_memory | curvmStubsPH2Z1_3_data_V |     array    |
|curvmStubsPH2Z1_3_data_V_ce0       | out |    1|  ap_memory | curvmStubsPH2Z1_3_data_V |     array    |
|curvmStubsPH2Z1_3_data_V_we0       | out |    1|  ap_memory | curvmStubsPH2Z1_3_data_V |     array    |
|curvmStubsPH2Z1_3_data_V_d0        | out |   18|  ap_memory | curvmStubsPH2Z1_3_data_V |     array    |
|curvmStubsPH2Z1_4_data_V_address0  | out |    6|  ap_memory | curvmStubsPH2Z1_4_data_V |     array    |
|curvmStubsPH2Z1_4_data_V_ce0       | out |    1|  ap_memory | curvmStubsPH2Z1_4_data_V |     array    |
|curvmStubsPH2Z1_4_data_V_we0       | out |    1|  ap_memory | curvmStubsPH2Z1_4_data_V |     array    |
|curvmStubsPH2Z1_4_data_V_d0        | out |   18|  ap_memory | curvmStubsPH2Z1_4_data_V |     array    |
|curvmStubsPH2Z1_5_data_V_address0  | out |    6|  ap_memory | curvmStubsPH2Z1_5_data_V |     array    |
|curvmStubsPH2Z1_5_data_V_ce0       | out |    1|  ap_memory | curvmStubsPH2Z1_5_data_V |     array    |
|curvmStubsPH2Z1_5_data_V_we0       | out |    1|  ap_memory | curvmStubsPH2Z1_5_data_V |     array    |
|curvmStubsPH2Z1_5_data_V_d0        | out |   18|  ap_memory | curvmStubsPH2Z1_5_data_V |     array    |
|curvmStubsPH2Z1_6_data_V_address0  | out |    6|  ap_memory | curvmStubsPH2Z1_6_data_V |     array    |
|curvmStubsPH2Z1_6_data_V_ce0       | out |    1|  ap_memory | curvmStubsPH2Z1_6_data_V |     array    |
|curvmStubsPH2Z1_6_data_V_we0       | out |    1|  ap_memory | curvmStubsPH2Z1_6_data_V |     array    |
|curvmStubsPH2Z1_6_data_V_d0        | out |   18|  ap_memory | curvmStubsPH2Z1_6_data_V |     array    |
|curvmStubsPH2Z1_7_data_V_address0  | out |    6|  ap_memory | curvmStubsPH2Z1_7_data_V |     array    |
|curvmStubsPH2Z1_7_data_V_ce0       | out |    1|  ap_memory | curvmStubsPH2Z1_7_data_V |     array    |
|curvmStubsPH2Z1_7_data_V_we0       | out |    1|  ap_memory | curvmStubsPH2Z1_7_data_V |     array    |
|curvmStubsPH2Z1_7_data_V_d0        | out |   18|  ap_memory | curvmStubsPH2Z1_7_data_V |     array    |
|curvmStubsPH2Z1_8_data_V_address0  | out |    6|  ap_memory | curvmStubsPH2Z1_8_data_V |     array    |
|curvmStubsPH2Z1_8_data_V_ce0       | out |    1|  ap_memory | curvmStubsPH2Z1_8_data_V |     array    |
|curvmStubsPH2Z1_8_data_V_we0       | out |    1|  ap_memory | curvmStubsPH2Z1_8_data_V |     array    |
|curvmStubsPH2Z1_8_data_V_d0        | out |   18|  ap_memory | curvmStubsPH2Z1_8_data_V |     array    |
|curvmStubsPH3Z1_0_data_V_address0  | out |    6|  ap_memory | curvmStubsPH3Z1_0_data_V |     array    |
|curvmStubsPH3Z1_0_data_V_ce0       | out |    1|  ap_memory | curvmStubsPH3Z1_0_data_V |     array    |
|curvmStubsPH3Z1_0_data_V_we0       | out |    1|  ap_memory | curvmStubsPH3Z1_0_data_V |     array    |
|curvmStubsPH3Z1_0_data_V_d0        | out |   18|  ap_memory | curvmStubsPH3Z1_0_data_V |     array    |
|curvmStubsPH3Z1_1_data_V_address0  | out |    6|  ap_memory | curvmStubsPH3Z1_1_data_V |     array    |
|curvmStubsPH3Z1_1_data_V_ce0       | out |    1|  ap_memory | curvmStubsPH3Z1_1_data_V |     array    |
|curvmStubsPH3Z1_1_data_V_we0       | out |    1|  ap_memory | curvmStubsPH3Z1_1_data_V |     array    |
|curvmStubsPH3Z1_1_data_V_d0        | out |   18|  ap_memory | curvmStubsPH3Z1_1_data_V |     array    |
|curvmStubsPH3Z1_2_data_V_address0  | out |    6|  ap_memory | curvmStubsPH3Z1_2_data_V |     array    |
|curvmStubsPH3Z1_2_data_V_ce0       | out |    1|  ap_memory | curvmStubsPH3Z1_2_data_V |     array    |
|curvmStubsPH3Z1_2_data_V_we0       | out |    1|  ap_memory | curvmStubsPH3Z1_2_data_V |     array    |
|curvmStubsPH3Z1_2_data_V_d0        | out |   18|  ap_memory | curvmStubsPH3Z1_2_data_V |     array    |
|curvmStubsPH3Z1_3_data_V_address0  | out |    6|  ap_memory | curvmStubsPH3Z1_3_data_V |     array    |
|curvmStubsPH3Z1_3_data_V_ce0       | out |    1|  ap_memory | curvmStubsPH3Z1_3_data_V |     array    |
|curvmStubsPH3Z1_3_data_V_we0       | out |    1|  ap_memory | curvmStubsPH3Z1_3_data_V |     array    |
|curvmStubsPH3Z1_3_data_V_d0        | out |   18|  ap_memory | curvmStubsPH3Z1_3_data_V |     array    |
|curvmStubsPH3Z1_4_data_V_address0  | out |    6|  ap_memory | curvmStubsPH3Z1_4_data_V |     array    |
|curvmStubsPH3Z1_4_data_V_ce0       | out |    1|  ap_memory | curvmStubsPH3Z1_4_data_V |     array    |
|curvmStubsPH3Z1_4_data_V_we0       | out |    1|  ap_memory | curvmStubsPH3Z1_4_data_V |     array    |
|curvmStubsPH3Z1_4_data_V_d0        | out |   18|  ap_memory | curvmStubsPH3Z1_4_data_V |     array    |
|curvmStubsPH3Z1_5_data_V_address0  | out |    6|  ap_memory | curvmStubsPH3Z1_5_data_V |     array    |
|curvmStubsPH3Z1_5_data_V_ce0       | out |    1|  ap_memory | curvmStubsPH3Z1_5_data_V |     array    |
|curvmStubsPH3Z1_5_data_V_we0       | out |    1|  ap_memory | curvmStubsPH3Z1_5_data_V |     array    |
|curvmStubsPH3Z1_5_data_V_d0        | out |   18|  ap_memory | curvmStubsPH3Z1_5_data_V |     array    |
|curvmStubsPH3Z1_6_data_V_address0  | out |    6|  ap_memory | curvmStubsPH3Z1_6_data_V |     array    |
|curvmStubsPH3Z1_6_data_V_ce0       | out |    1|  ap_memory | curvmStubsPH3Z1_6_data_V |     array    |
|curvmStubsPH3Z1_6_data_V_we0       | out |    1|  ap_memory | curvmStubsPH3Z1_6_data_V |     array    |
|curvmStubsPH3Z1_6_data_V_d0        | out |   18|  ap_memory | curvmStubsPH3Z1_6_data_V |     array    |
|curvmStubsPH3Z1_7_data_V_address0  | out |    6|  ap_memory | curvmStubsPH3Z1_7_data_V |     array    |
|curvmStubsPH3Z1_7_data_V_ce0       | out |    1|  ap_memory | curvmStubsPH3Z1_7_data_V |     array    |
|curvmStubsPH3Z1_7_data_V_we0       | out |    1|  ap_memory | curvmStubsPH3Z1_7_data_V |     array    |
|curvmStubsPH3Z1_7_data_V_d0        | out |   18|  ap_memory | curvmStubsPH3Z1_7_data_V |     array    |
|curvmStubsPH3Z1_8_data_V_address0  | out |    6|  ap_memory | curvmStubsPH3Z1_8_data_V |     array    |
|curvmStubsPH3Z1_8_data_V_ce0       | out |    1|  ap_memory | curvmStubsPH3Z1_8_data_V |     array    |
|curvmStubsPH3Z1_8_data_V_we0       | out |    1|  ap_memory | curvmStubsPH3Z1_8_data_V |     array    |
|curvmStubsPH3Z1_8_data_V_d0        | out |   18|  ap_memory | curvmStubsPH3Z1_8_data_V |     array    |
|curvmStubsPH4Z1_0_data_V_address0  | out |    6|  ap_memory | curvmStubsPH4Z1_0_data_V |     array    |
|curvmStubsPH4Z1_0_data_V_ce0       | out |    1|  ap_memory | curvmStubsPH4Z1_0_data_V |     array    |
|curvmStubsPH4Z1_0_data_V_we0       | out |    1|  ap_memory | curvmStubsPH4Z1_0_data_V |     array    |
|curvmStubsPH4Z1_0_data_V_d0        | out |   18|  ap_memory | curvmStubsPH4Z1_0_data_V |     array    |
|curvmStubsPH4Z1_1_data_V_address0  | out |    6|  ap_memory | curvmStubsPH4Z1_1_data_V |     array    |
|curvmStubsPH4Z1_1_data_V_ce0       | out |    1|  ap_memory | curvmStubsPH4Z1_1_data_V |     array    |
|curvmStubsPH4Z1_1_data_V_we0       | out |    1|  ap_memory | curvmStubsPH4Z1_1_data_V |     array    |
|curvmStubsPH4Z1_1_data_V_d0        | out |   18|  ap_memory | curvmStubsPH4Z1_1_data_V |     array    |
|curvmStubsPH4Z1_2_data_V_address0  | out |    6|  ap_memory | curvmStubsPH4Z1_2_data_V |     array    |
|curvmStubsPH4Z1_2_data_V_ce0       | out |    1|  ap_memory | curvmStubsPH4Z1_2_data_V |     array    |
|curvmStubsPH4Z1_2_data_V_we0       | out |    1|  ap_memory | curvmStubsPH4Z1_2_data_V |     array    |
|curvmStubsPH4Z1_2_data_V_d0        | out |   18|  ap_memory | curvmStubsPH4Z1_2_data_V |     array    |
|curvmStubsPH4Z1_3_data_V_address0  | out |    6|  ap_memory | curvmStubsPH4Z1_3_data_V |     array    |
|curvmStubsPH4Z1_3_data_V_ce0       | out |    1|  ap_memory | curvmStubsPH4Z1_3_data_V |     array    |
|curvmStubsPH4Z1_3_data_V_we0       | out |    1|  ap_memory | curvmStubsPH4Z1_3_data_V |     array    |
|curvmStubsPH4Z1_3_data_V_d0        | out |   18|  ap_memory | curvmStubsPH4Z1_3_data_V |     array    |
|curvmStubsPH4Z1_4_data_V_address0  | out |    6|  ap_memory | curvmStubsPH4Z1_4_data_V |     array    |
|curvmStubsPH4Z1_4_data_V_ce0       | out |    1|  ap_memory | curvmStubsPH4Z1_4_data_V |     array    |
|curvmStubsPH4Z1_4_data_V_we0       | out |    1|  ap_memory | curvmStubsPH4Z1_4_data_V |     array    |
|curvmStubsPH4Z1_4_data_V_d0        | out |   18|  ap_memory | curvmStubsPH4Z1_4_data_V |     array    |
|curvmStubsPH4Z1_5_data_V_address0  | out |    6|  ap_memory | curvmStubsPH4Z1_5_data_V |     array    |
|curvmStubsPH4Z1_5_data_V_ce0       | out |    1|  ap_memory | curvmStubsPH4Z1_5_data_V |     array    |
|curvmStubsPH4Z1_5_data_V_we0       | out |    1|  ap_memory | curvmStubsPH4Z1_5_data_V |     array    |
|curvmStubsPH4Z1_5_data_V_d0        | out |   18|  ap_memory | curvmStubsPH4Z1_5_data_V |     array    |
|curvmStubsPH4Z1_6_data_V_address0  | out |    6|  ap_memory | curvmStubsPH4Z1_6_data_V |     array    |
|curvmStubsPH4Z1_6_data_V_ce0       | out |    1|  ap_memory | curvmStubsPH4Z1_6_data_V |     array    |
|curvmStubsPH4Z1_6_data_V_we0       | out |    1|  ap_memory | curvmStubsPH4Z1_6_data_V |     array    |
|curvmStubsPH4Z1_6_data_V_d0        | out |   18|  ap_memory | curvmStubsPH4Z1_6_data_V |     array    |
|curvmStubsPH4Z1_7_data_V_address0  | out |    6|  ap_memory | curvmStubsPH4Z1_7_data_V |     array    |
|curvmStubsPH4Z1_7_data_V_ce0       | out |    1|  ap_memory | curvmStubsPH4Z1_7_data_V |     array    |
|curvmStubsPH4Z1_7_data_V_we0       | out |    1|  ap_memory | curvmStubsPH4Z1_7_data_V |     array    |
|curvmStubsPH4Z1_7_data_V_d0        | out |   18|  ap_memory | curvmStubsPH4Z1_7_data_V |     array    |
|curvmStubsPH4Z1_8_data_V_address0  | out |    6|  ap_memory | curvmStubsPH4Z1_8_data_V |     array    |
|curvmStubsPH4Z1_8_data_V_ce0       | out |    1|  ap_memory | curvmStubsPH4Z1_8_data_V |     array    |
|curvmStubsPH4Z1_8_data_V_we0       | out |    1|  ap_memory | curvmStubsPH4Z1_8_data_V |     array    |
|curvmStubsPH4Z1_8_data_V_d0        | out |   18|  ap_memory | curvmStubsPH4Z1_8_data_V |     array    |
|curvmStubsPH1Z2_0_data_V_address0  | out |    6|  ap_memory | curvmStubsPH1Z2_0_data_V |     array    |
|curvmStubsPH1Z2_0_data_V_ce0       | out |    1|  ap_memory | curvmStubsPH1Z2_0_data_V |     array    |
|curvmStubsPH1Z2_0_data_V_we0       | out |    1|  ap_memory | curvmStubsPH1Z2_0_data_V |     array    |
|curvmStubsPH1Z2_0_data_V_d0        | out |   18|  ap_memory | curvmStubsPH1Z2_0_data_V |     array    |
|curvmStubsPH1Z2_1_data_V_address0  | out |    6|  ap_memory | curvmStubsPH1Z2_1_data_V |     array    |
|curvmStubsPH1Z2_1_data_V_ce0       | out |    1|  ap_memory | curvmStubsPH1Z2_1_data_V |     array    |
|curvmStubsPH1Z2_1_data_V_we0       | out |    1|  ap_memory | curvmStubsPH1Z2_1_data_V |     array    |
|curvmStubsPH1Z2_1_data_V_d0        | out |   18|  ap_memory | curvmStubsPH1Z2_1_data_V |     array    |
|curvmStubsPH1Z2_2_data_V_address0  | out |    6|  ap_memory | curvmStubsPH1Z2_2_data_V |     array    |
|curvmStubsPH1Z2_2_data_V_ce0       | out |    1|  ap_memory | curvmStubsPH1Z2_2_data_V |     array    |
|curvmStubsPH1Z2_2_data_V_we0       | out |    1|  ap_memory | curvmStubsPH1Z2_2_data_V |     array    |
|curvmStubsPH1Z2_2_data_V_d0        | out |   18|  ap_memory | curvmStubsPH1Z2_2_data_V |     array    |
|curvmStubsPH1Z2_3_data_V_address0  | out |    6|  ap_memory | curvmStubsPH1Z2_3_data_V |     array    |
|curvmStubsPH1Z2_3_data_V_ce0       | out |    1|  ap_memory | curvmStubsPH1Z2_3_data_V |     array    |
|curvmStubsPH1Z2_3_data_V_we0       | out |    1|  ap_memory | curvmStubsPH1Z2_3_data_V |     array    |
|curvmStubsPH1Z2_3_data_V_d0        | out |   18|  ap_memory | curvmStubsPH1Z2_3_data_V |     array    |
|curvmStubsPH1Z2_4_data_V_address0  | out |    6|  ap_memory | curvmStubsPH1Z2_4_data_V |     array    |
|curvmStubsPH1Z2_4_data_V_ce0       | out |    1|  ap_memory | curvmStubsPH1Z2_4_data_V |     array    |
|curvmStubsPH1Z2_4_data_V_we0       | out |    1|  ap_memory | curvmStubsPH1Z2_4_data_V |     array    |
|curvmStubsPH1Z2_4_data_V_d0        | out |   18|  ap_memory | curvmStubsPH1Z2_4_data_V |     array    |
|curvmStubsPH1Z2_5_data_V_address0  | out |    6|  ap_memory | curvmStubsPH1Z2_5_data_V |     array    |
|curvmStubsPH1Z2_5_data_V_ce0       | out |    1|  ap_memory | curvmStubsPH1Z2_5_data_V |     array    |
|curvmStubsPH1Z2_5_data_V_we0       | out |    1|  ap_memory | curvmStubsPH1Z2_5_data_V |     array    |
|curvmStubsPH1Z2_5_data_V_d0        | out |   18|  ap_memory | curvmStubsPH1Z2_5_data_V |     array    |
|curvmStubsPH1Z2_6_data_V_address0  | out |    6|  ap_memory | curvmStubsPH1Z2_6_data_V |     array    |
|curvmStubsPH1Z2_6_data_V_ce0       | out |    1|  ap_memory | curvmStubsPH1Z2_6_data_V |     array    |
|curvmStubsPH1Z2_6_data_V_we0       | out |    1|  ap_memory | curvmStubsPH1Z2_6_data_V |     array    |
|curvmStubsPH1Z2_6_data_V_d0        | out |   18|  ap_memory | curvmStubsPH1Z2_6_data_V |     array    |
|curvmStubsPH1Z2_7_data_V_address0  | out |    6|  ap_memory | curvmStubsPH1Z2_7_data_V |     array    |
|curvmStubsPH1Z2_7_data_V_ce0       | out |    1|  ap_memory | curvmStubsPH1Z2_7_data_V |     array    |
|curvmStubsPH1Z2_7_data_V_we0       | out |    1|  ap_memory | curvmStubsPH1Z2_7_data_V |     array    |
|curvmStubsPH1Z2_7_data_V_d0        | out |   18|  ap_memory | curvmStubsPH1Z2_7_data_V |     array    |
|curvmStubsPH1Z2_8_data_V_address0  | out |    6|  ap_memory | curvmStubsPH1Z2_8_data_V |     array    |
|curvmStubsPH1Z2_8_data_V_ce0       | out |    1|  ap_memory | curvmStubsPH1Z2_8_data_V |     array    |
|curvmStubsPH1Z2_8_data_V_we0       | out |    1|  ap_memory | curvmStubsPH1Z2_8_data_V |     array    |
|curvmStubsPH1Z2_8_data_V_d0        | out |   18|  ap_memory | curvmStubsPH1Z2_8_data_V |     array    |
|curvmStubsPH2Z2_0_data_V_address0  | out |    6|  ap_memory | curvmStubsPH2Z2_0_data_V |     array    |
|curvmStubsPH2Z2_0_data_V_ce0       | out |    1|  ap_memory | curvmStubsPH2Z2_0_data_V |     array    |
|curvmStubsPH2Z2_0_data_V_we0       | out |    1|  ap_memory | curvmStubsPH2Z2_0_data_V |     array    |
|curvmStubsPH2Z2_0_data_V_d0        | out |   18|  ap_memory | curvmStubsPH2Z2_0_data_V |     array    |
|curvmStubsPH2Z2_1_data_V_address0  | out |    6|  ap_memory | curvmStubsPH2Z2_1_data_V |     array    |
|curvmStubsPH2Z2_1_data_V_ce0       | out |    1|  ap_memory | curvmStubsPH2Z2_1_data_V |     array    |
|curvmStubsPH2Z2_1_data_V_we0       | out |    1|  ap_memory | curvmStubsPH2Z2_1_data_V |     array    |
|curvmStubsPH2Z2_1_data_V_d0        | out |   18|  ap_memory | curvmStubsPH2Z2_1_data_V |     array    |
|curvmStubsPH2Z2_2_data_V_address0  | out |    6|  ap_memory | curvmStubsPH2Z2_2_data_V |     array    |
|curvmStubsPH2Z2_2_data_V_ce0       | out |    1|  ap_memory | curvmStubsPH2Z2_2_data_V |     array    |
|curvmStubsPH2Z2_2_data_V_we0       | out |    1|  ap_memory | curvmStubsPH2Z2_2_data_V |     array    |
|curvmStubsPH2Z2_2_data_V_d0        | out |   18|  ap_memory | curvmStubsPH2Z2_2_data_V |     array    |
|curvmStubsPH2Z2_3_data_V_address0  | out |    6|  ap_memory | curvmStubsPH2Z2_3_data_V |     array    |
|curvmStubsPH2Z2_3_data_V_ce0       | out |    1|  ap_memory | curvmStubsPH2Z2_3_data_V |     array    |
|curvmStubsPH2Z2_3_data_V_we0       | out |    1|  ap_memory | curvmStubsPH2Z2_3_data_V |     array    |
|curvmStubsPH2Z2_3_data_V_d0        | out |   18|  ap_memory | curvmStubsPH2Z2_3_data_V |     array    |
|curvmStubsPH2Z2_4_data_V_address0  | out |    6|  ap_memory | curvmStubsPH2Z2_4_data_V |     array    |
|curvmStubsPH2Z2_4_data_V_ce0       | out |    1|  ap_memory | curvmStubsPH2Z2_4_data_V |     array    |
|curvmStubsPH2Z2_4_data_V_we0       | out |    1|  ap_memory | curvmStubsPH2Z2_4_data_V |     array    |
|curvmStubsPH2Z2_4_data_V_d0        | out |   18|  ap_memory | curvmStubsPH2Z2_4_data_V |     array    |
|curvmStubsPH2Z2_5_data_V_address0  | out |    6|  ap_memory | curvmStubsPH2Z2_5_data_V |     array    |
|curvmStubsPH2Z2_5_data_V_ce0       | out |    1|  ap_memory | curvmStubsPH2Z2_5_data_V |     array    |
|curvmStubsPH2Z2_5_data_V_we0       | out |    1|  ap_memory | curvmStubsPH2Z2_5_data_V |     array    |
|curvmStubsPH2Z2_5_data_V_d0        | out |   18|  ap_memory | curvmStubsPH2Z2_5_data_V |     array    |
|curvmStubsPH2Z2_6_data_V_address0  | out |    6|  ap_memory | curvmStubsPH2Z2_6_data_V |     array    |
|curvmStubsPH2Z2_6_data_V_ce0       | out |    1|  ap_memory | curvmStubsPH2Z2_6_data_V |     array    |
|curvmStubsPH2Z2_6_data_V_we0       | out |    1|  ap_memory | curvmStubsPH2Z2_6_data_V |     array    |
|curvmStubsPH2Z2_6_data_V_d0        | out |   18|  ap_memory | curvmStubsPH2Z2_6_data_V |     array    |
|curvmStubsPH2Z2_7_data_V_address0  | out |    6|  ap_memory | curvmStubsPH2Z2_7_data_V |     array    |
|curvmStubsPH2Z2_7_data_V_ce0       | out |    1|  ap_memory | curvmStubsPH2Z2_7_data_V |     array    |
|curvmStubsPH2Z2_7_data_V_we0       | out |    1|  ap_memory | curvmStubsPH2Z2_7_data_V |     array    |
|curvmStubsPH2Z2_7_data_V_d0        | out |   18|  ap_memory | curvmStubsPH2Z2_7_data_V |     array    |
|curvmStubsPH2Z2_8_data_V_address0  | out |    6|  ap_memory | curvmStubsPH2Z2_8_data_V |     array    |
|curvmStubsPH2Z2_8_data_V_ce0       | out |    1|  ap_memory | curvmStubsPH2Z2_8_data_V |     array    |
|curvmStubsPH2Z2_8_data_V_we0       | out |    1|  ap_memory | curvmStubsPH2Z2_8_data_V |     array    |
|curvmStubsPH2Z2_8_data_V_d0        | out |   18|  ap_memory | curvmStubsPH2Z2_8_data_V |     array    |
|curvmStubsPH3Z2_0_data_V_address0  | out |    6|  ap_memory | curvmStubsPH3Z2_0_data_V |     array    |
|curvmStubsPH3Z2_0_data_V_ce0       | out |    1|  ap_memory | curvmStubsPH3Z2_0_data_V |     array    |
|curvmStubsPH3Z2_0_data_V_we0       | out |    1|  ap_memory | curvmStubsPH3Z2_0_data_V |     array    |
|curvmStubsPH3Z2_0_data_V_d0        | out |   18|  ap_memory | curvmStubsPH3Z2_0_data_V |     array    |
|curvmStubsPH3Z2_1_data_V_address0  | out |    6|  ap_memory | curvmStubsPH3Z2_1_data_V |     array    |
|curvmStubsPH3Z2_1_data_V_ce0       | out |    1|  ap_memory | curvmStubsPH3Z2_1_data_V |     array    |
|curvmStubsPH3Z2_1_data_V_we0       | out |    1|  ap_memory | curvmStubsPH3Z2_1_data_V |     array    |
|curvmStubsPH3Z2_1_data_V_d0        | out |   18|  ap_memory | curvmStubsPH3Z2_1_data_V |     array    |
|curvmStubsPH3Z2_2_data_V_address0  | out |    6|  ap_memory | curvmStubsPH3Z2_2_data_V |     array    |
|curvmStubsPH3Z2_2_data_V_ce0       | out |    1|  ap_memory | curvmStubsPH3Z2_2_data_V |     array    |
|curvmStubsPH3Z2_2_data_V_we0       | out |    1|  ap_memory | curvmStubsPH3Z2_2_data_V |     array    |
|curvmStubsPH3Z2_2_data_V_d0        | out |   18|  ap_memory | curvmStubsPH3Z2_2_data_V |     array    |
|curvmStubsPH3Z2_3_data_V_address0  | out |    6|  ap_memory | curvmStubsPH3Z2_3_data_V |     array    |
|curvmStubsPH3Z2_3_data_V_ce0       | out |    1|  ap_memory | curvmStubsPH3Z2_3_data_V |     array    |
|curvmStubsPH3Z2_3_data_V_we0       | out |    1|  ap_memory | curvmStubsPH3Z2_3_data_V |     array    |
|curvmStubsPH3Z2_3_data_V_d0        | out |   18|  ap_memory | curvmStubsPH3Z2_3_data_V |     array    |
|curvmStubsPH3Z2_4_data_V_address0  | out |    6|  ap_memory | curvmStubsPH3Z2_4_data_V |     array    |
|curvmStubsPH3Z2_4_data_V_ce0       | out |    1|  ap_memory | curvmStubsPH3Z2_4_data_V |     array    |
|curvmStubsPH3Z2_4_data_V_we0       | out |    1|  ap_memory | curvmStubsPH3Z2_4_data_V |     array    |
|curvmStubsPH3Z2_4_data_V_d0        | out |   18|  ap_memory | curvmStubsPH3Z2_4_data_V |     array    |
|curvmStubsPH3Z2_5_data_V_address0  | out |    6|  ap_memory | curvmStubsPH3Z2_5_data_V |     array    |
|curvmStubsPH3Z2_5_data_V_ce0       | out |    1|  ap_memory | curvmStubsPH3Z2_5_data_V |     array    |
|curvmStubsPH3Z2_5_data_V_we0       | out |    1|  ap_memory | curvmStubsPH3Z2_5_data_V |     array    |
|curvmStubsPH3Z2_5_data_V_d0        | out |   18|  ap_memory | curvmStubsPH3Z2_5_data_V |     array    |
|curvmStubsPH3Z2_6_data_V_address0  | out |    6|  ap_memory | curvmStubsPH3Z2_6_data_V |     array    |
|curvmStubsPH3Z2_6_data_V_ce0       | out |    1|  ap_memory | curvmStubsPH3Z2_6_data_V |     array    |
|curvmStubsPH3Z2_6_data_V_we0       | out |    1|  ap_memory | curvmStubsPH3Z2_6_data_V |     array    |
|curvmStubsPH3Z2_6_data_V_d0        | out |   18|  ap_memory | curvmStubsPH3Z2_6_data_V |     array    |
|curvmStubsPH3Z2_7_data_V_address0  | out |    6|  ap_memory | curvmStubsPH3Z2_7_data_V |     array    |
|curvmStubsPH3Z2_7_data_V_ce0       | out |    1|  ap_memory | curvmStubsPH3Z2_7_data_V |     array    |
|curvmStubsPH3Z2_7_data_V_we0       | out |    1|  ap_memory | curvmStubsPH3Z2_7_data_V |     array    |
|curvmStubsPH3Z2_7_data_V_d0        | out |   18|  ap_memory | curvmStubsPH3Z2_7_data_V |     array    |
|curvmStubsPH3Z2_8_data_V_address0  | out |    6|  ap_memory | curvmStubsPH3Z2_8_data_V |     array    |
|curvmStubsPH3Z2_8_data_V_ce0       | out |    1|  ap_memory | curvmStubsPH3Z2_8_data_V |     array    |
|curvmStubsPH3Z2_8_data_V_we0       | out |    1|  ap_memory | curvmStubsPH3Z2_8_data_V |     array    |
|curvmStubsPH3Z2_8_data_V_d0        | out |   18|  ap_memory | curvmStubsPH3Z2_8_data_V |     array    |
|curvmStubsPH4Z2_0_data_V_address0  | out |    6|  ap_memory | curvmStubsPH4Z2_0_data_V |     array    |
|curvmStubsPH4Z2_0_data_V_ce0       | out |    1|  ap_memory | curvmStubsPH4Z2_0_data_V |     array    |
|curvmStubsPH4Z2_0_data_V_we0       | out |    1|  ap_memory | curvmStubsPH4Z2_0_data_V |     array    |
|curvmStubsPH4Z2_0_data_V_d0        | out |   18|  ap_memory | curvmStubsPH4Z2_0_data_V |     array    |
|curvmStubsPH4Z2_1_data_V_address0  | out |    6|  ap_memory | curvmStubsPH4Z2_1_data_V |     array    |
|curvmStubsPH4Z2_1_data_V_ce0       | out |    1|  ap_memory | curvmStubsPH4Z2_1_data_V |     array    |
|curvmStubsPH4Z2_1_data_V_we0       | out |    1|  ap_memory | curvmStubsPH4Z2_1_data_V |     array    |
|curvmStubsPH4Z2_1_data_V_d0        | out |   18|  ap_memory | curvmStubsPH4Z2_1_data_V |     array    |
|curvmStubsPH4Z2_2_data_V_address0  | out |    6|  ap_memory | curvmStubsPH4Z2_2_data_V |     array    |
|curvmStubsPH4Z2_2_data_V_ce0       | out |    1|  ap_memory | curvmStubsPH4Z2_2_data_V |     array    |
|curvmStubsPH4Z2_2_data_V_we0       | out |    1|  ap_memory | curvmStubsPH4Z2_2_data_V |     array    |
|curvmStubsPH4Z2_2_data_V_d0        | out |   18|  ap_memory | curvmStubsPH4Z2_2_data_V |     array    |
|curvmStubsPH4Z2_3_data_V_address0  | out |    6|  ap_memory | curvmStubsPH4Z2_3_data_V |     array    |
|curvmStubsPH4Z2_3_data_V_ce0       | out |    1|  ap_memory | curvmStubsPH4Z2_3_data_V |     array    |
|curvmStubsPH4Z2_3_data_V_we0       | out |    1|  ap_memory | curvmStubsPH4Z2_3_data_V |     array    |
|curvmStubsPH4Z2_3_data_V_d0        | out |   18|  ap_memory | curvmStubsPH4Z2_3_data_V |     array    |
|curvmStubsPH4Z2_4_data_V_address0  | out |    6|  ap_memory | curvmStubsPH4Z2_4_data_V |     array    |
|curvmStubsPH4Z2_4_data_V_ce0       | out |    1|  ap_memory | curvmStubsPH4Z2_4_data_V |     array    |
|curvmStubsPH4Z2_4_data_V_we0       | out |    1|  ap_memory | curvmStubsPH4Z2_4_data_V |     array    |
|curvmStubsPH4Z2_4_data_V_d0        | out |   18|  ap_memory | curvmStubsPH4Z2_4_data_V |     array    |
|curvmStubsPH4Z2_5_data_V_address0  | out |    6|  ap_memory | curvmStubsPH4Z2_5_data_V |     array    |
|curvmStubsPH4Z2_5_data_V_ce0       | out |    1|  ap_memory | curvmStubsPH4Z2_5_data_V |     array    |
|curvmStubsPH4Z2_5_data_V_we0       | out |    1|  ap_memory | curvmStubsPH4Z2_5_data_V |     array    |
|curvmStubsPH4Z2_5_data_V_d0        | out |   18|  ap_memory | curvmStubsPH4Z2_5_data_V |     array    |
|curvmStubsPH4Z2_6_data_V_address0  | out |    6|  ap_memory | curvmStubsPH4Z2_6_data_V |     array    |
|curvmStubsPH4Z2_6_data_V_ce0       | out |    1|  ap_memory | curvmStubsPH4Z2_6_data_V |     array    |
|curvmStubsPH4Z2_6_data_V_we0       | out |    1|  ap_memory | curvmStubsPH4Z2_6_data_V |     array    |
|curvmStubsPH4Z2_6_data_V_d0        | out |   18|  ap_memory | curvmStubsPH4Z2_6_data_V |     array    |
|curvmStubsPH4Z2_7_data_V_address0  | out |    6|  ap_memory | curvmStubsPH4Z2_7_data_V |     array    |
|curvmStubsPH4Z2_7_data_V_ce0       | out |    1|  ap_memory | curvmStubsPH4Z2_7_data_V |     array    |
|curvmStubsPH4Z2_7_data_V_we0       | out |    1|  ap_memory | curvmStubsPH4Z2_7_data_V |     array    |
|curvmStubsPH4Z2_7_data_V_d0        | out |   18|  ap_memory | curvmStubsPH4Z2_7_data_V |     array    |
|curvmStubsPH4Z2_8_data_V_address0  | out |    6|  ap_memory | curvmStubsPH4Z2_8_data_V |     array    |
|curvmStubsPH4Z2_8_data_V_ce0       | out |    1|  ap_memory | curvmStubsPH4Z2_8_data_V |     array    |
|curvmStubsPH4Z2_8_data_V_we0       | out |    1|  ap_memory | curvmStubsPH4Z2_8_data_V |     array    |
|curvmStubsPH4Z2_8_data_V_d0        | out |   18|  ap_memory | curvmStubsPH4Z2_8_data_V |     array    |
|curnStubs_0                        |  in |   32|   ap_none  |        curnStubs_0       |    pointer   |
|curnStubs_1                        |  in |   32|   ap_none  |        curnStubs_1       |    pointer   |
|curnStubs_2                        |  in |   32|   ap_none  |        curnStubs_2       |    pointer   |
|curnStubs_3                        |  in |   32|   ap_none  |        curnStubs_3       |    pointer   |
|curnStubs_4                        |  in |   32|   ap_none  |        curnStubs_4       |    pointer   |
|curnStubs_5                        |  in |   32|   ap_none  |        curnStubs_5       |    pointer   |
|curnStubs_6                        |  in |   32|   ap_none  |        curnStubs_6       |    pointer   |
|curnStubs_7                        |  in |   32|   ap_none  |        curnStubs_7       |    pointer   |
|curnStubs_8                        |  in |   32|   ap_none  |        curnStubs_8       |    pointer   |
|curnPH1Z1_0_V_i                    |  in |    6|   ap_ovld  |       curnPH1Z1_0_V      |    pointer   |
|curnPH1Z1_0_V_o                    | out |    6|   ap_ovld  |       curnPH1Z1_0_V      |    pointer   |
|curnPH1Z1_0_V_o_ap_vld             | out |    1|   ap_ovld  |       curnPH1Z1_0_V      |    pointer   |
|curnPH1Z1_1_V_i                    |  in |    6|   ap_ovld  |       curnPH1Z1_1_V      |    pointer   |
|curnPH1Z1_1_V_o                    | out |    6|   ap_ovld  |       curnPH1Z1_1_V      |    pointer   |
|curnPH1Z1_1_V_o_ap_vld             | out |    1|   ap_ovld  |       curnPH1Z1_1_V      |    pointer   |
|curnPH1Z1_2_V_i                    |  in |    6|   ap_ovld  |       curnPH1Z1_2_V      |    pointer   |
|curnPH1Z1_2_V_o                    | out |    6|   ap_ovld  |       curnPH1Z1_2_V      |    pointer   |
|curnPH1Z1_2_V_o_ap_vld             | out |    1|   ap_ovld  |       curnPH1Z1_2_V      |    pointer   |
|curnPH1Z1_3_V_i                    |  in |    6|   ap_ovld  |       curnPH1Z1_3_V      |    pointer   |
|curnPH1Z1_3_V_o                    | out |    6|   ap_ovld  |       curnPH1Z1_3_V      |    pointer   |
|curnPH1Z1_3_V_o_ap_vld             | out |    1|   ap_ovld  |       curnPH1Z1_3_V      |    pointer   |
|curnPH1Z1_4_V_i                    |  in |    6|   ap_ovld  |       curnPH1Z1_4_V      |    pointer   |
|curnPH1Z1_4_V_o                    | out |    6|   ap_ovld  |       curnPH1Z1_4_V      |    pointer   |
|curnPH1Z1_4_V_o_ap_vld             | out |    1|   ap_ovld  |       curnPH1Z1_4_V      |    pointer   |
|curnPH1Z1_5_V_i                    |  in |    6|   ap_ovld  |       curnPH1Z1_5_V      |    pointer   |
|curnPH1Z1_5_V_o                    | out |    6|   ap_ovld  |       curnPH1Z1_5_V      |    pointer   |
|curnPH1Z1_5_V_o_ap_vld             | out |    1|   ap_ovld  |       curnPH1Z1_5_V      |    pointer   |
|curnPH1Z1_6_V_i                    |  in |    6|   ap_ovld  |       curnPH1Z1_6_V      |    pointer   |
|curnPH1Z1_6_V_o                    | out |    6|   ap_ovld  |       curnPH1Z1_6_V      |    pointer   |
|curnPH1Z1_6_V_o_ap_vld             | out |    1|   ap_ovld  |       curnPH1Z1_6_V      |    pointer   |
|curnPH1Z1_7_V_i                    |  in |    6|   ap_ovld  |       curnPH1Z1_7_V      |    pointer   |
|curnPH1Z1_7_V_o                    | out |    6|   ap_ovld  |       curnPH1Z1_7_V      |    pointer   |
|curnPH1Z1_7_V_o_ap_vld             | out |    1|   ap_ovld  |       curnPH1Z1_7_V      |    pointer   |
|curnPH1Z1_8_V_i                    |  in |    6|   ap_ovld  |       curnPH1Z1_8_V      |    pointer   |
|curnPH1Z1_8_V_o                    | out |    6|   ap_ovld  |       curnPH1Z1_8_V      |    pointer   |
|curnPH1Z1_8_V_o_ap_vld             | out |    1|   ap_ovld  |       curnPH1Z1_8_V      |    pointer   |
|curnPH2Z1_0_V_i                    |  in |    6|   ap_ovld  |       curnPH2Z1_0_V      |    pointer   |
|curnPH2Z1_0_V_o                    | out |    6|   ap_ovld  |       curnPH2Z1_0_V      |    pointer   |
|curnPH2Z1_0_V_o_ap_vld             | out |    1|   ap_ovld  |       curnPH2Z1_0_V      |    pointer   |
|curnPH2Z1_1_V_i                    |  in |    6|   ap_ovld  |       curnPH2Z1_1_V      |    pointer   |
|curnPH2Z1_1_V_o                    | out |    6|   ap_ovld  |       curnPH2Z1_1_V      |    pointer   |
|curnPH2Z1_1_V_o_ap_vld             | out |    1|   ap_ovld  |       curnPH2Z1_1_V      |    pointer   |
|curnPH2Z1_2_V_i                    |  in |    6|   ap_ovld  |       curnPH2Z1_2_V      |    pointer   |
|curnPH2Z1_2_V_o                    | out |    6|   ap_ovld  |       curnPH2Z1_2_V      |    pointer   |
|curnPH2Z1_2_V_o_ap_vld             | out |    1|   ap_ovld  |       curnPH2Z1_2_V      |    pointer   |
|curnPH2Z1_3_V_i                    |  in |    6|   ap_ovld  |       curnPH2Z1_3_V      |    pointer   |
|curnPH2Z1_3_V_o                    | out |    6|   ap_ovld  |       curnPH2Z1_3_V      |    pointer   |
|curnPH2Z1_3_V_o_ap_vld             | out |    1|   ap_ovld  |       curnPH2Z1_3_V      |    pointer   |
|curnPH2Z1_4_V_i                    |  in |    6|   ap_ovld  |       curnPH2Z1_4_V      |    pointer   |
|curnPH2Z1_4_V_o                    | out |    6|   ap_ovld  |       curnPH2Z1_4_V      |    pointer   |
|curnPH2Z1_4_V_o_ap_vld             | out |    1|   ap_ovld  |       curnPH2Z1_4_V      |    pointer   |
|curnPH2Z1_5_V_i                    |  in |    6|   ap_ovld  |       curnPH2Z1_5_V      |    pointer   |
|curnPH2Z1_5_V_o                    | out |    6|   ap_ovld  |       curnPH2Z1_5_V      |    pointer   |
|curnPH2Z1_5_V_o_ap_vld             | out |    1|   ap_ovld  |       curnPH2Z1_5_V      |    pointer   |
|curnPH2Z1_6_V_i                    |  in |    6|   ap_ovld  |       curnPH2Z1_6_V      |    pointer   |
|curnPH2Z1_6_V_o                    | out |    6|   ap_ovld  |       curnPH2Z1_6_V      |    pointer   |
|curnPH2Z1_6_V_o_ap_vld             | out |    1|   ap_ovld  |       curnPH2Z1_6_V      |    pointer   |
|curnPH2Z1_7_V_i                    |  in |    6|   ap_ovld  |       curnPH2Z1_7_V      |    pointer   |
|curnPH2Z1_7_V_o                    | out |    6|   ap_ovld  |       curnPH2Z1_7_V      |    pointer   |
|curnPH2Z1_7_V_o_ap_vld             | out |    1|   ap_ovld  |       curnPH2Z1_7_V      |    pointer   |
|curnPH2Z1_8_V_i                    |  in |    6|   ap_ovld  |       curnPH2Z1_8_V      |    pointer   |
|curnPH2Z1_8_V_o                    | out |    6|   ap_ovld  |       curnPH2Z1_8_V      |    pointer   |
|curnPH2Z1_8_V_o_ap_vld             | out |    1|   ap_ovld  |       curnPH2Z1_8_V      |    pointer   |
|curnPH3Z1_0_V_i                    |  in |    6|   ap_ovld  |       curnPH3Z1_0_V      |    pointer   |
|curnPH3Z1_0_V_o                    | out |    6|   ap_ovld  |       curnPH3Z1_0_V      |    pointer   |
|curnPH3Z1_0_V_o_ap_vld             | out |    1|   ap_ovld  |       curnPH3Z1_0_V      |    pointer   |
|curnPH3Z1_1_V_i                    |  in |    6|   ap_ovld  |       curnPH3Z1_1_V      |    pointer   |
|curnPH3Z1_1_V_o                    | out |    6|   ap_ovld  |       curnPH3Z1_1_V      |    pointer   |
|curnPH3Z1_1_V_o_ap_vld             | out |    1|   ap_ovld  |       curnPH3Z1_1_V      |    pointer   |
|curnPH3Z1_2_V_i                    |  in |    6|   ap_ovld  |       curnPH3Z1_2_V      |    pointer   |
|curnPH3Z1_2_V_o                    | out |    6|   ap_ovld  |       curnPH3Z1_2_V      |    pointer   |
|curnPH3Z1_2_V_o_ap_vld             | out |    1|   ap_ovld  |       curnPH3Z1_2_V      |    pointer   |
|curnPH3Z1_3_V_i                    |  in |    6|   ap_ovld  |       curnPH3Z1_3_V      |    pointer   |
|curnPH3Z1_3_V_o                    | out |    6|   ap_ovld  |       curnPH3Z1_3_V      |    pointer   |
|curnPH3Z1_3_V_o_ap_vld             | out |    1|   ap_ovld  |       curnPH3Z1_3_V      |    pointer   |
|curnPH3Z1_4_V_i                    |  in |    6|   ap_ovld  |       curnPH3Z1_4_V      |    pointer   |
|curnPH3Z1_4_V_o                    | out |    6|   ap_ovld  |       curnPH3Z1_4_V      |    pointer   |
|curnPH3Z1_4_V_o_ap_vld             | out |    1|   ap_ovld  |       curnPH3Z1_4_V      |    pointer   |
|curnPH3Z1_5_V_i                    |  in |    6|   ap_ovld  |       curnPH3Z1_5_V      |    pointer   |
|curnPH3Z1_5_V_o                    | out |    6|   ap_ovld  |       curnPH3Z1_5_V      |    pointer   |
|curnPH3Z1_5_V_o_ap_vld             | out |    1|   ap_ovld  |       curnPH3Z1_5_V      |    pointer   |
|curnPH3Z1_6_V_i                    |  in |    6|   ap_ovld  |       curnPH3Z1_6_V      |    pointer   |
|curnPH3Z1_6_V_o                    | out |    6|   ap_ovld  |       curnPH3Z1_6_V      |    pointer   |
|curnPH3Z1_6_V_o_ap_vld             | out |    1|   ap_ovld  |       curnPH3Z1_6_V      |    pointer   |
|curnPH3Z1_7_V_i                    |  in |    6|   ap_ovld  |       curnPH3Z1_7_V      |    pointer   |
|curnPH3Z1_7_V_o                    | out |    6|   ap_ovld  |       curnPH3Z1_7_V      |    pointer   |
|curnPH3Z1_7_V_o_ap_vld             | out |    1|   ap_ovld  |       curnPH3Z1_7_V      |    pointer   |
|curnPH3Z1_8_V_i                    |  in |    6|   ap_ovld  |       curnPH3Z1_8_V      |    pointer   |
|curnPH3Z1_8_V_o                    | out |    6|   ap_ovld  |       curnPH3Z1_8_V      |    pointer   |
|curnPH3Z1_8_V_o_ap_vld             | out |    1|   ap_ovld  |       curnPH3Z1_8_V      |    pointer   |
|curnPH4Z1_0_V_i                    |  in |    6|   ap_ovld  |       curnPH4Z1_0_V      |    pointer   |
|curnPH4Z1_0_V_o                    | out |    6|   ap_ovld  |       curnPH4Z1_0_V      |    pointer   |
|curnPH4Z1_0_V_o_ap_vld             | out |    1|   ap_ovld  |       curnPH4Z1_0_V      |    pointer   |
|curnPH4Z1_1_V_i                    |  in |    6|   ap_ovld  |       curnPH4Z1_1_V      |    pointer   |
|curnPH4Z1_1_V_o                    | out |    6|   ap_ovld  |       curnPH4Z1_1_V      |    pointer   |
|curnPH4Z1_1_V_o_ap_vld             | out |    1|   ap_ovld  |       curnPH4Z1_1_V      |    pointer   |
|curnPH4Z1_2_V_i                    |  in |    6|   ap_ovld  |       curnPH4Z1_2_V      |    pointer   |
|curnPH4Z1_2_V_o                    | out |    6|   ap_ovld  |       curnPH4Z1_2_V      |    pointer   |
|curnPH4Z1_2_V_o_ap_vld             | out |    1|   ap_ovld  |       curnPH4Z1_2_V      |    pointer   |
|curnPH4Z1_3_V_i                    |  in |    6|   ap_ovld  |       curnPH4Z1_3_V      |    pointer   |
|curnPH4Z1_3_V_o                    | out |    6|   ap_ovld  |       curnPH4Z1_3_V      |    pointer   |
|curnPH4Z1_3_V_o_ap_vld             | out |    1|   ap_ovld  |       curnPH4Z1_3_V      |    pointer   |
|curnPH4Z1_4_V_i                    |  in |    6|   ap_ovld  |       curnPH4Z1_4_V      |    pointer   |
|curnPH4Z1_4_V_o                    | out |    6|   ap_ovld  |       curnPH4Z1_4_V      |    pointer   |
|curnPH4Z1_4_V_o_ap_vld             | out |    1|   ap_ovld  |       curnPH4Z1_4_V      |    pointer   |
|curnPH4Z1_5_V_i                    |  in |    6|   ap_ovld  |       curnPH4Z1_5_V      |    pointer   |
|curnPH4Z1_5_V_o                    | out |    6|   ap_ovld  |       curnPH4Z1_5_V      |    pointer   |
|curnPH4Z1_5_V_o_ap_vld             | out |    1|   ap_ovld  |       curnPH4Z1_5_V      |    pointer   |
|curnPH4Z1_6_V_i                    |  in |    6|   ap_ovld  |       curnPH4Z1_6_V      |    pointer   |
|curnPH4Z1_6_V_o                    | out |    6|   ap_ovld  |       curnPH4Z1_6_V      |    pointer   |
|curnPH4Z1_6_V_o_ap_vld             | out |    1|   ap_ovld  |       curnPH4Z1_6_V      |    pointer   |
|curnPH4Z1_7_V_i                    |  in |    6|   ap_ovld  |       curnPH4Z1_7_V      |    pointer   |
|curnPH4Z1_7_V_o                    | out |    6|   ap_ovld  |       curnPH4Z1_7_V      |    pointer   |
|curnPH4Z1_7_V_o_ap_vld             | out |    1|   ap_ovld  |       curnPH4Z1_7_V      |    pointer   |
|curnPH4Z1_8_V_i                    |  in |    6|   ap_ovld  |       curnPH4Z1_8_V      |    pointer   |
|curnPH4Z1_8_V_o                    | out |    6|   ap_ovld  |       curnPH4Z1_8_V      |    pointer   |
|curnPH4Z1_8_V_o_ap_vld             | out |    1|   ap_ovld  |       curnPH4Z1_8_V      |    pointer   |
|curnPH1Z2_0_V_i                    |  in |    6|   ap_ovld  |       curnPH1Z2_0_V      |    pointer   |
|curnPH1Z2_0_V_o                    | out |    6|   ap_ovld  |       curnPH1Z2_0_V      |    pointer   |
|curnPH1Z2_0_V_o_ap_vld             | out |    1|   ap_ovld  |       curnPH1Z2_0_V      |    pointer   |
|curnPH1Z2_1_V_i                    |  in |    6|   ap_ovld  |       curnPH1Z2_1_V      |    pointer   |
|curnPH1Z2_1_V_o                    | out |    6|   ap_ovld  |       curnPH1Z2_1_V      |    pointer   |
|curnPH1Z2_1_V_o_ap_vld             | out |    1|   ap_ovld  |       curnPH1Z2_1_V      |    pointer   |
|curnPH1Z2_2_V_i                    |  in |    6|   ap_ovld  |       curnPH1Z2_2_V      |    pointer   |
|curnPH1Z2_2_V_o                    | out |    6|   ap_ovld  |       curnPH1Z2_2_V      |    pointer   |
|curnPH1Z2_2_V_o_ap_vld             | out |    1|   ap_ovld  |       curnPH1Z2_2_V      |    pointer   |
|curnPH1Z2_3_V_i                    |  in |    6|   ap_ovld  |       curnPH1Z2_3_V      |    pointer   |
|curnPH1Z2_3_V_o                    | out |    6|   ap_ovld  |       curnPH1Z2_3_V      |    pointer   |
|curnPH1Z2_3_V_o_ap_vld             | out |    1|   ap_ovld  |       curnPH1Z2_3_V      |    pointer   |
|curnPH1Z2_4_V_i                    |  in |    6|   ap_ovld  |       curnPH1Z2_4_V      |    pointer   |
|curnPH1Z2_4_V_o                    | out |    6|   ap_ovld  |       curnPH1Z2_4_V      |    pointer   |
|curnPH1Z2_4_V_o_ap_vld             | out |    1|   ap_ovld  |       curnPH1Z2_4_V      |    pointer   |
|curnPH1Z2_5_V_i                    |  in |    6|   ap_ovld  |       curnPH1Z2_5_V      |    pointer   |
|curnPH1Z2_5_V_o                    | out |    6|   ap_ovld  |       curnPH1Z2_5_V      |    pointer   |
|curnPH1Z2_5_V_o_ap_vld             | out |    1|   ap_ovld  |       curnPH1Z2_5_V      |    pointer   |
|curnPH1Z2_6_V_i                    |  in |    6|   ap_ovld  |       curnPH1Z2_6_V      |    pointer   |
|curnPH1Z2_6_V_o                    | out |    6|   ap_ovld  |       curnPH1Z2_6_V      |    pointer   |
|curnPH1Z2_6_V_o_ap_vld             | out |    1|   ap_ovld  |       curnPH1Z2_6_V      |    pointer   |
|curnPH1Z2_7_V_i                    |  in |    6|   ap_ovld  |       curnPH1Z2_7_V      |    pointer   |
|curnPH1Z2_7_V_o                    | out |    6|   ap_ovld  |       curnPH1Z2_7_V      |    pointer   |
|curnPH1Z2_7_V_o_ap_vld             | out |    1|   ap_ovld  |       curnPH1Z2_7_V      |    pointer   |
|curnPH1Z2_8_V_i                    |  in |    6|   ap_ovld  |       curnPH1Z2_8_V      |    pointer   |
|curnPH1Z2_8_V_o                    | out |    6|   ap_ovld  |       curnPH1Z2_8_V      |    pointer   |
|curnPH1Z2_8_V_o_ap_vld             | out |    1|   ap_ovld  |       curnPH1Z2_8_V      |    pointer   |
|curnPH2Z2_0_V_i                    |  in |    6|   ap_ovld  |       curnPH2Z2_0_V      |    pointer   |
|curnPH2Z2_0_V_o                    | out |    6|   ap_ovld  |       curnPH2Z2_0_V      |    pointer   |
|curnPH2Z2_0_V_o_ap_vld             | out |    1|   ap_ovld  |       curnPH2Z2_0_V      |    pointer   |
|curnPH2Z2_1_V_i                    |  in |    6|   ap_ovld  |       curnPH2Z2_1_V      |    pointer   |
|curnPH2Z2_1_V_o                    | out |    6|   ap_ovld  |       curnPH2Z2_1_V      |    pointer   |
|curnPH2Z2_1_V_o_ap_vld             | out |    1|   ap_ovld  |       curnPH2Z2_1_V      |    pointer   |
|curnPH2Z2_2_V_i                    |  in |    6|   ap_ovld  |       curnPH2Z2_2_V      |    pointer   |
|curnPH2Z2_2_V_o                    | out |    6|   ap_ovld  |       curnPH2Z2_2_V      |    pointer   |
|curnPH2Z2_2_V_o_ap_vld             | out |    1|   ap_ovld  |       curnPH2Z2_2_V      |    pointer   |
|curnPH2Z2_3_V_i                    |  in |    6|   ap_ovld  |       curnPH2Z2_3_V      |    pointer   |
|curnPH2Z2_3_V_o                    | out |    6|   ap_ovld  |       curnPH2Z2_3_V      |    pointer   |
|curnPH2Z2_3_V_o_ap_vld             | out |    1|   ap_ovld  |       curnPH2Z2_3_V      |    pointer   |
|curnPH2Z2_4_V_i                    |  in |    6|   ap_ovld  |       curnPH2Z2_4_V      |    pointer   |
|curnPH2Z2_4_V_o                    | out |    6|   ap_ovld  |       curnPH2Z2_4_V      |    pointer   |
|curnPH2Z2_4_V_o_ap_vld             | out |    1|   ap_ovld  |       curnPH2Z2_4_V      |    pointer   |
|curnPH2Z2_5_V_i                    |  in |    6|   ap_ovld  |       curnPH2Z2_5_V      |    pointer   |
|curnPH2Z2_5_V_o                    | out |    6|   ap_ovld  |       curnPH2Z2_5_V      |    pointer   |
|curnPH2Z2_5_V_o_ap_vld             | out |    1|   ap_ovld  |       curnPH2Z2_5_V      |    pointer   |
|curnPH2Z2_6_V_i                    |  in |    6|   ap_ovld  |       curnPH2Z2_6_V      |    pointer   |
|curnPH2Z2_6_V_o                    | out |    6|   ap_ovld  |       curnPH2Z2_6_V      |    pointer   |
|curnPH2Z2_6_V_o_ap_vld             | out |    1|   ap_ovld  |       curnPH2Z2_6_V      |    pointer   |
|curnPH2Z2_7_V_i                    |  in |    6|   ap_ovld  |       curnPH2Z2_7_V      |    pointer   |
|curnPH2Z2_7_V_o                    | out |    6|   ap_ovld  |       curnPH2Z2_7_V      |    pointer   |
|curnPH2Z2_7_V_o_ap_vld             | out |    1|   ap_ovld  |       curnPH2Z2_7_V      |    pointer   |
|curnPH2Z2_8_V_i                    |  in |    6|   ap_ovld  |       curnPH2Z2_8_V      |    pointer   |
|curnPH2Z2_8_V_o                    | out |    6|   ap_ovld  |       curnPH2Z2_8_V      |    pointer   |
|curnPH2Z2_8_V_o_ap_vld             | out |    1|   ap_ovld  |       curnPH2Z2_8_V      |    pointer   |
|curnPH3Z2_0_V_i                    |  in |    6|   ap_ovld  |       curnPH3Z2_0_V      |    pointer   |
|curnPH3Z2_0_V_o                    | out |    6|   ap_ovld  |       curnPH3Z2_0_V      |    pointer   |
|curnPH3Z2_0_V_o_ap_vld             | out |    1|   ap_ovld  |       curnPH3Z2_0_V      |    pointer   |
|curnPH3Z2_1_V_i                    |  in |    6|   ap_ovld  |       curnPH3Z2_1_V      |    pointer   |
|curnPH3Z2_1_V_o                    | out |    6|   ap_ovld  |       curnPH3Z2_1_V      |    pointer   |
|curnPH3Z2_1_V_o_ap_vld             | out |    1|   ap_ovld  |       curnPH3Z2_1_V      |    pointer   |
|curnPH3Z2_2_V_i                    |  in |    6|   ap_ovld  |       curnPH3Z2_2_V      |    pointer   |
|curnPH3Z2_2_V_o                    | out |    6|   ap_ovld  |       curnPH3Z2_2_V      |    pointer   |
|curnPH3Z2_2_V_o_ap_vld             | out |    1|   ap_ovld  |       curnPH3Z2_2_V      |    pointer   |
|curnPH3Z2_3_V_i                    |  in |    6|   ap_ovld  |       curnPH3Z2_3_V      |    pointer   |
|curnPH3Z2_3_V_o                    | out |    6|   ap_ovld  |       curnPH3Z2_3_V      |    pointer   |
|curnPH3Z2_3_V_o_ap_vld             | out |    1|   ap_ovld  |       curnPH3Z2_3_V      |    pointer   |
|curnPH3Z2_4_V_i                    |  in |    6|   ap_ovld  |       curnPH3Z2_4_V      |    pointer   |
|curnPH3Z2_4_V_o                    | out |    6|   ap_ovld  |       curnPH3Z2_4_V      |    pointer   |
|curnPH3Z2_4_V_o_ap_vld             | out |    1|   ap_ovld  |       curnPH3Z2_4_V      |    pointer   |
|curnPH3Z2_5_V_i                    |  in |    6|   ap_ovld  |       curnPH3Z2_5_V      |    pointer   |
|curnPH3Z2_5_V_o                    | out |    6|   ap_ovld  |       curnPH3Z2_5_V      |    pointer   |
|curnPH3Z2_5_V_o_ap_vld             | out |    1|   ap_ovld  |       curnPH3Z2_5_V      |    pointer   |
|curnPH3Z2_6_V_i                    |  in |    6|   ap_ovld  |       curnPH3Z2_6_V      |    pointer   |
|curnPH3Z2_6_V_o                    | out |    6|   ap_ovld  |       curnPH3Z2_6_V      |    pointer   |
|curnPH3Z2_6_V_o_ap_vld             | out |    1|   ap_ovld  |       curnPH3Z2_6_V      |    pointer   |
|curnPH3Z2_7_V_i                    |  in |    6|   ap_ovld  |       curnPH3Z2_7_V      |    pointer   |
|curnPH3Z2_7_V_o                    | out |    6|   ap_ovld  |       curnPH3Z2_7_V      |    pointer   |
|curnPH3Z2_7_V_o_ap_vld             | out |    1|   ap_ovld  |       curnPH3Z2_7_V      |    pointer   |
|curnPH3Z2_8_V_i                    |  in |    6|   ap_ovld  |       curnPH3Z2_8_V      |    pointer   |
|curnPH3Z2_8_V_o                    | out |    6|   ap_ovld  |       curnPH3Z2_8_V      |    pointer   |
|curnPH3Z2_8_V_o_ap_vld             | out |    1|   ap_ovld  |       curnPH3Z2_8_V      |    pointer   |
|curnPH4Z2_0_V_i                    |  in |    6|   ap_ovld  |       curnPH4Z2_0_V      |    pointer   |
|curnPH4Z2_0_V_o                    | out |    6|   ap_ovld  |       curnPH4Z2_0_V      |    pointer   |
|curnPH4Z2_0_V_o_ap_vld             | out |    1|   ap_ovld  |       curnPH4Z2_0_V      |    pointer   |
|curnPH4Z2_1_V_i                    |  in |    6|   ap_ovld  |       curnPH4Z2_1_V      |    pointer   |
|curnPH4Z2_1_V_o                    | out |    6|   ap_ovld  |       curnPH4Z2_1_V      |    pointer   |
|curnPH4Z2_1_V_o_ap_vld             | out |    1|   ap_ovld  |       curnPH4Z2_1_V      |    pointer   |
|curnPH4Z2_2_V_i                    |  in |    6|   ap_ovld  |       curnPH4Z2_2_V      |    pointer   |
|curnPH4Z2_2_V_o                    | out |    6|   ap_ovld  |       curnPH4Z2_2_V      |    pointer   |
|curnPH4Z2_2_V_o_ap_vld             | out |    1|   ap_ovld  |       curnPH4Z2_2_V      |    pointer   |
|curnPH4Z2_3_V_i                    |  in |    6|   ap_ovld  |       curnPH4Z2_3_V      |    pointer   |
|curnPH4Z2_3_V_o                    | out |    6|   ap_ovld  |       curnPH4Z2_3_V      |    pointer   |
|curnPH4Z2_3_V_o_ap_vld             | out |    1|   ap_ovld  |       curnPH4Z2_3_V      |    pointer   |
|curnPH4Z2_4_V_i                    |  in |    6|   ap_ovld  |       curnPH4Z2_4_V      |    pointer   |
|curnPH4Z2_4_V_o                    | out |    6|   ap_ovld  |       curnPH4Z2_4_V      |    pointer   |
|curnPH4Z2_4_V_o_ap_vld             | out |    1|   ap_ovld  |       curnPH4Z2_4_V      |    pointer   |
|curnPH4Z2_5_V_i                    |  in |    6|   ap_ovld  |       curnPH4Z2_5_V      |    pointer   |
|curnPH4Z2_5_V_o                    | out |    6|   ap_ovld  |       curnPH4Z2_5_V      |    pointer   |
|curnPH4Z2_5_V_o_ap_vld             | out |    1|   ap_ovld  |       curnPH4Z2_5_V      |    pointer   |
|curnPH4Z2_6_V_i                    |  in |    6|   ap_ovld  |       curnPH4Z2_6_V      |    pointer   |
|curnPH4Z2_6_V_o                    | out |    6|   ap_ovld  |       curnPH4Z2_6_V      |    pointer   |
|curnPH4Z2_6_V_o_ap_vld             | out |    1|   ap_ovld  |       curnPH4Z2_6_V      |    pointer   |
|curnPH4Z2_7_V_i                    |  in |    6|   ap_ovld  |       curnPH4Z2_7_V      |    pointer   |
|curnPH4Z2_7_V_o                    | out |    6|   ap_ovld  |       curnPH4Z2_7_V      |    pointer   |
|curnPH4Z2_7_V_o_ap_vld             | out |    1|   ap_ovld  |       curnPH4Z2_7_V      |    pointer   |
|curnPH4Z2_8_V_i                    |  in |    6|   ap_ovld  |       curnPH4Z2_8_V      |    pointer   |
|curnPH4Z2_8_V_o                    | out |    6|   ap_ovld  |       curnPH4Z2_8_V      |    pointer   |
|curnPH4Z2_8_V_o_ap_vld             | out |    1|   ap_ovld  |       curnPH4Z2_8_V      |    pointer   |
+-----------------------------------+-----+-----+------------+--------------------------+--------------+

